Component: Arm Compiler for Embedded 6.19 Tool: armlink [5e73cb00]

==============================================================================

Section Cross References

    startup_stm32f40_41xxx.o(STACK) refers (Special) to heapauxi.o(.text) for __use_two_region_memory
    startup_stm32f40_41xxx.o(HEAP) refers (Special) to heapauxi.o(.text) for __use_two_region_memory
    startup_stm32f40_41xxx.o(RESET) refers (Special) to heapauxi.o(.text) for __use_two_region_memory
    startup_stm32f40_41xxx.o(RESET) refers to startup_stm32f40_41xxx.o(STACK) for __initial_sp
    startup_stm32f40_41xxx.o(RESET) refers to startup_stm32f40_41xxx.o(.text) for Reset_Handler
    startup_stm32f40_41xxx.o(RESET) refers to stm32f4xx_it.o(.text.NMI_Handler) for NMI_Handler
    startup_stm32f40_41xxx.o(RESET) refers to stm32f4xx_it.o(.text.HardFault_Handler) for HardFault_Handler
    startup_stm32f40_41xxx.o(RESET) refers to stm32f4xx_it.o(.text.MemManage_Handler) for MemManage_Handler
    startup_stm32f40_41xxx.o(RESET) refers to stm32f4xx_it.o(.text.BusFault_Handler) for BusFault_Handler
    startup_stm32f40_41xxx.o(RESET) refers to stm32f4xx_it.o(.text.UsageFault_Handler) for UsageFault_Handler
    startup_stm32f40_41xxx.o(RESET) refers to port.o(.text.SVC_Handler) for SVC_Handler
    startup_stm32f40_41xxx.o(RESET) refers to stm32f4xx_it.o(.text.DebugMon_Handler) for DebugMon_Handler
    startup_stm32f40_41xxx.o(RESET) refers to port.o(.text.PendSV_Handler) for PendSV_Handler
    startup_stm32f40_41xxx.o(RESET) refers to port.o(.text.SysTick_Handler) for SysTick_Handler
    startup_stm32f40_41xxx.o(RESET) refers to stm32f4xx_it.o(.text.DMA1_Stream3_IRQHandler) for DMA1_Stream3_IRQHandler
    startup_stm32f40_41xxx.o(RESET) refers to stm32f4xx_it.o(.text.DMA1_Stream4_IRQHandler) for DMA1_Stream4_IRQHandler
    startup_stm32f40_41xxx.o(RESET) refers to stm32f4xx_it.o(.text.DMA1_Stream6_IRQHandler) for DMA1_Stream6_IRQHandler
    startup_stm32f40_41xxx.o(RESET) refers to stm32f4xx_it.o(.text.TIM1_CC_IRQHandler) for TIM1_CC_IRQHandler
    startup_stm32f40_41xxx.o(RESET) refers to stm32f4xx_it.o(.text.TIM4_IRQHandler) for TIM4_IRQHandler
    startup_stm32f40_41xxx.o(RESET) refers to stm32f4xx_it.o(.text.I2C1_EV_IRQHandler) for I2C1_EV_IRQHandler
    startup_stm32f40_41xxx.o(RESET) refers to stm32f4xx_it.o(.text.I2C1_ER_IRQHandler) for I2C1_ER_IRQHandler
    startup_stm32f40_41xxx.o(RESET) refers to stm32f4xx_it.o(.text.SPI1_IRQHandler) for SPI1_IRQHandler
    startup_stm32f40_41xxx.o(RESET) refers to stm32f4xx_it.o(.text.SPI2_IRQHandler) for SPI2_IRQHandler
    startup_stm32f40_41xxx.o(RESET) refers to stm32f4xx_it.o(.text.USART1_IRQHandler) for USART1_IRQHandler
    startup_stm32f40_41xxx.o(RESET) refers to stm32f4xx_it.o(.text.USART2_IRQHandler) for USART2_IRQHandler
    startup_stm32f40_41xxx.o(RESET) refers to stm32f4xx_it.o(.text.USART3_IRQHandler) for USART3_IRQHandler
    startup_stm32f40_41xxx.o(RESET) refers to stm32f4xx_it.o(.text.DMA1_Stream7_IRQHandler) for DMA1_Stream7_IRQHandler
    startup_stm32f40_41xxx.o(RESET) refers to stm32f4xx_it.o(.text.TIM5_IRQHandler) for TIM5_IRQHandler
    startup_stm32f40_41xxx.o(RESET) refers to stm32f4xx_it.o(.text.UART4_IRQHandler) for UART4_IRQHandler
    startup_stm32f40_41xxx.o(RESET) refers to stm32f4xx_it.o(.text.UART5_IRQHandler) for UART5_IRQHandler
    startup_stm32f40_41xxx.o(RESET) refers to stm32f4xx_it.o(.text.TIM6_DAC_IRQHandler) for TIM6_DAC_IRQHandler
    startup_stm32f40_41xxx.o(RESET) refers to stm32f4xx_it.o(.text.TIM7_IRQHandler) for TIM7_IRQHandler
    startup_stm32f40_41xxx.o(RESET) refers to stm32f4xx_it.o(.text.DMA2_Stream7_IRQHandler) for DMA2_Stream7_IRQHandler
    startup_stm32f40_41xxx.o(RESET) refers to stm32f4xx_it.o(.text.USART6_IRQHandler) for USART6_IRQHandler
    startup_stm32f40_41xxx.o(.text) refers (Special) to heapauxi.o(.text) for __use_two_region_memory
    startup_stm32f40_41xxx.o(.text) refers to system_stm32f4xx.o(.text.SystemInit) for SystemInit
    startup_stm32f40_41xxx.o(.text) refers to __main.o(!!!main) for __main
    startup_stm32f40_41xxx.o(.text) refers to startup_stm32f40_41xxx.o(HEAP) for Heap_Mem
    startup_stm32f40_41xxx.o(.text) refers to startup_stm32f40_41xxx.o(STACK) for Stack_Mem
    main.o(.text.main) refers to stm32f4xx_hal.o(.text.HAL_Init) for HAL_Init
    main.o(.text.main) refers to main.o(.text.SystemClock_Config) for SystemClock_Config
    main.o(.text.main) refers to gpio.o(.text.MX_GPIO_Init) for MX_GPIO_Init
    main.o(.text.main) refers to dma.o(.text.MX_DMA_Init) for MX_DMA_Init
    main.o(.text.main) refers to i2c.o(.text.MX_I2C1_Init) for MX_I2C1_Init
    main.o(.text.main) refers to spi.o(.text.MX_SPI1_Init) for MX_SPI1_Init
    main.o(.text.main) refers to spi.o(.text.MX_SPI2_Init) for MX_SPI2_Init
    main.o(.text.main) refers to tim.o(.text.MX_TIM1_Init) for MX_TIM1_Init
    main.o(.text.main) refers to tim.o(.text.MX_TIM3_Init) for MX_TIM3_Init
[...]
    MX_TIM3_Init                             0x08005b4d   Thumb Code   146  tim.o(.text.MX_TIM3_Init)
    MX_TIM4_Init                             0x08005be1   Thumb Code   146  tim.o(.text.MX_TIM4_Init)
    MX_TIM5_Init                             0x08005c75   Thumb Code   194  tim.o(.text.MX_TIM5_Init)
    MX_TIM6_Init                             0x08005d39   Thumb Code    82  tim.o(.text.MX_TIM6_Init)
    MX_TIM9_Init                             0x08005d8d   Thumb Code   124  tim.o(.text.MX_TIM9_Init)
    MX_UART4_Init                            0x08005e09   Thumb Code    60  usart.o(.text.MX_UART4_Init)
    MX_UART5_Init                            0x08005e45   Thumb Code    60  usart.o(.text.MX_UART5_Init)
    MX_USART1_UART_Init                      0x08005e81   Thumb Code    60  usart.o(.text.MX_USART1_UART_Init)
    MX_USART2_UART_Init                      0x08005ebd   Thumb Code    60  usart.o(.text.MX_USART2_UART_Init)
    MX_USART3_UART_Init                      0x08005ef9   Thumb Code    60  usart.o(.text.MX_USART3_UART_Init)
    MX_USART6_UART_Init                      0x08005f35   Thumb Code    72  usart.o(.text.MX_USART6_UART_Init)
    MX_USB_OTG_FS_HCD_Init                   0x08005f7d   Thumb Code    54  usb_otg.o(.text.MX_USB_OTG_FS_HCD_Init)
    MemManage_Handler                        0x08005fb5   Thumb Code     2  stm32f4xx_it.o(.text.MemManage_Handler)
    Motor_Task_Proc                          0x08005fb9   Thumb Code  1076  motor_proc.o(.text.Motor_Task_Proc)
    NMI_Handler                              0x080063ed   Thumb Code     2  stm32f4xx_it.o(.text.NMI_Handler)
    OLED_Clear                               0x080063f1   Thumb Code   238  oled_proc.o(.text.OLED_Clear)
    OLED_Init                                0x080064e1   Thumb Code   118  oled_proc.o(.text.OLED_Init)
    OLED_Set_Pos                             0x08006559   Thumb Code   172  oled_proc.o(.text.OLED_Set_Pos)
    OLED_ShowChar                            0x08006605   Thumb Code   328  oled_proc.o(.text.OLED_ShowChar)
    OLED_Task_Proc                           0x0800674d   Thumb Code   644  oled_proc.o(.text.OLED_Task_Proc)
    PC_Task_Proc                             0x08006a19   Thumb Code    16  pc_proc.o(.text.PC_Task_Proc)
    PID_Control                              0x08006a29   Thumb Code   292  pid.o(.text.PID_Control)
    PendSV_Handler                           0x08006b51   Thumb Code   100  port.o(.text.PendSV_Handler)
    RGB_Task_Proc                            0x08006bb5   Thumb Code   242  led_proc.o(.text.RGB_Task_Proc)
    SPI1_IRQHandler                          0x08006ca9   Thumb Code    12  stm32f4xx_it.o(.text.SPI1_IRQHandler)
    SPI2_IRQHandler                          0x08006cb5   Thumb Code    12  stm32f4xx_it.o(.text.SPI2_IRQHandler)
    SPI_SingleWirteAndRead                   0x08006ccd   Thumb Code    64  spi.o(.text.SPI_SingleWirteAndRead)
    SVC_Handler                              0x08006de1   Thumb Code    36  port.o(.text.SVC_Handler)
    Sbus_Channels_Proc                       0x08006e05   Thumb Code   334  sbus_proc.o(.text.Sbus_Channels_Proc)
    Sbus_Uart6_IDLE_Proc                     0x08006f55   Thumb Code    46  sbus_proc.o(.text.Sbus_Uart6_IDLE_Proc)
    Sbus_Uart6_Task_Proc                     0x08006f85   Thumb Code   520  sbus_proc.o(.text.Sbus_Uart6_Task_Proc)
    Sensor_Data_Task_Proc                    0x0800718d   Thumb Code    48  ahrs.o(.text.Sensor_Data_Task_Proc)
    SysTick_Handler                          0x080071bd   Thumb Code    46  port.o(.text.SysTick_Handler)
    SystemClock_Config                       0x080071ed   Thumb Code   178  main.o(.text.SystemClock_Config)
    SystemInit                               0x080072a1   Thumb Code    18  system_stm32f4xx.o(.text.SystemInit)
    TIM1_CC_IRQHandler                       0x080072b5   Thumb Code    12  stm32f4xx_it.o(.text.TIM1_CC_IRQHandler)
    TIM4_IRQHandler                          0x080072c1   Thumb Code    12  stm32f4xx_it.o(.text.TIM4_IRQHandler)
    TIM5_IRQHandler                          0x080072cd   Thumb Code    12  stm32f4xx_it.o(.text.TIM5_IRQHandler)
    TIM6_DAC_IRQHandler                      0x080072d9   Thumb Code    12  stm32f4xx_it.o(.text.TIM6_DAC_IRQHandler)
    TIM7_IRQHandler                          0x080072e5   Thumb Code    12  stm32f4xx_it.o(.text.TIM7_IRQHandler)
    TIM_Base_SetConfig                       0x080072f1   Thumb Code   292  stm32f4xx_hal_tim.o(.text.TIM_Base_SetConfig)
    UART4_IRQHandler                         0x08007415   Thumb Code    12  stm32f4xx_it.o(.text.UART4_IRQHandler)
    UART5_IRQHandler                         0x08007421   Thumb Code    12  stm32f4xx_it.o(.text.UART5_IRQHandler)
    USART1_IRQHandler                        0x08007719   Thumb Code    12  stm32f4xx_it.o(.text.USART1_IRQHandler)
    USART2_IRQHandler                        0x08007725   Thumb Code    12  stm32f4xx_it.o(.text.USART2_IRQHandler)
    USART3_IRQHandler                        0x08007731   Thumb Code    12  stm32f4xx_it.o(.text.USART3_IRQHandler)
    USART6_IRQHandler                        0x0800773d   Thumb Code    12  stm32f4xx_it.o(.text.USART6_IRQHandler)
    USB_CoreInit                             0x08007749   Thumb Code   248  stm32f4xx_ll_usb.o(.text.USB_CoreInit)
    USB_DisableGlobalInt                     0x08007841   Thumb Code    14  stm32f4xx_ll_usb.o(.text.USB_DisableGlobalInt)
    USB_HostInit                             0x08007851   Thumb Code   254  stm32f4xx_ll_usb.o(.text.USB_HostInit)
    USB_SetCurrentMode                       0x08007951   Thumb Code   100  stm32f4xx_ll_usb.o(.text.USB_SetCurrentMode)
    UsageFault_Handler                       0x080079b5   Thumb Code     2  stm32f4xx_it.o(.text.UsageFault_Handler)
    W25QXX_Init                              0x080079b9   Thumb Code   146  flash_proc.o(.text.W25QXX_Init)
    W25QXX_ReadCapacity                      0x08007a4d   Thumb Code   358  flash_proc.o(.text.W25QXX_ReadCapacity)
    W25QXX_ReadID                            0x08007bb5   Thumb Code   314  flash_proc.o(.text.W25QXX_ReadID)
    W25QXX_ReadUniqueID                      0x08007cf1   Thumb Code   344  flash_proc.o(.text.W25QXX_ReadUniqueID)
    configureTimerForRunTimeStats            0x08007e49   Thumb Code     2  freertos.o(.text.configureTimerForRunTimeStats)
    getRunTimeCounterValue                   0x08007e4d   Thumb Code     4  freertos.o(.text.getRunTimeCounterValue)
    main                                     0x08007e51   Thumb Code   286  main.o(.text.main)
    osDelay                                  0x08007f71   Thumb Code    16  cmsis_os.o(.text.osDelay)
    osKernelStart                            0x08007f81   Thumb Code    10  cmsis_os.o(.text.osKernelStart)
    osThreadCreate                           0x08007f8d   Thumb Code    94  cmsis_os.o(.text.osThreadCreate)
    pvPortMalloc                             0x08008729   Thumb Code   454  heap_4.o(.text.pvPortMalloc)
    pxPortInitialiseStack                    0x080088f1   Thumb Code    40  port.o(.text.pxPortInitialiseStack)
    uxListRemove                             0x08008919   Thumb Code    36  list.o(.text.uxListRemove)
    vApplicationGetIdleTaskMemory            0x0800893d   Thumb Code    26  freertos.o(.text.vApplicationGetIdleTaskMemory)
    vApplicationGetTimerTaskMemory           0x08008959   Thumb Code    28  freertos.o(.text.vApplicationGetTimerTaskMemory)
    vListInitialise                          0x08008975   Thumb Code    22  list.o(.text.vListInitialise)
    vListInitialiseItem                      0x0800898d   Thumb Code     6  list.o(.text.vListInitialiseItem)
    vListInsert                              0x08008995   Thumb Code    58  list.o(.text.vListInsert)
    vListInsertEnd                           0x080089d1   Thumb Code    28  list.o(.text.vListInsertEnd)
    vPortEnterCritical                       0x08008a01   Thumb Code    70  port.o(.text.vPortEnterCritical)
    vPortExitCritical                        0x08008a49   Thumb Code    46  port.o(.text.vPortExitCritical)
    vPortFree                                0x08008a79   Thumb Code   210  heap_4.o(.text.vPortFree)
    vPortSetupTimerInterrupt                 0x08008b4d   Thumb Code    52  port.o(.text.vPortSetupTimerInterrupt)
    vQueueAddToRegistry                      0x08008b81   Thumb Code    40  queue.o(.text.vQueueAddToRegistry)
    vQueueWaitForMessageRestricted           0x08008ba9   Thumb Code    70  queue.o(.text.vQueueWaitForMessageRestricted)
    vTaskDelay                               0x08008bf1   Thumb Code   194  tasks.o(.text.vTaskDelay)
    vTaskDelayUntil                          0x08008cb5   Thumb Code   266  tasks.o(.text.vTaskDelayUntil)
    vTaskInternalSetTimeOutState             0x08008dc1   Thumb Code    26  tasks.o(.text.vTaskInternalSetTimeOutState)
    vTaskMissedYield                         0x08008ddd   Thumb Code    14  tasks.o(.text.vTaskMissedYield)
    vTaskPlaceOnEventList                    0x08008ded   Thumb Code    54  tasks.o(.text.vTaskPlaceOnEventList)
    vTaskPlaceOnEventListRestricted          0x08008e25   Thumb Code    62  tasks.o(.text.vTaskPlaceOnEventListRestricted)
    vTaskStartScheduler                      0x08008e65   Thumb Code   160  tasks.o(.text.vTaskStartScheduler)
    vTaskSuspendAll                          0x08008f0d   Thumb Code    16  tasks.o(.text.vTaskSuspendAll)
    vTaskSwitchContext                       0x08008f1d   Thumb Code   170  tasks.o(.text.vTaskSwitchContext)
    xPortStartScheduler                      0x08008fc9   Thumb Code   306  port.o(.text.xPortStartScheduler)
    xQueueGenericCreateStatic                0x080090fd   Thumb Code   218  queue.o(.text.xQueueGenericCreateStatic)
    xQueueGenericSend                        0x080091d9   Thumb Code   530  queue.o(.text.xQueueGenericSend)
    xQueueReceive                            0x080093ed   Thumb Code   424  queue.o(.text.xQueueReceive)
    xTaskCheckForTimeOut                     0x08009595   Thumb Code   142  tasks.o(.text.xTaskCheckForTimeOut)
    xTaskCreate                              0x08009625   Thumb Code   222  tasks.o(.text.xTaskCreate)
    xTaskCreateStatic                        0x08009705   Thumb Code   234  tasks.o(.text.xTaskCreateStatic)
    xTaskGetSchedulerState                   0x080097f1   Thumb Code    38  tasks.o(.text.xTaskGetSchedulerState)
    xTaskGetTickCount                        0x08009819   Thumb Code    12  tasks.o(.text.xTaskGetTickCount)
    xTaskIncrementTick                       0x08009825   Thumb Code   384  tasks.o(.text.xTaskIncrementTick)
    xTaskPriorityDisinherit                  0x080099a5   Thumb Code   178  tasks.o(.text.xTaskPriorityDisinherit)
    xTaskRemoveFromEventList                 0x08009a59   Thumb Code   144  tasks.o(.text.xTaskRemoveFromEventList)
    xTaskResumeAll                           0x08009ae9   Thumb Code   316  tasks.o(.text.xTaskResumeAll)
    xTimerCreateTimerTask                    0x08009c25   Thumb Code   108  timers.o(.text.xTimerCreateTimerTask)
    _btod_d2e                                0x08009c99   Thumb Code    62  btod.o(CL$$btod_d2e)
    _d2e_denorm_low                          0x08009cd7   Thumb Code    70  btod.o(CL$$btod_d2e_denorm_low)
    _d2e_norm_op1                            0x08009d1d   Thumb Code    96  btod.o(CL$$btod_d2e_norm_op1)
    __btod_div_common                        0x08009d7d   Thumb Code   696  btod.o(CL$$btod_div_common)
    _e2e                                     0x0800a0b5   Thumb Code   220  btod.o(CL$$btod_e2e)
    _btod_ediv                               0x0800a191   Thumb Code    42  btod.o(CL$$btod_ediv)
    _btod_emul                               0x0800a1bb   Thumb Code    42  btod.o(CL$$btod_emul)
    __btod_mult_common                       0x0800a1e5   Thumb Code   580  btod.o(CL$$btod_mult_common)
    __ARM_fpclassify                         0x0800a429   Thumb Code    48  fpclassify.o(i.__ARM_fpclassify)
    __hardfp_ldexp                           0x0800a459   Thumb Code   200  ldexp.o(i.__hardfp_ldexp)
    __mathlib_dbl_overflow                   0x0800a529   Thumb Code    24  dunder.o(i.__mathlib_dbl_overflow)
    __mathlib_dbl_underflow                  0x0800a549   Thumb Code    24  dunder.o(i.__mathlib_dbl_underflow)
    _is_digit                                0x0800a569   Thumb Code    14  __printf_wp.o(i._is_digit)
    _get_lc_numeric                          0x0800a579   Thumb Code    44  lc_numeric_c.o(locale$$code)
    __aeabi_d2f                              0x0800a5a5   Thumb Code     0  d2f.o(x$fpl$d2f)
    _d2f                                     0x0800a5a5   Thumb Code    98  d2f.o(x$fpl$d2f)
    __fpl_dcheck_NaN1                        0x0800a609   Thumb Code    10  dcheck1.o(x$fpl$dcheck1)
    __fpl_dcmp_Inf                           0x0800a619   Thumb Code    24  dcmpi.o(x$fpl$dcmpinf)
    __aeabi_cdcmpeq                          0x0800a631   Thumb Code     0  deqf.o(x$fpl$deqf)
    _dcmpeq                                  0x0800a631   Thumb Code   120  deqf.o(x$fpl$deqf)
    __aeabi_dmul                             0x0800a6a9   Thumb Code     0  dmul.o(x$fpl$dmul)
    _dmul                                    0x0800a6a9   Thumb Code   332  dmul.o(x$fpl$dmul)
    __fpl_dnaninf                            0x0800a7fd   Thumb Code   156  dnaninf.o(x$fpl$dnaninf)
    __fpl_dretinf                            0x0800a899   Thumb Code    12  dretinf.o(x$fpl$dretinf)
    __aeabi_f2d                              0x0800a8a5   Thumb Code     0  f2d.o(x$fpl$f2d)
    _f2d                                     0x0800a8a5   Thumb Code    86  f2d.o(x$fpl$f2d)
    __fpl_fnaninf                            0x0800a8fb   Thumb Code   140  fnaninf.o(x$fpl$fnaninf)
    _fp_init                                 0x0800a987   Thumb Code    26  fpinit.o(x$fpl$fpinit)
    __fplib_config_fpu_vfp                   0x0800a99f   Thumb Code     0  fpinit.o(x$fpl$fpinit)
    __fplib_config_pureend_doubles           0x0800a99f   Thumb Code     0  fpinit.o(x$fpl$fpinit)
    __fpl_fretinf                            0x0800a9a1   Thumb Code    10  fretinf.o(x$fpl$fretinf)
    _printf_fp_dec                           0x0800a9ab   Thumb Code     4  printf1.o(x$fpl$printf1)
    __fpl_return_NaN                         0x0800a9af   Thumb Code   100  retnan.o(x$fpl$retnan)
    __ARM_scalbn                             0x0800aa13   Thumb Code    92  scalbn.o(x$fpl$scalbn)
    __fpl_cmpreturn                          0x0800aa6f   Thumb Code    48  trapv.o(x$fpl$trapveneer)
    __I$use$fp                               0x0800aa9e   Number         0  usenofp.o(x$fpl$usenofp)
    AHBPrescTable                            0x0800abec   Data          16  system_stm32f4xx.o(.rodata.AHBPrescTable)
    APBPrescTable                            0x0800abfc   Data           8  system_stm32f4xx.o(.rodata.APBPrescTable)
    F6x8                                     0x0800ac04   Data         552  oledfont.o(.rodata.F6x8)
    F8X16                                    0x0800ae2c   Data        1504  oledfont.o(.rodata.F8X16)
    Region$$Table$$Base                      0x0800b498   Number         0  anon$$obj.o(Region$$Table)
    Region$$Table$$Limit                     0x0800b4b8   Number         0  anon$$obj.o(Region$$Table)
    AccCalFlag                               0x20000000   Data           1  ahrs.o(.data.AccCalFlag)
    GyroCalFlag                              0x20000001   Data           1  ahrs.o(.data.GyroCalFlag)
    OLED_Init_CMD_Data                       0x20000002   Data          23  oled_proc.o(.data.OLED_Init_CMD_Data)
    SystemCoreClock                          0x2000001c   Data           4  system_stm32f4xx.o(.data.SystemCoreClock)
    uwTickFreq                               0x20000020   Data           1  stm32f4xx_hal.o(.data.uwTickFreq)
    uwTickPrio                               0x20000024   Data           4  stm32f4xx_hal.o(.data.uwTickPrio)
    __libspace_start                         0x20000030   Data          96  libspace.o(.bss)
    BleLogRxBuf                              0x20000090   Data         100  main.o(.bss.BleLogRxBuf)
    __temporary_stack_top$libspace           0x20000090   Data           0  libspace.o(.bss)
    BleUart3TaskHandle                       0x200000f4   Data           4  uart3_ble_proc.o(.bss.BleUart3TaskHandle)
    BuzzerTaskHandle                         0x200000f8   Data           4  buzzer_proc.o(.bss.BuzzerTaskHandle)
    CAL_SBUS_CH                              0x200000fc   Data          36  sbus_proc.o(.bss.CAL_SBUS_CH)
    FlashTaskHandle                          0x20000120   Data           4  flash_proc.o(.bss.FlashTaskHandle)
    FlowTaskHandle                           0x20000124   Data           4  flow_proc.o(.bss.FlowTaskHandle)
    KeyTaskHandle                            0x20000128   Data           4  key_proc.o(.bss.KeyTaskHandle)
    MotorTaskHandle                          0x2000012c   Data           4  motor_proc.o(.bss.MotorTaskHandle)
    OLEDTaskHandle                           0x20000130   Data           4  oled_proc.o(.bss.OLEDTaskHandle)
    PCTaskHandle                             0x20000134   Data           4  pc_proc.o(.bss.PCTaskHandle)
    RGBTaskHandle                            0x20000138   Data           4  led_proc.o(.bss.RGBTaskHandle)
    SBUS_CH                                  0x20000142   Data          66  sbus_proc.o(.bss.SBUS_CH)
    SbusChannels                             0x20000184   Data          32  sbus_proc.o(.bss.SbusChannels)
    SbusRxBuf                                0x200001a4   Data         100  main.o(.bss.SbusRxBuf)
    SbusUart6TaskHandle                      0x20000208   Data           4  sbus_proc.o(.bss.SbusUart6TaskHandle)
    SensorDataTaskHandle                     0x2000020c   Data           4  ahrs.o(.bss.SensorDataTaskHandle)
    W25QXX_SIZE                              0x20000214   Data           4  flash_proc.o(.bss.W25QXX_SIZE)
    W25QXX_TYPE                              0x20000218   Data           2  flash_proc.o(.bss.W25QXX_TYPE)
    W25QXX_UID                               0x2000021a   Data           8  flash_proc.o(.bss.W25QXX_UID)
    attitude_t                               0x20000224   Data          40  ahrs.o(.bss.attitude_t)
    hdma_spi1_rx                             0x2000024c   Data          96  spi.o(.bss.hdma_spi1_rx)
    hdma_spi1_tx                             0x200002ac   Data          96  spi.o(.bss.hdma_spi1_tx)
    hdma_spi2_rx                             0x2000030c   Data          96  spi.o(.bss.hdma_spi2_rx)
    hdma_uart4_rx                            0x2000036c   Data          96  usart.o(.bss.hdma_uart4_rx)
    hdma_uart5_rx                            0x200003cc   Data          96  usart.o(.bss.hdma_uart5_rx)
    hdma_uart5_tx                            0x2000042c   Data          96  usart.o(.bss.hdma_uart5_tx)
    hdma_usart1_rx                           0x2000048c   Data          96  usart.o(.bss.hdma_usart1_rx)
    hdma_usart1_tx                           0x200004ec   Data          96  usart.o(.bss.hdma_usart1_tx)
    hdma_usart2_rx                           0x2000054c   Data          96  usart.o(.bss.hdma_usart2_rx)
    hdma_usart2_tx                           0x200005ac   Data          96  usart.o(.bss.hdma_usart2_tx)
    hdma_usart3_rx                           0x2000060c   Data          96  usart.o(.bss.hdma_usart3_rx)
    hdma_usart3_tx                           0x2000066c   Data          96  usart.o(.bss.hdma_usart3_tx)
    hdma_usart6_rx                           0x200006cc   Data          96  usart.o(.bss.hdma_usart6_rx)
    hhcd_USB_OTG_FS                          0x2000072c   Data         772  usb_otg.o(.bss.hhcd_USB_OTG_FS)
    hi2c1                                    0x20000a30   Data          84  i2c.o(.bss.hi2c1)
    hspi1                                    0x20000a84   Data          88  spi.o(.bss.hspi1)
    hspi2                                    0x20000adc   Data          88  spi.o(.bss.hspi2)
    htim1                                    0x20000b34   Data          72  tim.o(.bss.htim1)
    htim10                                   0x20000b7c   Data          72  tim.o(.bss.htim10)
    htim11                                   0x20000bc4   Data          72  tim.o(.bss.htim11)
    htim12                                   0x20000c0c   Data          72  tim.o(.bss.htim12)
    htim3                                    0x20000c54   Data          72  tim.o(.bss.htim3)
    htim4                                    0x20000c9c   Data          72  tim.o(.bss.htim4)
    htim5                                    0x20000ce4   Data          72  tim.o(.bss.htim5)
    htim6                                    0x20000d2c   Data          72  tim.o(.bss.htim6)
    htim7                                    0x20000d74   Data          72  stm32f4xx_hal_timebase_tim.o(.bss.htim7)
    htim9                                    0x20000dbc   Data          72  tim.o(.bss.htim9)
    huart1                                   0x20000e04   Data          68  usart.o(.bss.huart1)
    huart2                                   0x20000e48   Data          68  usart.o(.bss.huart2)
    huart3                                   0x20000e8c   Data          68  usart.o(.bss.huart3)
    huart4                                   0x20000ed0   Data          68  usart.o(.bss.huart4)
    huart5                                   0x20000f14   Data          68  usart.o(.bss.huart5)
    huart6                                   0x20000f58   Data          68  usart.o(.bss.huart6)
    imudata_all                              0x20000f9c   Data         116  ahrs.o(.bss.imudata_all)
    pxCurrentTCB                             0x200010dc   Data           4  tasks.o(.bss.pxCurrentTCB)
    sensorTimeCount                          0x20001180   Data           4  ahrs.o(.bss.sensorTimeCount)
    uart1RX                                  0x20001184   Data         100  main.o(.bss.uart1RX)
    uart2RX                                  0x200011e8   Data         200  main.o(.bss.uart2RX)
    uart4RX                                  0x200012b0   Data         200  main.o(.bss.uart4RX)
    uart5RX                                  0x20001378   Data         200  main.o(.bss.uart5RX)
    uavSafeFlag                              0x20001440   Data           1  motor_proc.o(.bss.uavSafeFlag)
    uav_control_data                         0x20001444   Data         352  motor_proc.o(.bss.uav_control_data)
    ucLed                                    0x200051a4   Data           1  led_proc.o(.bss.ucLed)
    unlockCount                              0x200051b0   Data           4  motor_proc.o(.bss.unlockCount)
    uwTick                                   0x200051b4   Data           4  stm32f4xx_hal.o(.bss.uwTick)
    xQueueRegistry                           0x200054b4   Data          64  queue.o(.bss.xQueueRegistry)



==============================================================================

Memory Map of the image

  Image Entry point : 0x08000189

  Load Region LR_IROM1 (Base: 0x08000000, Size: 0x0000b508, Max: 0x00080000, ABSOLUTE)

    Execution Region ER_IROM1 (Exec base: 0x08000000, Load base: 0x08000000, Size: 0x0000b4d4, Max: 0x00080000, ABSOLUTE)

    Exec Addr    Load Addr    Size         Type   Attr      Idx    E Section Name        Object

    0x08000000   0x08000000   0x00000188   Data   RO            3    RESET               startup_stm32f40_41xxx.o
    0x08000188   0x08000188   0x00000008   Code   RO         2994  * !!!main             c_w.l(__main.o)
    0x08000190   0x08000190   0x00000034   Code   RO         3425    !!!scatter          c_w.l(__scatter.o)
    0x080001c4   0x080001c4   0x0000001a   Code   RO         3427    !!handler_copy      c_w.l(__scatter_copy.o)
    0x080001de   0x080001de   0x00000002   PAD
    0x080001e0   0x080001e0   0x0000001c   Code   RO         3429    !!handler_zi        c_w.l(__scatter_zi.o)
    0x080001fc   0x080001fc   0x00000000   Code   RO         2973    .ARM.Collect$$_printf_percent$$00000000  c_w.l(_printf_percent.o)
    0x080001fc   0x080001fc   0x00000006   Code   RO         2972    .ARM.Collect$$_printf_percent$$00000003  c_w.l(_printf_f.o)
    0x08000202   0x08000202   0x00000006   Code   RO         2971    .ARM.Collect$$_printf_percent$$0000000A  c_w.l(_printf_u.o)
    0x08000208   0x08000208   0x00000006   Code   RO         2970    .ARM.Collect$$_printf_percent$$00000013  c_w.l(_printf_c.o)
    0x0800020e   0x0800020e   0x00000004   Code   RO         3117    .ARM.Collect$$_printf_percent$$00000017  c_w.l(_printf_percent_end.o)
    0x08000212   0x08000212   0x00000002   Code   RO         3284    .ARM.Collect$$libinit$$00000000  c_w.l(libinit.o)
    0x08000214   0x08000214   0x00000004   Code   RO         3285    .ARM.Collect$$libinit$$00000001  c_w.l(libinit2.o)
    0x08000218   0x08000218   0x00000000   Code   RO         3288    .ARM.Collect$$libinit$$00000004  c_w.l(libinit2.o)
    0x08000218   0x08000218   0x00000000   Code   RO         3290    .ARM.Collect$$libinit$$00000006  c_w.l(libinit2.o)
    0x08000218   0x08000218   0x00000000   Code   RO         3293    .ARM.Collect$$libinit$$0000000C  c_w.l(libinit2.o)
    0x08000218   0x08000218   0x00000000   Code   RO         3295    .ARM.Collect$$libinit$$0000000E  c_w.l(libinit2.o)
    0x08000218   0x08000218   0x00000000   Code   RO         3297    .ARM.Collect$$libinit$$00000010  c_w.l(libinit2.o)
    0x08000218   0x08000218   0x00000006   Code   RO         3298    .ARM.Collect$$libinit$$00000011  c_w.l(libinit2.o)
    0x0800021e   0x0800021e   0x00000000   Code   RO         3300    .ARM.Collect$$libinit$$00000013  c_w.l(libinit2.o)
    0x0800021e   0x0800021e   0x00000000   Code   RO         3302    .ARM.Collect$$libinit$$00000015  c_w.l(libinit2.o)
    0x0800021e   0x0800021e   0x00000000   Code   RO         3304    .ARM.Collect$$libinit$$00000017  c_w.l(libinit2.o)
    0x0800021e   0x0800021e   0x0000000a   Code   RO         3305    .ARM.Collect$$libinit$$00000018  c_w.l(libinit2.o)
    0x08000228   0x08000228   0x00000000   Code   RO         3306    .ARM.Collect$$libinit$$00000019  c_w.l(libinit2.o)
    0x08000228   0x08000228   0x00000000   Code   RO         3308    .ARM.Collect$$libinit$$0000001B  c_w.l(libinit2.o)
    0x08000228   0x08000228   0x00000000   Code   RO         3310    .ARM.Collect$$libinit$$0000001D  c_w.l(libinit2.o)
    0x08000228   0x08000228   0x00000000   Code   RO         3312    .ARM.Collect$$libinit$$0000001F  c_w.l(libinit2.o)
    0x08000228   0x08000228   0x00000000   Code   RO         3314    .ARM.Collect$$libinit$$00000021  c_w.l(libinit2.o)
    0x08000228   0x08000228   0x00000000   Code   RO         3316    .ARM.Collect$$libinit$$00000023  c_w.l(libinit2.o)
    0x08000228   0x08000228   0x00000000   Code   RO         3318    .ARM.Collect$$libinit$$00000025  c_w.l(libinit2.o)
    0x08000228   0x08000228   0x00000000   Code   RO         3320    .ARM.Collect$$libinit$$00000027  c_w.l(libinit2.o)
    0x08000228   0x08000228   0x00000000   Code   RO         3324    .ARM.Collect$$libinit$$0000002E  c_w.l(libinit2.o)
    0x08000228   0x08000228   0x00000000   Code   RO         3326    .ARM.Collect$$libinit$$00000030  c_w.l(libinit2.o)
    0x08000228   0x08000228   0x00000000   Code   RO         3328    .ARM.Collect$$libinit$$00000032  c_w.l(libinit2.o)
    0x08000228   0x08000228   0x00000000   Code   RO         3330    .ARM.Collect$$libinit$$00000034  c_w.l(libinit2.o)
    0x08000228   0x08000228   0x00000002   Code   RO         3331    .ARM.Collect$$libinit$$00000035  c_w.l(libinit2.o)
    0x0800022a   0x0800022a   0x00000002   Code   RO         3390    .ARM.Collect$$libshutdown$$00000000  c_w.l(libshutdown.o)
    0x0800022c   0x0800022c   0x00000000   Code   RO         3408    .ARM.Collect$$libshutdown$$00000002  c_w.l(libshutdown2.o)
    0x0800022c   0x0800022c   0x00000000   Code   RO         3410    .ARM.Collect$$libshutdown$$00000004  c_w.l(libshutdown2.o)
    0x0800022c   0x0800022c   0x00000000   Code   RO         3413    .ARM.Collect$$libshutdown$$00000007  c_w.l(libshutdown2.o)
    0x0800022c   0x0800022c   0x00000000   Code   RO         3416    .ARM.Collect$$libshutdown$$0000000A  c_w.l(libshutdown2.o)
    0x0800022c   0x0800022c   0x00000000   Code   RO         3418    .ARM.Collect$$libshutdown$$0000000C  c_w.l(libshutdown2.o)
    0x0800022c   0x0800022c   0x00000000   Code   RO         3421    .ARM.Collect$$libshutdown$$0000000F  c_w.l(libshutdown2.o)
    0x0800022c   0x0800022c   0x00000002   Code   RO         3422    .ARM.Collect$$libshutdown$$00000010  c_w.l(libshutdown2.o)
    0x0800022e   0x0800022e   0x00000000   Code   RO         3098    .ARM.Collect$$rtentry$$00000000  c_w.l(__rtentry.o)
    0x0800022e   0x0800022e   0x00000000   Code   RO         3196    .ARM.Collect$$rtentry$$00000002  c_w.l(__rtentry2.o)
    0x0800022e   0x0800022e   0x00000006   Code   RO         3208    .ARM.Collect$$rtentry$$00000004  c_w.l(__rtentry4.o)
    0x08000234   0x08000234   0x00000000   Code   RO         3198    .ARM.Collect$$rtentry$$00000009  c_w.l(__rtentry2.o)
    0x08000234   0x08000234   0x00000004   Code   RO         3199    .ARM.Collect$$rtentry$$0000000A  c_w.l(__rtentry2.o)
    0x08000238   0x08000238   0x00000000   Code   RO         3201    .ARM.Collect$$rtentry$$0000000C  c_w.l(__rtentry2.o)
    0x08000238   0x08000238   0x00000008   Code   RO         3202    .ARM.Collect$$rtentry$$0000000D  c_w.l(__rtentry2.o)
    0x08000240   0x08000240   0x00000002   Code   RO         3334    .ARM.Collect$$rtexit$$00000000  c_w.l(rtexit.o)
    0x08000242   0x08000242   0x00000000   Code   RO         3355    .ARM.Collect$$rtexit$$00000002  c_w.l(rtexit2.o)
    0x08000242   0x08000242   0x00000004   Code   RO         3356    .ARM.Collect$$rtexit$$00000003  c_w.l(rtexit2.o)
    0x08000246   0x08000246   0x00000006   Code   RO         3357    .ARM.Collect$$rtexit$$00000004  c_w.l(rtexit2.o)
    0x0800024c   0x0800024c   0x00000040   Code   RO            4    .text               startup_stm32f40_41xxx.o
    0x0800028c   0x0800028c   0x000000f0   Code   RO         2938    .text               c_w.l(lludivv7m.o)
    0x0800037c   0x0800037c   0x00000028   Code   RO         2942    .text               c_w.l(noretval__2sprintf.o)
    0x080003a4   0x080003a4   0x00000052   Code   RO         2946    .text               c_w.l(_printf_str.o)
    0x080003f6   0x080003f6   0x00000002   PAD
    0x080003f8   0x080003f8   0x00000078   Code   RO         2948    .text               c_w.l(_printf_dec.o)
    0x08000470   0x08000470   0x00000138   Code   RO         2962    .text               c_w.l(__printf_flags_wp.o)
    0x080005a8   0x080005a8   0x0000008a   Code   RO         2978    .text               c_w.l(rt_memcpy_v6.o)
    0x08000632   0x08000632   0x00000064   Code   RO         2980    .text               c_w.l(rt_memcpy_w.o)
    0x08000696   0x08000696   0x00000010   Code   RO         2984    .text               c_w.l(aeabi_memset4.o)
    0x080006a6   0x080006a6   0x0000004e   Code   RO         2988    .text               c_w.l(rt_memclr_w.o)
    0x080006f4   0x080006f4   0x00000004   PAD
    0x080006f8   0x080006f8   0x0000007c   Code   RO         2990    .text               c_w.l(strcmpv7em.o)
    0x08000774   0x08000774   0x00000006   Code   RO         2992    .text               c_w.l(heapauxi.o)
    0x0800077a   0x0800077a   0x00000016   Code   RO         3103    .text               c_w.l(_rserrno.o)
    0x08000790   0x08000790   0x000000b2   Code   RO         3105    .text               c_w.l(_printf_intcommon.o)
    0x08000842   0x08000842   0x0000041c   Code   RO         3107    .text               c_w.l(_printf_fp_dec.o)
    0x08000c5e   0x08000c5e   0x00000002   PAD
    0x08000c60   0x08000c60   0x00000030   Code   RO         3111    .text               c_w.l(_printf_char_common.o)
    0x08000c90   0x08000c90   0x0000000a   Code   RO         3113    .text               c_w.l(_sputc.o)
    0x08000c9a   0x08000c9a   0x0000002c   Code   RO         3115    .text               c_w.l(_printf_char.o)
    0x08000cc6   0x08000cc6   0x00000002   PAD
    0x08000cc8   0x08000cc8   0x00000008   Code   RO         3215    .text               c_w.l(rt_locale_intlibspace.o)
    0x08000cd0   0x08000cd0   0x00000008   Code   RO         3220    .text               c_w.l(rt_errno_addr_intlibspace.o)
    0x08000cd8   0x08000cd8   0x0000008a   Code   RO         3222    .text               c_w.l(lludiv10.o)
    0x08000d62   0x08000d62   0x00000002   PAD
    0x08000d64   0x08000d64   0x00000080   Code   RO         3224    .text               c_w.l(_printf_fp_infnan.o)
    0x08000de4   0x08000de4   0x000000e4   Code   RO         3228    .text               c_w.l(bigflt0.o)
    0x08000ec8   0x08000ec8   0x00000008   Code   RO         3266    .text               c_w.l(libspace.o)
    0x08000ed0   0x08000ed0   0x0000004a   Code   RO         3269    .text               c_w.l(sys_stackheap_outer.o)
    0x08000f1a   0x08000f1a   0x00000012   Code   RO         3273    .text               c_w.l(exit.o)
    0x08000f2c   0x08000f2c   0x0000000c   Code   RO         3350    .text               c_w.l(sys_exit.o)
    0x08000f38   0x08000f38   0x00000002   Code   RO         3377    .text               c_w.l(use_no_semi.o)
    0x08000f3a   0x08000f3a   0x00000000   Code   RO         3379    .text               c_w.l(indicate_semi.o)
    0x08000f3a   0x08000f3a   0x00000006   PAD
    0x08000f40   0x08000f40   0x0000051a   Code   RO         2252    .text.AHRS_Uart4_IDLE_Proc  ahrs.o
    0x0800145a   0x0800145a   0x00000002   PAD
    0x0800145c   0x0800145c   0x00000008   Code   RO         2126    .text.Ble_Uart3_Task_Proc  uart3_ble_proc.o
    0x08001464   0x08001464   0x00000002   Code   RO          240    .text.BusFault_Handler  stm32f4xx_it.o
    0x08001466   0x08001466   0x00000002   PAD
    0x08001468   0x08001468   0x0000000a   Code   RO         2136    .text.Buzzer_Task_Proc  buzzer_proc.o
    0x08001472   0x08001472   0x00000002   PAD
    0x08001474   0x08001474   0x0000000c   Code   RO          246    .text.DMA1_Stream3_IRQHandler  stm32f4xx_it.o
    0x08001480   0x08001480   0x0000000c   Code   RO          248    .text.DMA1_Stream4_IRQHandler  stm32f4xx_it.o
    0x0800148c   0x0800148c   0x0000000c   Code   RO          250    .text.DMA1_Stream6_IRQHandler  stm32f4xx_it.o
    0x08001498   0x08001498   0x0000000c   Code   RO          270    .text.DMA1_Stream7_IRQHandler  stm32f4xx_it.o
    0x080014a4   0x080014a4   0x0000000c   Code   RO          282    .text.DMA2_Stream7_IRQHandler  stm32f4xx_it.o
    0x080014b0   0x080014b0   0x00000002   Code   RO          244    .text.DebugMon_Handler  stm32f4xx_it.o
    0x080014b2   0x080014b2   0x00000002   PAD
    0x080014b4   0x080014b4   0x0000000a   Code   RO           15    .text.Error_Handler  main.o
    0x080014be   0x080014be   0x00000002   PAD
    0x080014c0   0x080014c0   0x0000000a   Code   RO         2334    .text.Flash_Task_Proc  flash_proc.o
    0x080014ca   0x080014ca   0x00000002   PAD
    0x080014cc   0x080014cc   0x00000008   Code   RO         2395    .text.Flow_Task_Proc  flow_proc.o
    0x080014d4   0x080014d4   0x00000080   Code   RO          473    .text.HAL_DMA_Abort  stm32f4xx_hal_dma.o
    0x08001554   0x08001554   0x00000024   Code   RO          475    .text.HAL_DMA_Abort_IT  stm32f4xx_hal_dma.o
    0x08001578   0x08001578   0x00000006   Code   RO          485    .text.HAL_DMA_GetState  stm32f4xx_hal_dma.o
    0x0800157e   0x0800157e   0x00000002   PAD
    0x08001580   0x08001580   0x0000018a   Code   RO          479    .text.HAL_DMA_IRQHandler  stm32f4xx_hal_dma.o
    0x0800170a   0x0800170a   0x00000002   PAD
    0x0800170c   0x0800170c   0x0000013e   Code   RO          465    .text.HAL_DMA_Init  stm32f4xx_hal_dma.o
    0x0800184a   0x0800184a   0x00000002   PAD
    0x0800184c   0x0800184c   0x0000009c   Code   RO          471    .text.HAL_DMA_Start_IT  stm32f4xx_hal_dma.o
    0x080018e8   0x080018e8   0x00000028   Code   RO          626    .text.HAL_Delay     stm32f4xx_hal.o
    0x08001910   0x08001910   0x0000019c   Code   RO          427    .text.HAL_GPIO_Init  stm32f4xx_hal_gpio.o
    0x08001aac   0x08001aac   0x0000000a   Code   RO          433    .text.HAL_GPIO_WritePin  stm32f4xx_hal_gpio.o
    0x08001ab6   0x08001ab6   0x00000002   PAD
    0x08001ab8   0x08001ab8   0x0000000c   Code   RO          618    .text.HAL_GetTick   stm32f4xx_hal.o
    0x08001ac4   0x08001ac4   0x000000be   Code   RO         1387    .text.HAL_HCD_Init  stm32f4xx_hal_hcd.o
    0x08001b82   0x08001b82   0x00000002   PAD
    0x08001b84   0x08001b84   0x00000078   Code   RO          221    .text.HAL_HCD_MspInit  usb_otg.o
    0x08001bfc   0x08001bfc   0x00000002   Code   RO          813    .text.HAL_I2C_AbortCpltCallback  stm32f4xx_hal_i2c.o
    0x08001bfe   0x08001bfe   0x00000002   PAD
    0x08001c00   0x08001c00   0x00000002   Code   RO          803    .text.HAL_I2C_AddrCallback  stm32f4xx_hal_i2c.o
    0x08001c02   0x08001c02   0x00000002   PAD
    0x08001c04   0x08001c04   0x00000136   Code   RO          793    .text.HAL_I2C_ER_IRQHandler  stm32f4xx_hal_i2c.o
    0x08001d3a   0x08001d3a   0x00000002   PAD
    0x08001d3c   0x08001d3c   0x000005bc   Code   RO          781    .text.HAL_I2C_EV_IRQHandler  stm32f4xx_hal_i2c.o
    0x080022f8   0x080022f8   0x00000002   Code   RO          811    .text.HAL_I2C_ErrorCallback  stm32f4xx_hal_i2c.o
    0x080022fa   0x080022fa   0x00000002   PAD
    0x080022fc   0x080022fc   0x00000198   Code   RO          697    .text.HAL_I2C_Init  stm32f4xx_hal_i2c.o
    0x08002494   0x08002494   0x00000002   Code   RO          805    .text.HAL_I2C_ListenCpltCallback  stm32f4xx_hal_i2c.o
    0x08002496   0x08002496   0x00000002   PAD
    0x08002498   0x08002498   0x00000002   Code   RO          797    .text.HAL_I2C_MasterRxCpltCallback  stm32f4xx_hal_i2c.o
    0x0800249a   0x0800249a   0x00000002   PAD
    0x0800249c   0x0800249c   0x00000002   Code   RO          795    .text.HAL_I2C_MasterTxCpltCallback  stm32f4xx_hal_i2c.o
    0x0800249e   0x0800249e   0x00000002   PAD
    0x080024a0   0x080024a0   0x00000002   Code   RO          809    .text.HAL_I2C_MemRxCpltCallback  stm32f4xx_hal_i2c.o
    0x080024a2   0x080024a2   0x00000002   PAD
    0x080024a4   0x080024a4   0x00000002   Code   RO          807    .text.HAL_I2C_MemTxCpltCallback  stm32f4xx_hal_i2c.o
    0x080024a6   0x080024a6   0x00000002   PAD
    0x080024a8   0x080024a8   0x00000092   Code   RO           91    .text.HAL_I2C_MspInit  i2c.o
    0x0800253a   0x0800253a   0x00000002   PAD
    0x0800253c   0x0800253c   0x00000002   Code   RO          801    .text.HAL_I2C_SlaveRxCpltCallback  stm32f4xx_hal_i2c.o
    0x0800253e   0x0800253e   0x00000002   PAD
    0x08002540   0x08002540   0x00000002   Code   RO          799    .text.HAL_I2C_SlaveTxCpltCallback  stm32f4xx_hal_i2c.o
    0x08002542   0x08002542   0x00000002   PAD
    0x08002544   0x08002544   0x0000001a   Code   RO          616    .text.HAL_IncTick   stm32f4xx_hal.o
    0x0800255e   0x0800255e   0x00000002   PAD
    0x08002560   0x08002560   0x00000036   Code   RO          606    .text.HAL_Init      stm32f4xx_hal.o
    0x08002596   0x08002596   0x00000002   PAD
    0x08002598   0x08002598   0x0000008e   Code   RO          302    .text.HAL_InitTick  stm32f4xx_hal_timebase_tim.o
    0x08002626   0x08002626   0x00000002   PAD
    0x08002628   0x08002628   0x00000042   Code   RO          293    .text.HAL_MspInit   stm32f4xx_hal_msp.o
    0x0800266a   0x0800266a   0x00000002   PAD
    0x0800266c   0x0800266c   0x00000020   Code   RO          564    .text.HAL_NVIC_EnableIRQ  stm32f4xx_hal_cortex.o
    0x0800268c   0x0800268c   0x00000056   Code   RO          562    .text.HAL_NVIC_SetPriority  stm32f4xx_hal_cortex.o
    0x080026e2   0x080026e2   0x00000002   PAD
    0x080026e4   0x080026e4   0x00000020   Code   RO          560    .text.HAL_NVIC_SetPriorityGrouping  stm32f4xx_hal_cortex.o
    0x08002704   0x08002704   0x00000160   Code   RO          321    .text.HAL_RCC_ClockConfig  stm32f4xx_hal_rcc.o
    0x08002864   0x08002864   0x0000003e   Code   RO          339    .text.HAL_RCC_GetClockConfig  stm32f4xx_hal_rcc.o
    0x080028a2   0x080028a2   0x00000002   PAD
    0x080028a4   0x080028a4   0x00000026   Code   RO          333    .text.HAL_RCC_GetPCLK1Freq  stm32f4xx_hal_rcc.o
    0x080028ca   0x080028ca   0x00000002   PAD
    0x080028cc   0x080028cc   0x00000026   Code   RO          335    .text.HAL_RCC_GetPCLK2Freq  stm32f4xx_hal_rcc.o
    0x080028f2   0x080028f2   0x00000002   PAD
    0x080028f4   0x080028f4   0x0000006a   Code   RO          323    .text.HAL_RCC_GetSysClockFreq  stm32f4xx_hal_rcc.o
    0x0800295e   0x0800295e   0x00000002   PAD
    0x08002960   0x08002960   0x00000344   Code   RO          319    .text.HAL_RCC_OscConfig  stm32f4xx_hal_rcc.o
    0x08002ca4   0x08002ca4   0x00000002   Code   RO          914    .text.HAL_SPI_ErrorCallback  stm32f4xx_hal_spi.o
    0x08002ca6   0x08002ca6   0x00000002   PAD
    0x08002ca8   0x08002ca8   0x00000118   Code   RO          910    .text.HAL_SPI_IRQHandler  stm32f4xx_hal_spi.o
    0x08002dc0   0x08002dc0   0x000000b4   Code   RO          832    .text.HAL_SPI_Init  stm32f4xx_hal_spi.o
    0x08002e74   0x08002e74   0x000001a8   Code   RO          108    .text.HAL_SPI_MspInit  spi.o
    0x0800301c   0x0800301c   0x0000021c   Code   RO          844    .text.HAL_SPI_TransmitReceive  stm32f4xx_hal_spi.o
    0x08003238   0x08003238   0x00000002   Code   RO         1253    .text.HAL_TIMEx_BreakCallback  stm32f4xx_hal_tim_ex.o
    0x0800323a   0x0800323a   0x00000002   PAD
    0x0800323c   0x0800323c   0x00000002   Code   RO         1249    .text.HAL_TIMEx_CommutCallback  stm32f4xx_hal_tim_ex.o
    0x0800323e   0x0800323e   0x00000002   PAD
    0x08003240   0x08003240   0x0000004c   Code   RO         1245    .text.HAL_TIMEx_ConfigBreakDeadTime  stm32f4xx_hal_tim_ex.o
    0x0800328c   0x0800328c   0x000000b8   Code   RO         1243    .text.HAL_TIMEx_MasterConfigSynchronization  stm32f4xx_hal_tim_ex.o
    0x08003344   0x08003344   0x0000005a   Code   RO          948    .text.HAL_TIM_Base_Init  stm32f4xx_hal_tim.o
    0x0800339e   0x0800339e   0x00000002   PAD
    0x080033a0   0x080033a0   0x000000d6   Code   RO          149    .text.HAL_TIM_Base_MspInit  tim.o
    0x08003476   0x08003476   0x00000002   PAD
    0x08003478   0x08003478   0x000000a8   Code   RO          962    .text.HAL_TIM_Base_Start_IT  stm32f4xx_hal_tim.o
    0x08003520   0x08003520   0x0000019c   Code   RO         1128    .text.HAL_TIM_ConfigClockSource  stm32f4xx_hal_tim.o
    0x080036bc   0x080036bc   0x00000002   Code   RO         1084    .text.HAL_TIM_IC_CaptureCallback  stm32f4xx_hal_tim.o
    0x080036be   0x080036be   0x00000002   PAD
    0x080036c0   0x080036c0   0x000001b6   Code   RO         1098    .text.HAL_TIM_IC_ConfigChannel  stm32f4xx_hal_tim.o
    0x08003876   0x08003876   0x00000002   PAD
    0x08003878   0x08003878   0x0000005a   Code   RO         1022    .text.HAL_TIM_IC_Init  stm32f4xx_hal_tim.o
    0x080038d2   0x080038d2   0x00000002   PAD
    0x080038d4   0x080038d4   0x00000070   Code   RO          151    .text.HAL_TIM_IC_MspInit  tim.o
    0x08003944   0x08003944   0x0000016a   Code   RO         1082    .text.HAL_TIM_IRQHandler  stm32f4xx_hal_tim.o
    0x08003aae   0x08003aae   0x00000002   PAD
    0x08003ab0   0x08003ab0   0x0000015e   Code   RO          129    .text.HAL_TIM_MspPostInit  tim.o
    0x08003c0e   0x08003c0e   0x00000002   PAD
    0x08003c10   0x08003c10   0x00000002   Code   RO         1086    .text.HAL_TIM_OC_DelayElapsedCallback  stm32f4xx_hal_tim.o
    0x08003c12   0x08003c12   0x00000002   PAD
    0x08003c14   0x08003c14   0x0000005c   Code   RO         1046    .text.HAL_TIM_OnePulse_Init  stm32f4xx_hal_tim.o
    0x08003c70   0x08003c70   0x00000002   Code   RO         1048    .text.HAL_TIM_OnePulse_MspInit  stm32f4xx_hal_tim.o
    0x08003c72   0x08003c72   0x00000002   PAD
    0x08003c74   0x08003c74   0x00000218   Code   RO         1102    .text.HAL_TIM_PWM_ConfigChannel  stm32f4xx_hal_tim.o
    0x08003e8c   0x08003e8c   0x0000005a   Code   RO         1002    .text.HAL_TIM_PWM_Init  stm32f4xx_hal_tim.o
    0x08003ee6   0x08003ee6   0x00000002   PAD
    0x08003ee8   0x08003ee8   0x000000ee   Code   RO          147    .text.HAL_TIM_PWM_MspInit  tim.o
    0x08003fd6   0x08003fd6   0x00000002   PAD
    0x08003fd8   0x08003fd8   0x00000002   Code   RO         1088    .text.HAL_TIM_PWM_PulseFinishedCallback  stm32f4xx_hal_tim.o
    0x08003fda   0x08003fda   0x00000002   PAD
    0x08003fdc   0x08003fdc   0x0000012e   Code   RO         1010    .text.HAL_TIM_PWM_Start  stm32f4xx_hal_tim.o
    0x0800410a   0x0800410a   0x00000002   PAD
    0x0800410c   0x0800410c   0x00000014   Code   RO           21    .text.HAL_TIM_PeriodElapsedCallback  main.o
    0x08004120   0x08004120   0x00000002   Code   RO         1092    .text.HAL_TIM_TriggerCallback  stm32f4xx_hal_tim.o
    0x08004122   0x08004122   0x00000002   PAD
    0x08004124   0x08004124   0x000000f8   Code   RO         1315    .text.HAL_UARTEx_ReceiveToIdle_DMA  stm32f4xx_hal_uart.o
    0x0800421c   0x0800421c   0x00000102   Code   RO           17    .text.HAL_UARTEx_RxEventCallback  main.o
    0x0800431e   0x0800431e   0x00000002   PAD
    0x08004320   0x08004320   0x0000004a   Code   RO           19    .text.HAL_UART_ErrorCallback  main.o
    0x0800436a   0x0800436a   0x00000002   PAD
    0x0800436c   0x0800436c   0x000002fe   Code   RO         1343    .text.HAL_UART_IRQHandler  stm32f4xx_hal_uart.o
    0x0800466a   0x0800466a   0x00000002   PAD
    0x0800466c   0x0800466c   0x0000005e   Code   RO         1267    .text.HAL_UART_Init  stm32f4xx_hal_uart.o
    0x080046ca   0x080046ca   0x00000002   PAD
    0x080046cc   0x080046cc   0x00000530   Code   RO          188    .text.HAL_UART_MspInit  usart.o
    0x08004bfc   0x08004bfc   0x00000002   Code   RO         1357    .text.HAL_UART_RxCpltCallback  stm32f4xx_hal_uart.o
    0x08004bfe   0x08004bfe   0x00000002   PAD
    0x08004c00   0x08004c00   0x00000002   Code   RO         1359    .text.HAL_UART_RxHalfCpltCallback  stm32f4xx_hal_uart.o
    0x08004c02   0x08004c02   0x00000002   PAD
    0x08004c04   0x08004c04   0x00000178   Code   RO         1283    .text.HAL_UART_Transmit  stm32f4xx_hal_uart.o
    0x08004d7c   0x08004d7c   0x00000002   Code   RO         1353    .text.HAL_UART_TxCpltCallback  stm32f4xx_hal_uart.o
    0x08004d7e   0x08004d7e   0x00000002   PAD
    0x08004d80   0x08004d80   0x00000002   Code   RO          236    .text.HardFault_Handler  stm32f4xx_it.o
    0x08004d82   0x08004d82   0x00000002   PAD
    0x08004d84   0x08004d84   0x0000000c   Code   RO          258    .text.I2C1_ER_IRQHandler  stm32f4xx_it.o
    0x08004d90   0x08004d90   0x0000000c   Code   RO          256    .text.I2C1_EV_IRQHandler  stm32f4xx_it.o
    0x08004d9c   0x08004d9c   0x000000e4   Code   RO          767    .text.I2C_DMAAbort  stm32f4xx_hal_i2c.o
    0x08004e80   0x08004e80   0x0000015a   Code   RO          779    .text.I2C_ITError   stm32f4xx_hal_i2c.o
    0x08004fda   0x08004fda   0x00000002   PAD
    0x08004fdc   0x08004fdc   0x000000e2   Code   RO          791    .text.I2C_MasterReceive_BTF  stm32f4xx_hal_i2c.o
    0x080050be   0x080050be   0x00000002   PAD
    0x080050c0   0x080050c0   0x000000fc   Code   RO          789    .text.I2C_MasterReceive_RXNE  stm32f4xx_hal_i2c.o
    0x080051bc   0x080051bc   0x00000080   Code   RO          785    .text.I2C_MasterTransmit_BTF  stm32f4xx_hal_i2c.o
    0x0800523c   0x0800523c   0x000000b0   Code   RO          783    .text.I2C_MasterTransmit_TXE  stm32f4xx_hal_i2c.o
    0x080052ec   0x080052ec   0x000000a8   Code   RO          787    .text.I2C_MemoryTransmit_TXE_BTF  stm32f4xx_hal_i2c.o
    0x08005394   0x08005394   0x00000008   Code   RO         2404    .text.Key_Task_Proc  key_proc.o
    0x0800539c   0x0800539c   0x0000008c   Code   RO           80    .text.MX_DMA_Init   dma.o
    0x08005428   0x08005428   0x000002a0   Code   RO           59    .text.MX_FREERTOS_Init  freertos.o
    0x080056c8   0x080056c8   0x00000152   Code   RO           42    .text.MX_GPIO_Init  gpio.o
    0x0800581a   0x0800581a   0x00000002   PAD
    0x0800581c   0x0800581c   0x00000042   Code   RO           89    .text.MX_I2C1_Init  i2c.o
    0x0800585e   0x0800585e   0x00000002   PAD
    0x08005860   0x08005860   0x00000050   Code   RO          104    .text.MX_SPI1_Init  spi.o
    0x080058b0   0x080058b0   0x00000052   Code   RO          106    .text.MX_SPI2_Init  spi.o
    0x08005902   0x08005902   0x00000002   PAD
    0x08005904   0x08005904   0x0000008a   Code   RO          141    .text.MX_TIM10_Init  tim.o
    0x0800598e   0x0800598e   0x00000002   PAD
    0x08005990   0x08005990   0x00000036   Code   RO          143    .text.MX_TIM11_Init  tim.o
    0x080059c6   0x080059c6   0x00000002   PAD
    0x080059c8   0x080059c8   0x0000005c   Code   RO          145    .text.MX_TIM12_Init  tim.o
    0x08005a24   0x08005a24   0x00000128   Code   RO          127    .text.MX_TIM1_Init  tim.o
    0x08005b4c   0x08005b4c   0x00000092   Code   RO          131    .text.MX_TIM3_Init  tim.o
    0x08005bde   0x08005bde   0x00000002   PAD
    0x08005be0   0x08005be0   0x00000092   Code   RO          133    .text.MX_TIM4_Init  tim.o
    0x08005c72   0x08005c72   0x00000002   PAD
    0x08005c74   0x08005c74   0x000000c2   Code   RO          135    .text.MX_TIM5_Init  tim.o
    0x08005d36   0x08005d36   0x00000002   PAD
    0x08005d38   0x08005d38   0x00000052   Code   RO          137    .text.MX_TIM6_Init  tim.o
    0x08005d8a   0x08005d8a   0x00000002   PAD
    0x08005d8c   0x08005d8c   0x0000007c   Code   RO          139    .text.MX_TIM9_Init  tim.o
    0x08005e08   0x08005e08   0x0000003c   Code   RO          176    .text.MX_UART4_Init  usart.o
    0x08005e44   0x08005e44   0x0000003c   Code   RO          178    .text.MX_UART5_Init  usart.o
    0x08005e80   0x08005e80   0x0000003c   Code   RO          180    .text.MX_USART1_UART_Init  usart.o
    0x08005ebc   0x08005ebc   0x0000003c   Code   RO          182    .text.MX_USART2_UART_Init  usart.o
    0x08005ef8   0x08005ef8   0x0000003c   Code   RO          184    .text.MX_USART3_UART_Init  usart.o
    0x08005f34   0x08005f34   0x00000048   Code   RO          186    .text.MX_USART6_UART_Init  usart.o
    0x08005f7c   0x08005f7c   0x00000036   Code   RO          219    .text.MX_USB_OTG_FS_HCD_Init  usb_otg.o
    0x08005fb2   0x08005fb2   0x00000002   PAD
    0x08005fb4   0x08005fb4   0x00000002   Code   RO          238    .text.MemManage_Handler  stm32f4xx_it.o
    0x08005fb6   0x08005fb6   0x00000002   PAD
    0x08005fb8   0x08005fb8   0x00000434   Code   RO         2145    .text.Motor_Task_Proc  motor_proc.o
    0x080063ec   0x080063ec   0x00000002   Code   RO          234    .text.NMI_Handler   stm32f4xx_it.o
    0x080063ee   0x080063ee   0x00000002   PAD
    0x080063f0   0x080063f0   0x000000ee   Code   RO         2198    .text.OLED_Clear    oled_proc.o
    0x080064de   0x080064de   0x00000002   PAD
    0x080064e0   0x080064e0   0x00000076   Code   RO         2190    .text.OLED_Init     oled_proc.o
    0x08006556   0x08006556   0x00000002   PAD
    0x08006558   0x08006558   0x000000ac   Code   RO         2204    .text.OLED_Set_Pos  oled_proc.o
    0x08006604   0x08006604   0x00000148   Code   RO         2208    .text.OLED_ShowChar  oled_proc.o
    0x0800674c   0x0800674c   0x000002cc   Code   RO         2186    .text.OLED_Task_Proc  oled_proc.o
    0x08006a18   0x08006a18   0x00000010   Code   RO         2413    .text.PC_Task_Proc  pc_proc.o
    0x08006a28   0x08006a28   0x00000124   Code   RO         2616    .text.PID_Control   pid.o
    0x08006b4c   0x08006b4c   0x00000004   PAD
    0x08006b50   0x08006b50   0x00000064   Code   RO         2080    .text.PendSV_Handler  port.o
    0x08006bb4   0x08006bb4   0x000000f2   Code   RO         2097    .text.RGB_Task_Proc  led_proc.o
    0x08006ca6   0x08006ca6   0x00000002   PAD
    0x08006ca8   0x08006ca8   0x0000000c   Code   RO          260    .text.SPI1_IRQHandler  stm32f4xx_it.o
    0x08006cb4   0x08006cb4   0x0000000c   Code   RO          262    .text.SPI2_IRQHandler  stm32f4xx_it.o
    0x08006cc0   0x08006cc0   0x0000000c   Code   RO          912    .text.SPI_DMAAbortOnError  stm32f4xx_hal_spi.o
    0x08006ccc   0x08006ccc   0x00000040   Code   RO          112    .text.SPI_SingleWirteAndRead  spi.o
    0x08006d0c   0x08006d0c   0x000000ce   Code   RO          938    .text.SPI_WaitFlagStateUntilTimeout  stm32f4xx_hal_spi.o
    0x08006dda   0x08006dda   0x00000006   PAD
    0x08006de0   0x08006de0   0x00000024   Code   RO         2064    .text.SVC_Handler   port.o
    0x08006e04   0x08006e04   0x0000014e   Code   RO         2172    .text.Sbus_Channels_Proc  sbus_proc.o
    0x08006f52   0x08006f52   0x00000002   PAD
    0x08006f54   0x08006f54   0x0000002e   Code   RO         2170    .text.Sbus_Uart6_IDLE_Proc  sbus_proc.o
    0x08006f82   0x08006f82   0x00000002   PAD
    0x08006f84   0x08006f84   0x00000208   Code   RO         2166    .text.Sbus_Uart6_Task_Proc  sbus_proc.o
    0x0800718c   0x0800718c   0x00000030   Code   RO         2250    .text.Sensor_Data_Task_Proc  ahrs.o
    0x080071bc   0x080071bc   0x0000002e   Code   RO         2082    .text.SysTick_Handler  port.o
    0x080071ea   0x080071ea   0x00000002   PAD
    0x080071ec   0x080071ec   0x000000b2   Code   RO           13    .text.SystemClock_Config  main.o
    0x0800729e   0x0800729e   0x00000002   PAD
    0x080072a0   0x080072a0   0x00000012   Code   RO         1545    .text.SystemInit    system_stm32f4xx.o
    0x080072b2   0x080072b2   0x00000002   PAD
    0x080072b4   0x080072b4   0x0000000c   Code   RO          252    .text.TIM1_CC_IRQHandler  stm32f4xx_it.o
    0x080072c0   0x080072c0   0x0000000c   Code   RO          254    .text.TIM4_IRQHandler  stm32f4xx_it.o
    0x080072cc   0x080072cc   0x0000000c   Code   RO          272    .text.TIM5_IRQHandler  stm32f4xx_it.o
    0x080072d8   0x080072d8   0x0000000c   Code   RO          278    .text.TIM6_DAC_IRQHandler  stm32f4xx_it.o
    0x080072e4   0x080072e4   0x0000000c   Code   RO          280    .text.TIM7_IRQHandler  stm32f4xx_it.o
    0x080072f0   0x080072f0   0x00000124   Code   RO          952    .text.TIM_Base_SetConfig  stm32f4xx_hal_tim.o
    0x08007414   0x08007414   0x0000000c   Code   RO          274    .text.UART4_IRQHandler  stm32f4xx_it.o
    0x08007420   0x08007420   0x0000000c   Code   RO          276    .text.UART5_IRQHandler  stm32f4xx_it.o
    0x0800742c   0x0800742c   0x0000000c   Code   RO         1347    .text.UART_DMAAbortOnError  stm32f4xx_hal_uart.o
    0x08007438   0x08007438   0x000000a2   Code   RO         1299    .text.UART_DMAError  stm32f4xx_hal_uart.o
    0x080074da   0x080074da   0x00000002   PAD
    0x080074dc   0x080074dc   0x0000007c   Code   RO         1375    .text.UART_DMAReceiveCplt  stm32f4xx_hal_uart.o
    0x08007558   0x08007558   0x00000014   Code   RO         1377    .text.UART_DMARxHalfCplt  stm32f4xx_hal_uart.o
    0x0800756c   0x0800756c   0x000000be   Code   RO         1345    .text.UART_Receive_IT  stm32f4xx_hal_uart.o
    0x0800762a   0x0800762a   0x00000002   PAD
    0x0800762c   0x0800762c   0x000000ea   Code   RO         1271    .text.UART_SetConfig  stm32f4xx_hal_uart.o
    0x08007716   0x08007716   0x00000002   PAD
    0x08007718   0x08007718   0x0000000c   Code   RO          264    .text.USART1_IRQHandler  stm32f4xx_it.o
    0x08007724   0x08007724   0x0000000c   Code   RO          266    .text.USART2_IRQHandler  stm32f4xx_it.o
    0x08007730   0x08007730   0x0000000c   Code   RO          268    .text.USART3_IRQHandler  stm32f4xx_it.o
    0x0800773c   0x0800773c   0x0000000c   Code   RO          284    .text.USART6_IRQHandler  stm32f4xx_it.o
    0x08007748   0x08007748   0x000000f8   Code   RO         1443    .text.USB_CoreInit  stm32f4xx_ll_usb.o
    0x08007840   0x08007840   0x0000000e   Code   RO         1449    .text.USB_DisableGlobalInt  stm32f4xx_ll_usb.o
    0x0800784e   0x0800784e   0x00000002   PAD
    0x08007850   0x08007850   0x000000fe   Code   RO         1509    .text.USB_HostInit  stm32f4xx_ll_usb.o
    0x0800794e   0x0800794e   0x00000002   PAD
    0x08007950   0x08007950   0x00000064   Code   RO         1451    .text.USB_SetCurrentMode  stm32f4xx_ll_usb.o
    0x080079b4   0x080079b4   0x00000002   Code   RO          242    .text.UsageFault_Handler  stm32f4xx_it.o
    0x080079b6   0x080079b6   0x00000002   PAD
    0x080079b8   0x080079b8   0x00000092   Code   RO         2350    .text.W25QXX_Init   flash_proc.o
    0x08007a4a   0x08007a4a   0x00000002   PAD
    0x08007a4c   0x08007a4c   0x00000166   Code   RO         2354    .text.W25QXX_ReadCapacity  flash_proc.o
    0x08007bb2   0x08007bb2   0x00000002   PAD
    0x08007bb4   0x08007bb4   0x0000013a   Code   RO         2352    .text.W25QXX_ReadID  flash_proc.o
    0x08007cee   0x08007cee   0x00000002   PAD
    0x08007cf0   0x08007cf0   0x00000158   Code   RO         2356    .text.W25QXX_ReadUniqueID  flash_proc.o
    0x08007e48   0x08007e48   0x00000002   Code   RO           51    .text.configureTimerForRunTimeStats  freertos.o
    0x08007e4a   0x08007e4a   0x00000002   PAD
    0x08007e4c   0x08007e4c   0x00000004   Code   RO           53    .text.getRunTimeCounterValue  freertos.o
    0x08007e50   0x08007e50   0x0000011e   Code   RO           11    .text.main          main.o
    0x08007f6e   0x08007f6e   0x00000002   PAD
    0x08007f70   0x08007f70   0x00000010   Code   RO         1935    .text.osDelay       cmsis_os.o
    0x08007f80   0x08007f80   0x0000000a   Code   RO         1917    .text.osKernelStart  cmsis_os.o
    0x08007f8a   0x08007f8a   0x00000002   PAD
    0x08007f8c   0x08007f8c   0x0000005e   Code   RO         1923    .text.osThreadCreate  cmsis_os.o
    0x08007fea   0x08007fea   0x00000002   PAD
    0x08007fec   0x08007fec   0x000000a6   Code   RO         1736    .text.prvAddCurrentTaskToDelayedList  tasks.o
    0x08008092   0x08008092   0x00000002   PAD
    0x08008094   0x08008094   0x0000011c   Code   RO         1726    .text.prvAddNewTaskToReadyList  tasks.o
    0x080081b0   0x080081b0   0x0000007c   Code   RO         1866    .text.prvCheckForValidListAndQueue  timers.o
    0x0800822c   0x0800822c   0x00000096   Code   RO         1760    .text.prvIdleTask   tasks.o
    0x080082c2   0x080082c2   0x00000002   PAD
    0x080082c4   0x080082c4   0x00000028   Code   RO         2072    .text.prvPortStartFirstTask  port.o
    0x080082ec   0x080082ec   0x000000ea   Code   RO         1898    .text.prvSampleTimeNow  timers.o
    0x080083d6   0x080083d6   0x00000002   PAD
    0x080083d8   0x080083d8   0x00000032   Code   RO         2062    .text.prvTaskExitError  port.o
    0x0800840a   0x0800840a   0x00000002   PAD
    0x0800840c   0x0800840c   0x000002a6   Code   RO         1868    .text.prvTimerTask  timers.o
    0x080086b2   0x080086b2   0x00000002   PAD
    0x080086b4   0x080086b4   0x00000074   Code   RO         1623    .text.prvUnlockQueue  queue.o
    0x08008728   0x08008728   0x000001c6   Code   RO         2032    .text.pvPortMalloc  heap_4.o
    0x080088ee   0x080088ee   0x00000002   PAD
    0x080088f0   0x080088f0   0x00000028   Code   RO         2060    .text.pxPortInitialiseStack  port.o
    0x08008918   0x08008918   0x00000024   Code   RO         1601    .text.uxListRemove  list.o
    0x0800893c   0x0800893c   0x0000001a   Code   RO           55    .text.vApplicationGetIdleTaskMemory  freertos.o
    0x08008956   0x08008956   0x00000002   PAD
    0x08008958   0x08008958   0x0000001c   Code   RO           57    .text.vApplicationGetTimerTaskMemory  freertos.o
    0x08008974   0x08008974   0x00000016   Code   RO         1593    .text.vListInitialise  list.o
    0x0800898a   0x0800898a   0x00000002   PAD
    0x0800898c   0x0800898c   0x00000006   Code   RO         1595    .text.vListInitialiseItem  list.o
    0x08008992   0x08008992   0x00000002   PAD
    0x08008994   0x08008994   0x0000003a   Code   RO         1599    .text.vListInsert   list.o
    0x080089ce   0x080089ce   0x00000002   PAD
    0x080089d0   0x080089d0   0x0000001c   Code   RO         1597    .text.vListInsertEnd  list.o
    0x080089ec   0x080089ec   0x00000014   Code   RO         2070    .text.vPortEnableVFP  port.o
    0x08008a00   0x08008a00   0x00000046   Code   RO         2076    .text.vPortEnterCritical  port.o
    0x08008a46   0x08008a46   0x00000002   PAD
    0x08008a48   0x08008a48   0x0000002e   Code   RO         2078    .text.vPortExitCritical  port.o
    0x08008a76   0x08008a76   0x00000002   PAD
    0x08008a78   0x08008a78   0x000000d2   Code   RO         2034    .text.vPortFree     heap_4.o
    0x08008b4a   0x08008b4a   0x00000002   PAD
    0x08008b4c   0x08008b4c   0x00000034   Code   RO         2068    .text.vPortSetupTimerInterrupt  port.o
    0x08008b80   0x08008b80   0x00000028   Code   RO         1659    .text.vQueueAddToRegistry  queue.o
    0x08008ba8   0x08008ba8   0x00000046   Code   RO         1663    .text.vQueueWaitForMessageRestricted  queue.o
    0x08008bee   0x08008bee   0x00000002   PAD
    0x08008bf0   0x08008bf0   0x000000c2   Code   RO         1740    .text.vTaskDelay    tasks.o
    0x08008cb2   0x08008cb2   0x00000002   PAD
    0x08008cb4   0x08008cb4   0x0000010a   Code   RO         1732    .text.vTaskDelayUntil  tasks.o
    0x08008dbe   0x08008dbe   0x00000002   PAD
    0x08008dc0   0x08008dc0   0x0000001a   Code   RO         1790    .text.vTaskInternalSetTimeOutState  tasks.o
    0x08008dda   0x08008dda   0x00000002   PAD
    0x08008ddc   0x08008ddc   0x0000000e   Code   RO         1794    .text.vTaskMissedYield  tasks.o
    0x08008dea   0x08008dea   0x00000002   PAD
    0x08008dec   0x08008dec   0x00000036   Code   RO         1778    .text.vTaskPlaceOnEventList  tasks.o
    0x08008e22   0x08008e22   0x00000002   PAD
    0x08008e24   0x08008e24   0x0000003e   Code   RO         1782    .text.vTaskPlaceOnEventListRestricted  tasks.o
    0x08008e62   0x08008e62   0x00000002   PAD
    0x08008e64   0x08008e64   0x000000a8   Code   RO         1758    .text.vTaskStartScheduler  tasks.o
    0x08008f0c   0x08008f0c   0x00000010   Code   RO         1734    .text.vTaskSuspendAll  tasks.o
    0x08008f1c   0x08008f1c   0x000000aa   Code   RO         1752    .text.vTaskSwitchContext  tasks.o
    0x08008fc6   0x08008fc6   0x00000002   PAD
    0x08008fc8   0x08008fc8   0x00000132   Code   RO         2066    .text.xPortStartScheduler  port.o
    0x080090fa   0x080090fa   0x00000002   PAD
    0x080090fc   0x080090fc   0x000000da   Code   RO         1613    .text.xQueueGenericCreateStatic  queue.o
    0x080091d6   0x080091d6   0x00000002   PAD
    0x080091d8   0x080091d8   0x00000212   Code   RO         1621    .text.xQueueGenericSend  queue.o
    0x080093ea   0x080093ea   0x00000002   PAD
    0x080093ec   0x080093ec   0x000001a8   Code   RO         1629    .text.xQueueReceive  queue.o
    0x08009594   0x08009594   0x0000008e   Code   RO         1792    .text.xTaskCheckForTimeOut  tasks.o
    0x08009622   0x08009622   0x00000002   PAD
    0x08009624   0x08009624   0x000000de   Code   RO         1728    .text.xTaskCreate   tasks.o
    0x08009702   0x08009702   0x00000002   PAD
    0x08009704   0x08009704   0x000000ea   Code   RO         1724    .text.xTaskCreateStatic  tasks.o
    0x080097ee   0x080097ee   0x00000002   PAD
    0x080097f0   0x080097f0   0x00000026   Code   RO         1804    .text.xTaskGetSchedulerState  tasks.o
    0x08009816   0x08009816   0x00000002   PAD
    0x08009818   0x08009818   0x0000000c   Code   RO         1766    .text.xTaskGetTickCount  tasks.o
    0x08009824   0x08009824   0x00000180   Code   RO         1764    .text.xTaskIncrementTick  tasks.o
    0x080099a4   0x080099a4   0x000000b2   Code   RO         1808    .text.xTaskPriorityDisinherit  tasks.o
    0x08009a56   0x08009a56   0x00000002   PAD
    0x08009a58   0x08009a58   0x00000090   Code   RO         1784    .text.xTaskRemoveFromEventList  tasks.o
    0x08009ae8   0x08009ae8   0x0000013c   Code   RO         1738    .text.xTaskResumeAll  tasks.o
    0x08009c24   0x08009c24   0x00000074   Code   RO         1864    .text.xTimerCreateTimerTask  timers.o
    0x08009c98   0x08009c98   0x0000003e   Code   RO         3231    CL$$btod_d2e        c_w.l(btod.o)
    0x08009cd6   0x08009cd6   0x00000046   Code   RO         3233    CL$$btod_d2e_denorm_low  c_w.l(btod.o)
    0x08009d1c   0x08009d1c   0x00000060   Code   RO         3232    CL$$btod_d2e_norm_op1  c_w.l(btod.o)
    0x08009d7c   0x08009d7c   0x00000338   Code   RO         3241    CL$$btod_div_common  c_w.l(btod.o)
    0x0800a0b4   0x0800a0b4   0x000000dc   Code   RO         3238    CL$$btod_e2e        c_w.l(btod.o)
    0x0800a190   0x0800a190   0x0000002a   Code   RO         3235    CL$$btod_ediv       c_w.l(btod.o)
    0x0800a1ba   0x0800a1ba   0x0000002a   Code   RO         3234    CL$$btod_emul       c_w.l(btod.o)
    0x0800a1e4   0x0800a1e4   0x00000244   Code   RO         3240    CL$$btod_mult_common  c_w.l(btod.o)
    0x0800a428   0x0800a428   0x00000030   Code   RO         3164    i.__ARM_fpclassify  m_wm.l(fpclassify.o)
    0x0800a458   0x0800a458   0x000000d0   Code   RO         3059    i.__hardfp_ldexp    m_wm.l(ldexp.o)
    0x0800a528   0x0800a528   0x00000020   Code   RO         3148    i.__mathlib_dbl_overflow  m_wm.l(dunder.o)
    0x0800a548   0x0800a548   0x00000020   Code   RO         3150    i.__mathlib_dbl_underflow  m_wm.l(dunder.o)
    0x0800a568   0x0800a568   0x0000000e   Code   RO         2960    i._is_digit         c_w.l(__printf_wp.o)
    0x0800a576   0x0800a576   0x00000002   PAD
    0x0800a578   0x0800a578   0x0000002c   Code   RO         3256    locale$$code        c_w.l(lc_numeric_c.o)
    0x0800a5a4   0x0800a5a4   0x00000062   Code   RO         2996    x$fpl$d2f           fz_wm.l(d2f.o)
    0x0800a606   0x0800a606   0x00000002   PAD
    0x0800a608   0x0800a608   0x00000010   Code   RO         3258    x$fpl$dcheck1       fz_wm.l(dcheck1.o)
    0x0800a618   0x0800a618   0x00000018   Code   RO         3260    x$fpl$dcmpinf       fz_wm.l(dcmpi.o)
    0x0800a630   0x0800a630   0x00000078   Code   RO         3120    x$fpl$deqf          fz_wm.l(deqf.o)
    0x0800a6a8   0x0800a6a8   0x00000154   Code   RO         3016    x$fpl$dmul          fz_wm.l(dmul.o)
    0x0800a7fc   0x0800a7fc   0x0000009c   Code   RO         3126    x$fpl$dnaninf       fz_wm.l(dnaninf.o)
    0x0800a898   0x0800a898   0x0000000c   Code   RO         3128    x$fpl$dretinf       fz_wm.l(dretinf.o)
    0x0800a8a4   0x0800a8a4   0x00000056   Code   RO         3018    x$fpl$f2d           fz_wm.l(f2d.o)
    0x0800a8fa   0x0800a8fa   0x0000008c   Code   RO         3132    x$fpl$fnaninf       fz_wm.l(fnaninf.o)
    0x0800a986   0x0800a986   0x0000001a   Code   RO         3346    x$fpl$fpinit        fz_wm.l(fpinit.o)
    0x0800a9a0   0x0800a9a0   0x0000000a   Code   RO         3134    x$fpl$fretinf       fz_wm.l(fretinf.o)
    0x0800a9aa   0x0800a9aa   0x00000004   Code   RO         3020    x$fpl$printf1       fz_wm.l(printf1.o)
    0x0800a9ae   0x0800a9ae   0x00000064   Code   RO         3332    x$fpl$retnan        fz_wm.l(retnan.o)
    0x0800aa12   0x0800aa12   0x0000005c   Code   RO         3138    x$fpl$scalbn        fz_wm.l(scalbn.o)
    0x0800aa6e   0x0800aa6e   0x00000030   Code   RO         3348    x$fpl$trapveneer    fz_wm.l(trapv.o)
    0x0800aa9e   0x0800aa9e   0x00000000   Code   RO         3140    x$fpl$usenofp       fz_wm.l(usenofp.o)
    0x0800aa9e   0x0800aa9e   0x00000011   Data   RO         2963    .constdata          c_w.l(__printf_flags_wp.o)
    0x0800aaaf   0x0800aaaf   0x00000001   PAD
    0x0800aab0   0x0800aab0   0x00000094   Data   RO         3229    .constdata          c_w.l(bigflt0.o)
    0x0800ab44   0x0800ab44   0x0000001c   Data   RO           69    .rodata..L__const.MX_FREERTOS_Init.os_thread_def_BleUart3Task  freertos.o
    0x0800ab60   0x0800ab60   0x0000001c   Data   RO           68    .rodata..L__const.MX_FREERTOS_Init.os_thread_def_BuzzerTask  freertos.o
    0x0800ab7c   0x0800ab7c   0x0000001c   Data   RO           67    .rodata..L__const.MX_FREERTOS_Init.os_thread_def_KeyTask  freertos.o
    0x0800ab98   0x0800ab98   0x0000001c   Data   RO           71    .rodata..L__const.MX_FREERTOS_Init.os_thread_def_OLEDTask  freertos.o
    0x0800abb4   0x0800abb4   0x0000001c   Data   RO           66    .rodata..L__const.MX_FREERTOS_Init.os_thread_def_RGBTask  freertos.o
    0x0800abd0   0x0800abd0   0x0000001c   Data   RO           70    .rodata..L__const.MX_FREERTOS_Init.os_thread_def_SbusUart6Task  freertos.o
    0x0800abec   0x0800abec   0x00000010   Data   RO         1550    .rodata.AHBPrescTable  system_stm32f4xx.o
    0x0800abfc   0x0800abfc   0x00000008   Data   RO         1551    .rodata.APBPrescTable  system_stm32f4xx.o
    0x0800ac04   0x0800ac04   0x00000228   Data   RO         2241    .rodata.F6x8        oledfont.o
    0x0800ae2c   0x0800ae2c   0x000005e0   Data   RO         2242    .rodata.F8X16       oledfont.o
    0x0800b40c   0x0800b40c   0x00000008   Data   RO          489    .rodata.cst8        stm32f4xx_hal_dma.o
    0x0800b414   0x0800b414   0x00000072   Data   RO           65    .rodata.str1.1      freertos.o
    0x0800b486   0x0800b486   0x00000011   Data   RO         2230    .rodata.str1.1      oled_proc.o
    0x0800b497   0x0800b497   0x00000001   PAD
    0x0800b498   0x0800b498   0x00000020   Data   RO         3424    Region$$Table       anon$$obj.o
    0x0800b4b8   0x0800b4b8   0x0000001c   Data   RO         3255    locale$$data        c_w.l(lc_numeric_c.o)


    Execution Region RW_IRAM1 (Exec base: 0x20000000, Load base: 0x0800b4d8, Size: 0x00005f98, Max: 0x0001c000, ABSOLUTE)

    Exec Addr    Load Addr    Size         Type   Attr      Idx    E Section Name        Object

    0x20000000   0x0800b4d8   0x00000001   Data   RW         2281    .data.AccCalFlag    ahrs.o
    0x20000001   0x0800b4d9   0x00000001   Data   RW         2282    .data.GyroCalFlag   ahrs.o
    0x20000002   0x0800b4da   0x00000017   Data   RW         2231    .data.OLED_Init_CMD_Data  oled_proc.o
    0x20000019   0x0800b4f1   0x00000003   PAD
    0x2000001c   0x0800b4f4   0x00000004   Data   RW         1549    .data.SystemCoreClock  system_stm32f4xx.o
    0x20000020   0x0800b4f8   0x00000001   Data   RW          661    .data.uwTickFreq    stm32f4xx_hal.o
    0x20000021   0x0800b4f9   0x00000003   PAD
    0x20000024   0x0800b4fc   0x00000004   Data   RW          660    .data.uwTickPrio    stm32f4xx_hal.o
    0x20000028   0x0800b500   0x00000004   Data   RW         2088    .data.uxCriticalNesting  port.o
    0x2000002c   0x0800b504   0x00000004   PAD
    0x20000030        -       0x00000060   Zero   RW         3267    .bss                c_w.l(libspace.o)
    0x20000090        -       0x00000064   Zero   RW           28    .bss.BleLogRxBuf    main.o
    0x200000f4        -       0x00000004   Zero   RW         2129    .bss.BleUart3TaskHandle  uart3_ble_proc.o
    0x200000f8        -       0x00000004   Zero   RW         2138    .bss.BuzzerTaskHandle  buzzer_proc.o
    0x200000fc        -       0x00000024   Zero   RW         2175    .bss.CAL_SBUS_CH    sbus_proc.o
    0x20000120        -       0x00000004   Zero   RW         2386    .bss.FlashTaskHandle  flash_proc.o
    0x20000124        -       0x00000004   Zero   RW         2397    .bss.FlowTaskHandle  flow_proc.o
    0x20000128        -       0x00000004   Zero   RW         2406    .bss.KeyTaskHandle  key_proc.o
    0x2000012c        -       0x00000004   Zero   RW         2157    .bss.MotorTaskHandle  motor_proc.o
    0x20000130        -       0x00000004   Zero   RW         2232    .bss.OLEDTaskHandle  oled_proc.o
    0x20000134        -       0x00000004   Zero   RW         2424    .bss.PCTaskHandle   pc_proc.o
    0x20000138        -       0x00000004   Zero   RW         2117    .bss.RGBTaskHandle  led_proc.o
    0x2000013c        -       0x00000001   Zero   RW         2112    .bss.RGB_Calibration.ledTemp  led_proc.o
    0x2000013d        -       0x00000001   Zero   RW         2114    .bss.RGB_Emergency.ledTemp  led_proc.o
    0x2000013e        -       0x00000001   Zero   RW         2116    .bss.RGB_Flying.ledTemp  led_proc.o
    0x2000013f        -       0x00000001   Zero   RW         2113    .bss.RGB_Normal.ledTemp  led_proc.o
    0x20000140        -       0x00000001   Zero   RW         2115    .bss.RGB_Unlocked.ledTemp  led_proc.o
    0x20000141   0x0800b504   0x00000001   PAD
    0x20000142        -       0x00000042   Zero   RW         2174    .bss.SBUS_CH        sbus_proc.o
    0x20000184        -       0x00000020   Zero   RW         2176    .bss.SbusChannels   sbus_proc.o
    0x200001a4        -       0x00000064   Zero   RW           23    .bss.SbusRxBuf      main.o
    0x20000208        -       0x00000004   Zero   RW         2177    .bss.SbusUart6TaskHandle  sbus_proc.o
    0x2000020c        -       0x00000004   Zero   RW         2322    .bss.SensorDataTaskHandle  ahrs.o
    0x20000210        -       0x00000004   Zero   RW         2289    .bss.Sensor_Data_Task_Proc.xLastWakeTime  ahrs.o
    0x20000214        -       0x00000004   Zero   RW         2383    .bss.W25QXX_SIZE    flash_proc.o
    0x20000218        -       0x00000002   Zero   RW         2382    .bss.W25QXX_TYPE    flash_proc.o
    0x2000021a        -       0x00000008   Zero   RW         2384    .bss.W25QXX_UID     flash_proc.o
    0x20000222   0x0800b504   0x00000002   PAD
    0x20000224        -       0x00000028   Zero   RW         2290    .bss.attitude_t     ahrs.o
    0x2000024c        -       0x00000060   Zero   RW          116    .bss.hdma_spi1_rx   spi.o
    0x200002ac        -       0x00000060   Zero   RW          117    .bss.hdma_spi1_tx   spi.o
    0x2000030c        -       0x00000060   Zero   RW          118    .bss.hdma_spi2_rx   spi.o
    0x2000036c        -       0x00000060   Zero   RW          200    .bss.hdma_uart4_rx  usart.o
    0x200003cc        -       0x00000060   Zero   RW          201    .bss.hdma_uart5_rx  usart.o
    0x2000042c        -       0x00000060   Zero   RW          202    .bss.hdma_uart5_tx  usart.o
    0x2000048c        -       0x00000060   Zero   RW          204    .bss.hdma_usart1_rx  usart.o
    0x200004ec        -       0x00000060   Zero   RW          203    .bss.hdma_usart1_tx  usart.o
    0x2000054c        -       0x00000060   Zero   RW          205    .bss.hdma_usart2_rx  usart.o
    0x200005ac        -       0x00000060   Zero   RW          206    .bss.hdma_usart2_tx  usart.o
    0x2000060c        -       0x00000060   Zero   RW          207    .bss.hdma_usart3_rx  usart.o
    0x2000066c        -       0x00000060   Zero   RW          208    .bss.hdma_usart3_tx  usart.o
    0x200006cc        -       0x00000060   Zero   RW          209    .bss.hdma_usart6_rx  usart.o
    0x2000072c        -       0x00000304   Zero   RW          225    .bss.hhcd_USB_OTG_FS  usb_otg.o
    0x20000a30        -       0x00000054   Zero   RW           95    .bss.hi2c1          i2c.o
    0x20000a84        -       0x00000058   Zero   RW          114    .bss.hspi1          spi.o
    0x20000adc        -       0x00000058   Zero   RW          115    .bss.hspi2          spi.o
    0x20000b34        -       0x00000048   Zero   RW          159    .bss.htim1          tim.o
    0x20000b7c        -       0x00000048   Zero   RW          165    .bss.htim10         tim.o
    0x20000bc4        -       0x00000048   Zero   RW          166    .bss.htim11         tim.o
    0x20000c0c        -       0x00000048   Zero   RW          167    .bss.htim12         tim.o
    0x20000c54        -       0x00000048   Zero   RW          160    .bss.htim3          tim.o
    0x20000c9c        -       0x00000048   Zero   RW          161    .bss.htim4          tim.o
    0x20000ce4        -       0x00000048   Zero   RW          162    .bss.htim5          tim.o
    0x20000d2c        -       0x00000048   Zero   RW          163    .bss.htim6          tim.o
    0x20000d74        -       0x00000048   Zero   RW          308    .bss.htim7          stm32f4xx_hal_timebase_tim.o
    0x20000dbc        -       0x00000048   Zero   RW          164    .bss.htim9          tim.o
    0x20000e04        -       0x00000044   Zero   RW          196    .bss.huart1         usart.o
    0x20000e48        -       0x00000044   Zero   RW          197    .bss.huart2         usart.o
    0x20000e8c        -       0x00000044   Zero   RW          198    .bss.huart3         usart.o
    0x20000ed0        -       0x00000044   Zero   RW          194    .bss.huart4         usart.o
    0x20000f14        -       0x00000044   Zero   RW          195    .bss.huart5         usart.o
    0x20000f58        -       0x00000044   Zero   RW          199    .bss.huart6         usart.o
    0x20000f9c        -       0x00000074   Zero   RW         2299    .bss.imudata_all    ahrs.o
    0x20001010        -       0x00000078   Zero   RW         1908    .bss.prvCheckForValidListAndQueue.ucStaticTimerQueueStorage  timers.o
    0x20001088        -       0x00000050   Zero   RW         1907    .bss.prvCheckForValidListAndQueue.xStaticTimerQueue  timers.o
    0x200010d8        -       0x00000004   Zero   RW         1904    .bss.prvSampleTimeNow.xLastTime  timers.o
    0x200010dc        -       0x00000004   Zero   RW         1834    .bss.pxCurrentTCB   tasks.o
    0x200010e0        -       0x00000004   Zero   RW         1902    .bss.pxCurrentTimerList  timers.o
    0x200010e4        -       0x00000004   Zero   RW         1844    .bss.pxDelayedTaskList  tasks.o
    0x200010e8        -       0x00000004   Zero   RW         2044    .bss.pxEnd          heap_4.o
    0x200010ec        -       0x00000004   Zero   RW         1845    .bss.pxOverflowDelayedTaskList  tasks.o
    0x200010f0        -       0x00000004   Zero   RW         1903    .bss.pxOverflowTimerList  timers.o
    0x200010f4        -       0x0000008c   Zero   RW         1835    .bss.pxReadyTasksLists  tasks.o
    0x20001180        -       0x00000004   Zero   RW         2288    .bss.sensorTimeCount  ahrs.o
    0x20001184        -       0x00000064   Zero   RW           24    .bss.uart1RX        main.o
    0x200011e8        -       0x000000c8   Zero   RW           27    .bss.uart2RX        main.o
    0x200012b0        -       0x000000c8   Zero   RW           26    .bss.uart4RX        main.o
    0x20001378        -       0x000000c8   Zero   RW           25    .bss.uart5RX        main.o
    0x20001440        -       0x00000001   Zero   RW         2153    .bss.uavSafeFlag    motor_proc.o
    0x20001441   0x0800b504   0x00000003   PAD
    0x20001444        -       0x00000160   Zero   RW         2156    .bss.uav_control_data  motor_proc.o
    0x200015a4        -       0x00003c00   Zero   RW         2051    .bss.ucHeap         heap_4.o
    0x200051a4        -       0x00000001   Zero   RW         2111    .bss.ucLed          led_proc.o
    0x200051a5        -       0x00000001   Zero   RW         2086    .bss.ucMaxSysCallPriority  port.o
    0x200051a6   0x0800b504   0x00000002   PAD
    0x200051a8        -       0x00000004   Zero   RW         2087    .bss.ulMaxPRIGROUPValue  port.o
    0x200051ac        -       0x00000004   Zero   RW         1853    .bss.ulTaskSwitchedInTime  tasks.o
    0x200051b0        -       0x00000004   Zero   RW         2155    .bss.unlockCount    motor_proc.o
    0x200051b4        -       0x00000004   Zero   RW          662    .bss.uwTick         stm32f4xx_hal.o
    0x200051b8        -       0x00000004   Zero   RW         1840    .bss.uxCurrentNumberOfTasks  tasks.o
    0x200051bc        -       0x00000004   Zero   RW         1839    .bss.uxDeletedTasksWaitingCleanUp  tasks.o
    0x200051c0        -       0x00000004   Zero   RW         1842    .bss.uxSchedulerSuspended  tasks.o
    0x200051c4        -       0x00000004   Zero   RW         1837    .bss.uxTaskNumber   tasks.o
    0x200051c8        -       0x00000004   Zero   RW         1836    .bss.uxTopReadyPriority  tasks.o
    0x200051cc        -       0x00000014   Zero   RW         1905    .bss.xActiveTimerList1  timers.o
    0x200051e0        -       0x00000014   Zero   RW         1906    .bss.xActiveTimerList2  timers.o
    0x200051f4        -       0x00000001   Zero   RW         2045    .bss.xBlockAllocatedBit  heap_4.o
    0x200051f5   0x0800b504   0x00000003   PAD
    0x200051f8        -       0x00000014   Zero   RW         1854    .bss.xDelayedTaskList1  tasks.o
    0x2000520c        -       0x00000014   Zero   RW         1855    .bss.xDelayedTaskList2  tasks.o
    0x20005220        -       0x00000004   Zero   RW         2046    .bss.xFreeBytesRemaining  heap_4.o
    0x20005224        -       0x00000200   Zero   RW           62    .bss.xIdleStack     freertos.o
    0x20005424        -       0x00000004   Zero   RW         1848    .bss.xIdleTaskHandle  tasks.o
    0x20005428        -       0x00000060   Zero   RW           61    .bss.xIdleTaskTCBBuffer  freertos.o
    0x20005488        -       0x00000004   Zero   RW         2048    .bss.xMinimumEverFreeBytesRemaining  heap_4.o
    0x2000548c        -       0x00000004   Zero   RW         1849    .bss.xNextTaskUnblockTime  tasks.o
    0x20005490        -       0x00000004   Zero   RW         1852    .bss.xNumOfOverflows  tasks.o
    0x20005494        -       0x00000004   Zero   RW         2049    .bss.xNumberOfSuccessfulAllocations  heap_4.o
    0x20005498        -       0x00000004   Zero   RW         2050    .bss.xNumberOfSuccessfulFrees  heap_4.o
    0x2000549c        -       0x00000004   Zero   RW         1851    .bss.xPendedTicks   tasks.o
    0x200054a0        -       0x00000014   Zero   RW         1847    .bss.xPendingReadyList  tasks.o
    0x200054b4        -       0x00000040   Zero   RW         1665    .bss.xQueueRegistry  queue.o
    0x200054f4        -       0x00000004   Zero   RW         1841    .bss.xSchedulerRunning  tasks.o
    0x200054f8        -       0x00000008   Zero   RW         2047    .bss.xStart         heap_4.o
    0x20005500        -       0x00000014   Zero   RW         1846    .bss.xSuspendedTaskList  tasks.o
    0x20005514        -       0x00000014   Zero   RW         1838    .bss.xTasksWaitingTermination  tasks.o
    0x20005528        -       0x00000004   Zero   RW         1843    .bss.xTickCount     tasks.o
    0x2000552c        -       0x00000004   Zero   RW         1900    .bss.xTimerQueue    timers.o
    0x20005530        -       0x00000400   Zero   RW           64    .bss.xTimerStack    freertos.o
    0x20005930        -       0x00000004   Zero   RW         1901    .bss.xTimerTaskHandle  timers.o
    0x20005934        -       0x00000060   Zero   RW           63    .bss.xTimerTaskTCBBuffer  freertos.o
    0x20005994        -       0x00000004   Zero   RW         1850    .bss.xYieldPending  tasks.o
    0x20005998        -       0x00000200   Zero   RW            2    HEAP                startup_stm32f40_41xxx.o
    0x20005b98        -       0x00000400   Zero   RW            1    STACK               startup_stm32f40_41xxx.o


    Execution Region RW_IRAM2 (Exec base: 0x2001c000, Load base: 0x0800b508, Size: 0x00000000, Max: 0x00004000, ABSOLUTE)

    **** No section assigned to this execution region ****


==============================================================================

Image component sizes


      Code (inc. data)   RO Data    RW Data    ZI Data      Debug   Object Name

      1354         20          0          2        168      22602   ahrs.o
        10          0          0          0          4       1139   buzzer_proc.o
       120          0          0          0          0      24591   cmsis_os.o
       140          0          0          0          0       3509   dma.o
      1172          0          0          0         18      18528   flash_proc.o
         8          0          0          0          4       1128   flow_proc.o
       732        140        282          0       1728       3906   freertos.o
       338          0          0          0          0       2303   gpio.o
       664          0          0          0      15389       5041   heap_4.o
       212          0          0          0         84       7170   i2c.o
         8          0          0          0          4       1122   key_proc.o
       242          4          0          0         10       3807   led_proc.o
       150          0          0          0          0       2227   list.o
       826          0          0          0        900       8360   main.o
      1076         56          0          0        361       4264   motor_proc.o
      1572         72         17         23          4      14325   oled_proc.o
         0          0       2056          0          0        549   oledfont.o
        16          0          0          0          4       7677   pc_proc.o
       292          8          0          0          0       1927   pid.o
       806         16          0          4          5       4062   port.o
      1398          0          0          0         64      22229   queue.o
       900         12          0          0        138       4931   sbus_proc.o
       650          0          0          0        464       7797   spi.o
        64         26        392          0       1536        860   startup_stm32f40_41xxx.o
       132          0          0          5          4       7291   stm32f4xx_hal.o
       150          0          0          0          0      10507   stm32f4xx_hal_cortex.o
      1038          4          8          0          0       9793   stm32f4xx_hal_dma.o
       422          0          0          0          0       5064   stm32f4xx_hal_gpio.o
       190          0          0          0          0      13267   stm32f4xx_hal_hcd.o
      3730         16          0          0          0      44816   stm32f4xx_hal_i2c.o
        66          0          0          0          0       3532   stm32f4xx_hal_msp.o
      1432          0          0          0          0       7363   stm32f4xx_hal_rcc.o
      1220          0          0          0          0      23332   stm32f4xx_hal_spi.o
      2882          8          0          0          0      55201   stm32f4xx_hal_tim.o
       264          0          0          0          0      21519   stm32f4xx_hal_tim_ex.o
       142          0          0          0         72       7118   stm32f4xx_hal_timebase_tim.o
      2232          0          0          0          0      27153   stm32f4xx_hal_uart.o
       252          0          0          0          0       9493   stm32f4xx_it.o
       616          0          0          0          0      25456   stm32f4xx_ll_usb.o
        18          0         24          4          0       2650   system_stm32f4xx.o
      3240          8          0          0        304      39169   tasks.o
      2186          0          0          0        648      12083   tim.o
      1152         26          0          0        260      15620   timers.o
         8          0          0          0          4       1359   uart3_ble_proc.o
      1700          0          0          0       1368       9576   usart.o
       174          0          0          0        772       5008   usb_otg.o

    ----------------------------------------------------------------------
     36248        420       2812         44      24332     530424   Object Totals
         0          0         32          0          0          0   (incl. Generated)
       252          4          1          6         15          0   (incl. Padding)

    ----------------------------------------------------------------------

      Code (inc. data)   RO Data    RW Data    ZI Data      Debug   Library Member Name

         8          0          0          0          0         68   __main.o
       312          4         17          0          0         92   __printf_flags_wp.o
        14          0          0          0          0         68   __printf_wp.o
         0          0          0          0          0          0   __rtentry.o
        12          0          0          0          0          0   __rtentry2.o
         6          0          0          0          0          0   __rtentry4.o
        52          8          0          0          0          0   __scatter.o
        26          0          0          0          0          0   __scatter_copy.o
        28          0          0          0          0          0   __scatter_zi.o
         6          0          0          0          0          0   _printf_c.o
        44          0          0          0          0        108   _printf_char.o
        48          6          0          0          0         96   _printf_char_common.o
       120         16          0          0          0         92   _printf_dec.o
         6          0          0          0          0          0   _printf_f.o
      1052          0          0          0          0        148   _printf_fp_dec.o
       128         16          0          0          0         84   _printf_fp_infnan.o
       178          0          0          0          0         88   _printf_intcommon.o
         0          0          0          0          0          0   _printf_percent.o
         4          0          0          0          0          0   _printf_percent_end.o
        82          0          0          0          0         80   _printf_str.o
         6          0          0          0          0          0   _printf_u.o
        22          0          0          0          0        100   _rserrno.o
        10          0          0          0          0         68   _sputc.o
        16          0          0          0          0         68   aeabi_memset4.o
       228          4        148          0          0         96   bigflt0.o
      1936        128          0          0          0        668   btod.o
        18          0          0          0          0         80   exit.o
         6          0          0          0          0        152   heapauxi.o
         0          0          0          0          0          0   indicate_semi.o
        44         10         28          0          0         76   lc_numeric_c.o
         2          0          0          0          0          0   libinit.o
        22          0          0          0          0          0   libinit2.o
         2          0          0          0          0          0   libshutdown.o
         2          0          0          0          0          0   libshutdown2.o
         8          4          0          0         96         68   libspace.o
       138          0          0          0          0         80   lludiv10.o
       240          0          0          0          0        100   lludivv7m.o
        40          6          0          0          0         84   noretval__2sprintf.o
         8          4          0          0          0         68   rt_errno_addr_intlibspace.o
         8          4          0          0          0         68   rt_locale_intlibspace.o
        78          0          0          0          0         80   rt_memclr_w.o
       138          0          0          0          0         68   rt_memcpy_v6.o
       100          0          0          0          0         80   rt_memcpy_w.o
         2          0          0          0          0          0   rtexit.o
        10          0          0          0          0          0   rtexit2.o
       124          0          0          0          0         88   strcmpv7em.o
        12          4          0          0          0         68   sys_exit.o
        74          0          0          0          0         80   sys_stackheap_outer.o
         2          0          0          0          0         68   use_no_semi.o
        98          4          0          0          0        140   d2f.o
        16          4          0          0          0        116   dcheck1.o
        24          0          0          0          0        116   dcmpi.o
       120          4          0          0          0        140   deqf.o
       340         12          0          0          0        152   dmul.o
       156          4          0          0          0        140   dnaninf.o
        12          0          0          0          0        116   dretinf.o
        86          4          0          0          0        132   f2d.o
       140          4          0          0          0        132   fnaninf.o
        26          0          0          0          0        116   fpinit.o
        10          0          0          0          0        116   fretinf.o
         4          0          0          0          0        116   printf1.o
       100          0          0          0          0        116   retnan.o
        92          0          0          0          0        116   scalbn.o
        48          0          0          0          0        116   trapv.o
         0          0          0          0          0          0   usenofp.o
        64         16          0          0          0        248   dunder.o
        48          0          0          0          0        124   fpclassify.o
       208          8          0          0          0        184   ldexp.o

    ----------------------------------------------------------------------
      7038        274        194          0         96       5668   Library Totals
        24          0          1          0          0          0   (incl. Padding)

    ----------------------------------------------------------------------

      Code (inc. data)   RO Data    RW Data    ZI Data      Debug   Library Name

      5422        214        193          0         96       3232   c_w.l
      1272         36          0          0          0       1880   fz_wm.l
       320         24          0          0          0        556   m_wm.l

    ----------------------------------------------------------------------
      7038        274        194          0         96       5668   Library Totals

    ----------------------------------------------------------------------

==============================================================================


      Code (inc. data)   RO Data    RW Data    ZI Data      Debug   

     43286        694       3006         44      24428     531764   Grand Totals
     43286        694       3006         44      24428     531764   ELF Image Totals
     43286        694       3006         44          0          0   ROM Totals

==============================================================================

    Total RO  Size (Code + RO Data)                46292 (  45.21kB)
    Total RW  Size (RW Data + ZI Data)             24472 (  23.90kB)
    Total ROM Size (Code + RO Data + RW Data)      46336 (  45.25kB)

==============================================================================

