Component: Arm Compiler for Embedded 6.19 Tool: armlink [5e73cb00]

==============================================================================

Section Cross References

    startup_stm32f40_41xxx.o(STACK) refers (Special) to heapauxi.o(.text) for __use_two_region_memory
    startup_stm32f40_41xxx.o(HEAP) refers (Special) to heapauxi.o(.text) for __use_two_region_memory
    startup_stm32f40_41xxx.o(RESET) refers (Special) to heapauxi.o(.text) for __use_two_region_memory
    startup_stm32f40_41xxx.o(RESET) refers to startup_stm32f40_41xxx.o(STACK) for __initial_sp
    startup_stm32f40_41xxx.o(RESET) refers to startup_stm32f40_41xxx.o(.text) for Reset_Handler
    startup_stm32f40_41xxx.o(RESET) refers to stm32f4xx_it.o(.text.NMI_Handler) for NMI_Handler
    startup_stm32f40_41xxx.o(RESET) refers to stm32f4xx_it.o(.text.HardFault_Handler) for HardFault_Handler
    startup_stm32f40_41xxx.o(RESET) refers to stm32f4xx_it.o(.text.MemManage_Handler) for MemManage_Handler
    startup_stm32f40_41xxx.o(RESET) refers to stm32f4xx_it.o(.text.BusFault_Handler) for BusFault_Handler
    startup_stm32f40_41xxx.o(RESET) refers to stm32f4xx_it.o(.text.UsageFault_Handler) for UsageFault_Handler
    startup_stm32f40_41xxx.o(RESET) refers to port.o(.text.SVC_Handler) for SVC_Handler
    startup_stm32f40_41xxx.o(RESET) refers to stm32f4xx_it.o(.text.DebugMon_Handler) for DebugMon_Handler
    startup_stm32f40_41xxx.o(RESET) refers to port.o(.text.PendSV_Handler) for PendSV_Handler
    startup_stm32f40_41xxx.o(RESET) refers to port.o(.text.SysTick_Handler) for SysTick_Handler
    startup_stm32f40_41xxx.o(RESET) refers to stm32f4xx_it.o(.text.DMA1_Stream3_IRQHandler) for DMA1_Stream3_IRQHandler
    startup_stm32f40_41xxx.o(RESET) refers to stm32f4xx_it.o(.text.DMA1_Stream4_IRQHandler) for DMA1_Stream4_IRQHandler
    startup_stm32f40_41xxx.o(RESET) refers to stm32f4xx_it.o(.text.DMA1_Stream6_IRQHandler) for DMA1_Stream6_IRQHandler
    startup_stm32f40_41xxx.o(RESET) refers to stm32f4xx_it.o(.text.TIM1_CC_IRQHandler) for TIM1_CC_IRQHandler
    startup_stm32f40_41xxx.o(RESET) refers to stm32f4xx_it.o(.text.TIM4_IRQHandler) for TIM4_IRQHandler
    startup_stm32f40_41xxx.o(RESET) refers to stm32f4xx_it.o(.text.I2C1_EV_IRQHandler) for I2C1_EV_IRQHandler
    startup_stm32f40_41xxx.o(RESET) refers to stm32f4xx_it.o(.text.I2C1_ER_IRQHandler) for I2C1_ER_IRQHandler
    startup_stm32f40_41xxx.o(RESET) refers to stm32f4xx_it.o(.text.SPI1_IRQHandler) for SPI1_IRQHandler
    startup_stm32f40_41xxx.o(RESET) refers to stm32f4xx_it.o(.text.SPI2_IRQHandler) for SPI2_IRQHandler
    startup_stm32f40_41xxx.o(RESET) refers to stm32f4xx_it.o(.text.USART1_IRQHandler) for USART1_IRQHandler
    startup_stm32f40_41xxx.o(RESET) refers to stm32f4xx_it.o(.text.USART2_IRQHandler) for USART2_IRQHandler
    startup_stm32f40_41xxx.o(RESET) refers to stm32f4xx_it.o(.text.USART3_IRQHandler) for USART3_IRQHandler
    startup_stm32f40_41xxx.o(RESET) refers to stm32f4xx_it.o(.text.DMA1_Stream7_IRQHandler) for DMA1_Stream7_IRQHandler
    startup_stm32f40_41xxx.o(RESET) refers to stm32f4xx_it.o(.text.TIM5_IRQHandler) for TIM5_IRQHandler
    startup_stm32f40_41xxx.o(RESET) refers to stm32f4xx_it.o(.text.UART4_IRQHandler) for UART4_IRQHandler
    startup_stm32f40_41xxx.o(RESET) refers to stm32f4xx_it.o(.text.UART5_IRQHandler) for UART5_IRQHandler
    startup_stm32f40_41xxx.o(RESET) refers to stm32f4xx_it.o(.text.TIM6_DAC_IRQHandler) for TIM6_DAC_IRQHandler
    startup_stm32f40_41xxx.o(RESET) refers to stm32f4xx_it.o(.text.TIM7_IRQHandler) for TIM7_IRQHandler
    startup_stm32f40_41xxx.o(RESET) refers to stm32f4xx_it.o(.text.DMA2_Stream7_IRQHandler) for DMA2_Stream7_IRQHandler
    startup_stm32f40_41xxx.o(RESET) refers to stm32f4xx_it.o(.text.USART6_IRQHandler) for USART6_IRQHandler
    startup_stm32f40_41xxx.o(.text) refers (Special) to heapauxi.o(.text) for __use_two_region_memory
    startup_stm32f40_41xxx.o(.text) refers to system_stm32f4xx.o(.text.SystemInit) for SystemInit
    startup_stm32f40_41xxx.o(.text) refers to __main.o(!!!main) for __main
    startup_stm32f40_41xxx.o(.text) refers to startup_stm32f40_41xxx.o(HEAP) for Heap_Mem
    startup_stm32f40_41xxx.o(.text) refers to startup_stm32f40_41xxx.o(STACK) for Stack_Mem
    main.o(.text.main) refers to stm32f4xx_hal.o(.text.HAL_Init) for HAL_Init
    main.o(.text.main) refers to main.o(.text.SystemClock_Config) for SystemClock_Config
    main.o(.text.main) refers to gpio.o(.text.MX_GPIO_Init) for MX_GPIO_Init
    main.o(.text.main) refers to dma.o(.text.MX_DMA_Init) for MX_DMA_Init
    main.o(.text.main) refers to i2c.o(.text.MX_I2C1_Init) for MX_I2C1_Init
    main.o(.text.main) refers to spi.o(.text.MX_SPI1_Init) for MX_SPI1_Init
    main.o(.text.main) refers to spi.o(.text.MX_SPI2_Init) for MX_SPI2_Init
    main.o(.text.main) refers to tim.o(.text.MX_TIM1_Init) for MX_TIM1_Init
    main.o(.text.main) refers to tim.o(.text.MX_TIM3_Init) for MX_TIM3_Init
[...]
    APBPrescTable                            0x0800e5c4   Data           8  system_stm32f4xx.o(.rodata.APBPrescTable)
    F6x8                                     0x0800e5cc   Data         552  oledfont.o(.rodata.F6x8)
    F8X16                                    0x0800e7f4   Data        1504  oledfont.o(.rodata.F8X16)
    Region$$Table$$Base                      0x0800eedc   Number         0  anon$$obj.o(Region$$Table)
    Region$$Table$$Limit                     0x0800eefc   Number         0  anon$$obj.o(Region$$Table)
    AK8975Flag                               0x20000000   Data           1  ahrs.o(.data.AK8975Flag)
    AccCalFlag                               0x20000001   Data           1  ahrs.o(.data.AccCalFlag)
    Bmi088Init_Flag                          0x20000002   Data           1  ahrs.o(.data.Bmi088Init_Flag)
    GyroCalFlag                              0x20000003   Data           1  ahrs.o(.data.GyroCalFlag)
    OLED_Init_CMD_Data                       0x20000004   Data          23  oled_proc.o(.data.OLED_Init_CMD_Data)
    SPL06Flag                                0x2000001b   Data           1  ahrs.o(.data.SPL06Flag)
    SystemCoreClock                          0x2000001c   Data           4  system_stm32f4xx.o(.data.SystemCoreClock)
    displayPage                              0x20000020   Data           1  oled_proc.o(.data.displayPage)
    q0                                       0x20000024   Data           4  ahrs.o(.data.q0)
    uwTickFreq                               0x20000028   Data           1  stm32f4xx_hal.o(.data.uwTickFreq)
    uwTickPrio                               0x2000002c   Data           4  stm32f4xx_hal.o(.data.uwTickPrio)
    __libspace_start                         0x20000038   Data          96  libspace.o(.bss)
    __temporary_stack_top$libspace           0x20000098   Data           0  libspace.o(.bss)
    BaroPressure                             0x2000009c   Data           4  spl06.o(.bss.BaroPressure)
    BleLogRxBuf                              0x200000a0   Data         100  main.o(.bss.BleLogRxBuf)
    BleUart3TaskHandle                       0x20000104   Data           4  uart3_ble_proc.o(.bss.BleUart3TaskHandle)
    BuzzerTaskHandle                         0x20000108   Data           4  buzzer_proc.o(.bss.BuzzerTaskHandle)
    CAL_SBUS_CH                              0x2000010c   Data          18  sbus_proc.o(.bss.CAL_SBUS_CH)
    FlashTaskHandle                          0x20000120   Data           4  flash_proc.o(.bss.FlashTaskHandle)
    FlowTaskHandle                           0x20000124   Data           4  flow_proc.o(.bss.FlowTaskHandle)
    KeyTaskHandle                            0x20000128   Data           4  key_proc.o(.bss.KeyTaskHandle)
    MotorTaskHandle                          0x2000012c   Data           4  motor_proc.o(.bss.MotorTaskHandle)
    OLEDTaskHandle                           0x20000130   Data           4  oled_proc.o(.bss.OLEDTaskHandle)
    PCTaskHandle                             0x20000134   Data           4  pc_proc.o(.bss.PCTaskHandle)
    RGBTaskHandle                            0x20000138   Data           4  led_proc.o(.bss.RGBTaskHandle)
    SBUS_CH                                  0x20000142   Data          66  sbus_proc.o(.bss.SBUS_CH)
    SbusChannels                             0x20000184   Data          32  sbus_proc.o(.bss.SbusChannels)
    SbusRxBuf                                0x200001a4   Data         100  main.o(.bss.SbusRxBuf)
    SbusUart6TaskHandle                      0x20000208   Data           4  sbus_proc.o(.bss.SbusUart6TaskHandle)
    SensorDataTaskHandle                     0x2000020c   Data           4  ahrs.o(.bss.SensorDataTaskHandle)
    SensorError                              0x20000210   Data           1  ahrs.o(.bss.SensorError)
    Temperature                              0x20000228   Data           4  spl06.o(.bss.Temperature)
    W25QXX_SIZE                              0x2000022c   Data           4  flash_proc.o(.bss.W25QXX_SIZE)
    W25QXX_TYPE                              0x20000230   Data           2  flash_proc.o(.bss.W25QXX_TYPE)
    W25QXX_UID                               0x20000232   Data           8  flash_proc.o(.bss.W25QXX_UID)
    attitude_t                               0x20000240   Data          40  ahrs.o(.bss.attitude_t)
    exInt                                    0x20000268   Data           4  ahrs.o(.bss.exInt)
    eyInt                                    0x2000026c   Data           4  ahrs.o(.bss.eyInt)
    ezInt                                    0x20000270   Data           4  ahrs.o(.bss.ezInt)
    hdma_spi1_rx                             0x20000274   Data          96  spi.o(.bss.hdma_spi1_rx)
    hdma_spi1_tx                             0x200002d4   Data          96  spi.o(.bss.hdma_spi1_tx)
    hdma_spi2_rx                             0x20000334   Data          96  spi.o(.bss.hdma_spi2_rx)
    hdma_uart4_rx                            0x20000394   Data          96  usart.o(.bss.hdma_uart4_rx)
    hdma_uart5_rx                            0x200003f4   Data          96  usart.o(.bss.hdma_uart5_rx)
    hdma_uart5_tx                            0x20000454   Data          96  usart.o(.bss.hdma_uart5_tx)
    hdma_usart1_rx                           0x200004b4   Data          96  usart.o(.bss.hdma_usart1_rx)
    hdma_usart1_tx                           0x20000514   Data          96  usart.o(.bss.hdma_usart1_tx)
    hdma_usart2_rx                           0x20000574   Data          96  usart.o(.bss.hdma_usart2_rx)
    hdma_usart2_tx                           0x200005d4   Data          96  usart.o(.bss.hdma_usart2_tx)
    hdma_usart3_rx                           0x20000634   Data          96  usart.o(.bss.hdma_usart3_rx)
    hdma_usart3_tx                           0x20000694   Data          96  usart.o(.bss.hdma_usart3_tx)
    hdma_usart6_rx                           0x200006f4   Data          96  usart.o(.bss.hdma_usart6_rx)
    hhcd_USB_OTG_FS                          0x20000754   Data         772  usb_otg.o(.bss.hhcd_USB_OTG_FS)
    hi2c1                                    0x20000a58   Data          84  i2c.o(.bss.hi2c1)
    hspi1                                    0x20000aac   Data          88  spi.o(.bss.hspi1)
    hspi2                                    0x20000b04   Data          88  spi.o(.bss.hspi2)
    htim1                                    0x20000b5c   Data          72  tim.o(.bss.htim1)
    htim10                                   0x20000ba4   Data          72  tim.o(.bss.htim10)
    htim11                                   0x20000bec   Data          72  tim.o(.bss.htim11)
    htim12                                   0x20000c34   Data          72  tim.o(.bss.htim12)
    htim3                                    0x20000c7c   Data          72  tim.o(.bss.htim3)
    htim4                                    0x20000cc4   Data          72  tim.o(.bss.htim4)
    htim5                                    0x20000d0c   Data          72  tim.o(.bss.htim5)
    htim6                                    0x20000d54   Data          72  tim.o(.bss.htim6)
    htim7                                    0x20000d9c   Data          72  stm32f4xx_hal_timebase_tim.o(.bss.htim7)
    htim9                                    0x20000de4   Data          72  tim.o(.bss.htim9)
    huart1                                   0x20000e2c   Data          68  usart.o(.bss.huart1)
    huart2                                   0x20000e70   Data          68  usart.o(.bss.huart2)
    huart3                                   0x20000eb4   Data          68  usart.o(.bss.huart3)
    huart4                                   0x20000ef8   Data          68  usart.o(.bss.huart4)
    huart5                                   0x20000f3c   Data          68  usart.o(.bss.huart5)
    huart6                                   0x20000f80   Data          68  usart.o(.bss.huart6)
    imu_temperature_control_pid              0x20000fc4   Data          40  ahrs.o(.bss.imu_temperature_control_pid)
    imu_temperature_control_pid_data         0x20000fec   Data          28  ahrs.o(.bss.imu_temperature_control_pid_data)
    imudata_all                              0x20001008   Data         120  ahrs.o(.bss.imudata_all)
    pxCurrentTCB                             0x2000114c   Data           4  tasks.o(.bss.pxCurrentTCB)
    q1                                       0x200011f0   Data           4  ahrs.o(.bss.q1)
    q2                                       0x200011f4   Data           4  ahrs.o(.bss.q2)
    q3                                       0x200011f8   Data           4  ahrs.o(.bss.q3)
    raw                                      0x200011fc   Data          72  ahrs.o(.bss.raw)
    sensorTimeCount                          0x20001244   Data           4  ahrs.o(.bss.sensorTimeCount)
    test_acc                                 0x20001280   Data          12  ahrs.o(.bss.test_acc)
    test_gyro                                0x2000128c   Data          12  ahrs.o(.bss.test_gyro)
    test_mag                                 0x20001298   Data          12  ahrs.o(.bss.test_mag)
    uart1RX                                  0x200012a4   Data         100  main.o(.bss.uart1RX)
    uart2RX                                  0x20001308   Data         200  main.o(.bss.uart2RX)
    uart4RX                                  0x200013d0   Data         200  main.o(.bss.uart4RX)
    uart5RX                                  0x20001498   Data         200  main.o(.bss.uart5RX)
    uavSafeFlag                              0x20001560   Data           1  motor_proc.o(.bss.uavSafeFlag)
    uav_control_data                         0x20001564   Data         352  motor_proc.o(.bss.uav_control_data)
    ucLed                                    0x200052c4   Data           1  led_proc.o(.bss.ucLed)
    unlockCount                              0x200052d0   Data           4  motor_proc.o(.bss.unlockCount)
    uwTick                                   0x200052d4   Data           4  stm32f4xx_hal.o(.bss.uwTick)
    xQueueRegistry                           0x200055d4   Data          64  queue.o(.bss.xQueueRegistry)



==============================================================================

Memory Map of the image

  Image Entry point : 0x08000189

  Load Region LR_IROM1 (Base: 0x08000000, Size: 0x0000ef50, Max: 0x00080000, ABSOLUTE)

    Execution Region ER_IROM1 (Exec base: 0x08000000, Load base: 0x08000000, Size: 0x0000ef18, Max: 0x00080000, ABSOLUTE)

    Exec Addr    Load Addr    Size         Type   Attr      Idx    E Section Name        Object

    0x08000000   0x08000000   0x00000188   Data   RO            3    RESET               startup_stm32f40_41xxx.o
    0x08000188   0x08000188   0x00000008   Code   RO         3000  * !!!main             c_w.l(__main.o)
    0x08000190   0x08000190   0x00000034   Code   RO         3431    !!!scatter          c_w.l(__scatter.o)
    0x080001c4   0x080001c4   0x0000001a   Code   RO         3433    !!handler_copy      c_w.l(__scatter_copy.o)
    0x080001de   0x080001de   0x00000002   PAD
    0x080001e0   0x080001e0   0x0000001c   Code   RO         3435    !!handler_zi        c_w.l(__scatter_zi.o)
    0x080001fc   0x080001fc   0x00000000   Code   RO         2979    .ARM.Collect$$_printf_percent$$00000000  c_w.l(_printf_percent.o)
    0x080001fc   0x080001fc   0x00000006   Code   RO         2978    .ARM.Collect$$_printf_percent$$00000003  c_w.l(_printf_f.o)
    0x08000202   0x08000202   0x00000006   Code   RO         2976    .ARM.Collect$$_printf_percent$$00000009  c_w.l(_printf_d.o)
    0x08000208   0x08000208   0x00000006   Code   RO         2977    .ARM.Collect$$_printf_percent$$0000000A  c_w.l(_printf_u.o)
    0x0800020e   0x0800020e   0x00000006   Code   RO         2975    .ARM.Collect$$_printf_percent$$00000013  c_w.l(_printf_c.o)
    0x08000214   0x08000214   0x00000004   Code   RO         3123    .ARM.Collect$$_printf_percent$$00000017  c_w.l(_printf_percent_end.o)
    0x08000218   0x08000218   0x00000002   Code   RO         3290    .ARM.Collect$$libinit$$00000000  c_w.l(libinit.o)
    0x0800021a   0x0800021a   0x00000004   Code   RO         3291    .ARM.Collect$$libinit$$00000001  c_w.l(libinit2.o)
    0x0800021e   0x0800021e   0x00000000   Code   RO         3294    .ARM.Collect$$libinit$$00000004  c_w.l(libinit2.o)
    0x0800021e   0x0800021e   0x00000000   Code   RO         3296    .ARM.Collect$$libinit$$00000006  c_w.l(libinit2.o)
    0x0800021e   0x0800021e   0x00000000   Code   RO         3299    .ARM.Collect$$libinit$$0000000C  c_w.l(libinit2.o)
    0x0800021e   0x0800021e   0x00000000   Code   RO         3301    .ARM.Collect$$libinit$$0000000E  c_w.l(libinit2.o)
    0x0800021e   0x0800021e   0x00000000   Code   RO         3303    .ARM.Collect$$libinit$$00000010  c_w.l(libinit2.o)
    0x0800021e   0x0800021e   0x00000006   Code   RO         3304    .ARM.Collect$$libinit$$00000011  c_w.l(libinit2.o)
    0x08000224   0x08000224   0x00000000   Code   RO         3306    .ARM.Collect$$libinit$$00000013  c_w.l(libinit2.o)
    0x08000224   0x08000224   0x00000000   Code   RO         3308    .ARM.Collect$$libinit$$00000015  c_w.l(libinit2.o)
    0x08000224   0x08000224   0x00000000   Code   RO         3310    .ARM.Collect$$libinit$$00000017  c_w.l(libinit2.o)
    0x08000224   0x08000224   0x0000000a   Code   RO         3311    .ARM.Collect$$libinit$$00000018  c_w.l(libinit2.o)
    0x0800022e   0x0800022e   0x00000000   Code   RO         3312    .ARM.Collect$$libinit$$00000019  c_w.l(libinit2.o)
    0x0800022e   0x0800022e   0x00000000   Code   RO         3314    .ARM.Collect$$libinit$$0000001B  c_w.l(libinit2.o)
    0x0800022e   0x0800022e   0x00000000   Code   RO         3316    .ARM.Collect$$libinit$$0000001D  c_w.l(libinit2.o)
    0x0800022e   0x0800022e   0x00000000   Code   RO         3318    .ARM.Collect$$libinit$$0000001F  c_w.l(libinit2.o)
    0x0800022e   0x0800022e   0x00000000   Code   RO         3320    .ARM.Collect$$libinit$$00000021  c_w.l(libinit2.o)
    0x0800022e   0x0800022e   0x00000000   Code   RO         3322    .ARM.Collect$$libinit$$00000023  c_w.l(libinit2.o)
    0x0800022e   0x0800022e   0x00000000   Code   RO         3324    .ARM.Collect$$libinit$$00000025  c_w.l(libinit2.o)
    0x0800022e   0x0800022e   0x00000000   Code   RO         3326    .ARM.Collect$$libinit$$00000027  c_w.l(libinit2.o)
    0x0800022e   0x0800022e   0x00000000   Code   RO         3330    .ARM.Collect$$libinit$$0000002E  c_w.l(libinit2.o)
    0x0800022e   0x0800022e   0x00000000   Code   RO         3332    .ARM.Collect$$libinit$$00000030  c_w.l(libinit2.o)
    0x0800022e   0x0800022e   0x00000000   Code   RO         3334    .ARM.Collect$$libinit$$00000032  c_w.l(libinit2.o)
    0x0800022e   0x0800022e   0x00000000   Code   RO         3336    .ARM.Collect$$libinit$$00000034  c_w.l(libinit2.o)
    0x0800022e   0x0800022e   0x00000002   Code   RO         3337    .ARM.Collect$$libinit$$00000035  c_w.l(libinit2.o)
    0x08000230   0x08000230   0x00000002   Code   RO         3396    .ARM.Collect$$libshutdown$$00000000  c_w.l(libshutdown.o)
    0x08000232   0x08000232   0x00000000   Code   RO         3414    .ARM.Collect$$libshutdown$$00000002  c_w.l(libshutdown2.o)
    0x08000232   0x08000232   0x00000000   Code   RO         3416    .ARM.Collect$$libshutdown$$00000004  c_w.l(libshutdown2.o)
    0x08000232   0x08000232   0x00000000   Code   RO         3419    .ARM.Collect$$libshutdown$$00000007  c_w.l(libshutdown2.o)
    0x08000232   0x08000232   0x00000000   Code   RO         3422    .ARM.Collect$$libshutdown$$0000000A  c_w.l(libshutdown2.o)
    0x08000232   0x08000232   0x00000000   Code   RO         3424    .ARM.Collect$$libshutdown$$0000000C  c_w.l(libshutdown2.o)
    0x08000232   0x08000232   0x00000000   Code   RO         3427    .ARM.Collect$$libshutdown$$0000000F  c_w.l(libshutdown2.o)
    0x08000232   0x08000232   0x00000002   Code   RO         3428    .ARM.Collect$$libshutdown$$00000010  c_w.l(libshutdown2.o)
    0x08000234   0x08000234   0x00000000   Code   RO         3104    .ARM.Collect$$rtentry$$00000000  c_w.l(__rtentry.o)
    0x08000234   0x08000234   0x00000000   Code   RO         3202    .ARM.Collect$$rtentry$$00000002  c_w.l(__rtentry2.o)
    0x08000234   0x08000234   0x00000006   Code   RO         3214    .ARM.Collect$$rtentry$$00000004  c_w.l(__rtentry4.o)
    0x0800023a   0x0800023a   0x00000000   Code   RO         3204    .ARM.Collect$$rtentry$$00000009  c_w.l(__rtentry2.o)
    0x0800023a   0x0800023a   0x00000004   Code   RO         3205    .ARM.Collect$$rtentry$$0000000A  c_w.l(__rtentry2.o)
    0x0800023e   0x0800023e   0x00000000   Code   RO         3207    .ARM.Collect$$rtentry$$0000000C  c_w.l(__rtentry2.o)
    0x0800023e   0x0800023e   0x00000008   Code   RO         3208    .ARM.Collect$$rtentry$$0000000D  c_w.l(__rtentry2.o)
    0x08000246   0x08000246   0x00000002   Code   RO         3340    .ARM.Collect$$rtexit$$00000000  c_w.l(rtexit.o)
    0x08000248   0x08000248   0x00000000   Code   RO         3361    .ARM.Collect$$rtexit$$00000002  c_w.l(rtexit2.o)
    0x08000248   0x08000248   0x00000004   Code   RO         3362    .ARM.Collect$$rtexit$$00000003  c_w.l(rtexit2.o)
    0x0800024c   0x0800024c   0x00000006   Code   RO         3363    .ARM.Collect$$rtexit$$00000004  c_w.l(rtexit2.o)
    0x08000252   0x08000252   0x00000002   PAD
    0x08000254   0x08000254   0x00000040   Code   RO            4    .text               startup_stm32f40_41xxx.o
    0x08000294   0x08000294   0x000000f0   Code   RO         2943    .text               c_w.l(lludivv7m.o)
    0x08000384   0x08000384   0x00000028   Code   RO         2947    .text               c_w.l(noretval__2sprintf.o)
    0x080003ac   0x080003ac   0x00000052   Code   RO         2951    .text               c_w.l(_printf_str.o)
    0x080003fe   0x080003fe   0x00000002   PAD
    0x08000400   0x08000400   0x00000078   Code   RO         2953    .text               c_w.l(_printf_dec.o)
    0x08000478   0x08000478   0x00000138   Code   RO         2967    .text               c_w.l(__printf_flags_wp.o)
    0x080005b0   0x080005b0   0x0000008a   Code   RO         2984    .text               c_w.l(rt_memcpy_v6.o)
    0x0800063a   0x0800063a   0x00000064   Code   RO         2986    .text               c_w.l(rt_memcpy_w.o)
    0x0800069e   0x0800069e   0x00000010   Code   RO         2990    .text               c_w.l(aeabi_memset4.o)
    0x080006ae   0x080006ae   0x0000004e   Code   RO         2994    .text               c_w.l(rt_memclr_w.o)
    0x080006fc   0x080006fc   0x00000004   PAD
    0x08000700   0x08000700   0x0000007c   Code   RO         2996    .text               c_w.l(strcmpv7em.o)
    0x0800077c   0x0800077c   0x00000006   Code   RO         2998    .text               c_w.l(heapauxi.o)
    0x08000782   0x08000782   0x00000016   Code   RO         3109    .text               c_w.l(_rserrno.o)
    0x08000798   0x08000798   0x000000b2   Code   RO         3111    .text               c_w.l(_printf_intcommon.o)
    0x0800084a   0x0800084a   0x0000041c   Code   RO         3113    .text               c_w.l(_printf_fp_dec.o)
    0x08000c66   0x08000c66   0x00000002   PAD
    0x08000c68   0x08000c68   0x00000030   Code   RO         3117    .text               c_w.l(_printf_char_common.o)
    0x08000c98   0x08000c98   0x0000000a   Code   RO         3119    .text               c_w.l(_sputc.o)
    0x08000ca2   0x08000ca2   0x0000002c   Code   RO         3121    .text               c_w.l(_printf_char.o)
    0x08000cce   0x08000cce   0x00000002   PAD
    0x08000cd0   0x08000cd0   0x00000008   Code   RO         3221    .text               c_w.l(rt_locale_intlibspace.o)
    0x08000cd8   0x08000cd8   0x00000008   Code   RO         3226    .text               c_w.l(rt_errno_addr_intlibspace.o)
    0x08000ce0   0x08000ce0   0x0000008a   Code   RO         3228    .text               c_w.l(lludiv10.o)
    0x08000d6a   0x08000d6a   0x00000002   PAD
    0x08000d6c   0x08000d6c   0x00000080   Code   RO         3230    .text               c_w.l(_printf_fp_infnan.o)
    0x08000dec   0x08000dec   0x000000e4   Code   RO         3234    .text               c_w.l(bigflt0.o)
    0x08000ed0   0x08000ed0   0x00000008   Code   RO         3272    .text               c_w.l(libspace.o)
    0x08000ed8   0x08000ed8   0x0000004a   Code   RO         3275    .text               c_w.l(sys_stackheap_outer.o)
    0x08000f22   0x08000f22   0x00000012   Code   RO         3279    .text               c_w.l(exit.o)
    0x08000f34   0x08000f34   0x0000000c   Code   RO         3356    .text               c_w.l(sys_exit.o)
    0x08000f40   0x08000f40   0x00000002   Code   RO         3383    .text               c_w.l(use_no_semi.o)
    0x08000f42   0x08000f42   0x00000000   Code   RO         3385    .text               c_w.l(indicate_semi.o)
    0x08000f42   0x08000f42   0x00000002   PAD
    0x08000f44   0x08000f44   0x0000031c   Code   RO         2261    .text.AHRS_Mahony_Update  ahrs.o
    0x08001260   0x08001260   0x00000002   Code   RO         2267    .text.AHRS_Uart4_IDLE_Proc  ahrs.o
    0x08001262   0x08001262   0x00000002   PAD
    0x08001264   0x08001264   0x0000005a   Code   RO         2512    .text.BMI088_CONF_INIT  bmi088_1.o
    0x080012be   0x080012be   0x00000002   PAD
    0x080012c0   0x080012c0   0x00000084   Code   RO         2510    .text.BMI088_INIT   bmi088_1.o
    0x08001344   0x08001344   0x00000008   Code   RO         2126    .text.Ble_Uart3_Task_Proc  uart3_ble_proc.o
    0x0800134c   0x0800134c   0x00000002   Code   RO          240    .text.BusFault_Handler  stm32f4xx_it.o
    0x0800134e   0x0800134e   0x00000002   PAD
    0x08001350   0x08001350   0x0000000a   Code   RO         2136    .text.Buzzer_Task_Proc  buzzer_proc.o
    0x0800135a   0x0800135a   0x00000006   PAD
    0x08001360   0x08001360   0x00000408   Code   RO         2265    .text.Cold_Start_ARHS  ahrs.o
    0x08001768   0x08001768   0x0000000c   Code   RO          246    .text.DMA1_Stream3_IRQHandler  stm32f4xx_it.o
    0x08001774   0x08001774   0x0000000c   Code   RO          248    .text.DMA1_Stream4_IRQHandler  stm32f4xx_it.o
    0x08001780   0x08001780   0x0000000c   Code   RO          250    .text.DMA1_Stream6_IRQHandler  stm32f4xx_it.o
    0x0800178c   0x0800178c   0x0000000c   Code   RO          270    .text.DMA1_Stream7_IRQHandler  stm32f4xx_it.o
    0x08001798   0x08001798   0x0000000c   Code   RO          282    .text.DMA2_Stream7_IRQHandler  stm32f4xx_it.o
    0x080017a4   0x080017a4   0x00000002   Code   RO          244    .text.DebugMon_Handler  stm32f4xx_it.o
    0x080017a6   0x080017a6   0x00000002   PAD
    0x080017a8   0x080017a8   0x0000003e   Code   RO         2441    .text.DrvAK8975Check  ak8975.o
    0x080017e6   0x080017e6   0x00000002   PAD
    0x080017e8   0x080017e8   0x00000076   Code   RO         2443    .text.DrvAk8975Read  ak8975.o
    0x0800185e   0x0800185e   0x00000002   PAD
    0x08001860   0x08001860   0x000001a8   Code   RO         2477    .text.Drv_SPl0601_Read  spl06.o
    0x08001a08   0x08001a08   0x000000ca   Code   RO         2471    .text.Drv_Spl0601_Init  spl06.o
    0x08001ad2   0x08001ad2   0x00000002   PAD
    0x08001ad4   0x08001ad4   0x0000000a   Code   RO           15    .text.Error_Handler  main.o
    0x08001ade   0x08001ade   0x00000002   PAD
    0x08001ae0   0x08001ae0   0x0000000a   Code   RO         2339    .text.Flash_Task_Proc  flash_proc.o
    0x08001aea   0x08001aea   0x00000002   PAD
    0x08001aec   0x08001aec   0x00000008   Code   RO         2400    .text.Flow_Task_Proc  flow_proc.o
    0x08001af4   0x08001af4   0x00000080   Code   RO          473    .text.HAL_DMA_Abort  stm32f4xx_hal_dma.o
    0x08001b74   0x08001b74   0x00000024   Code   RO          475    .text.HAL_DMA_Abort_IT  stm32f4xx_hal_dma.o
    0x08001b98   0x08001b98   0x00000006   Code   RO          485    .text.HAL_DMA_GetState  stm32f4xx_hal_dma.o
    0x08001b9e   0x08001b9e   0x00000002   PAD
    0x08001ba0   0x08001ba0   0x0000018a   Code   RO          479    .text.HAL_DMA_IRQHandler  stm32f4xx_hal_dma.o
    0x08001d2a   0x08001d2a   0x00000002   PAD
    0x08001d2c   0x08001d2c   0x0000013e   Code   RO          465    .text.HAL_DMA_Init  stm32f4xx_hal_dma.o
    0x08001e6a   0x08001e6a   0x00000002   PAD
    0x08001e6c   0x08001e6c   0x0000009c   Code   RO          471    .text.HAL_DMA_Start_IT  stm32f4xx_hal_dma.o
    0x08001f08   0x08001f08   0x00000028   Code   RO          626    .text.HAL_Delay     stm32f4xx_hal.o
    0x08001f30   0x08001f30   0x0000019c   Code   RO          427    .text.HAL_GPIO_Init  stm32f4xx_hal_gpio.o
    0x080020cc   0x080020cc   0x0000000a   Code   RO          433    .text.HAL_GPIO_WritePin  stm32f4xx_hal_gpio.o
    0x080020d6   0x080020d6   0x00000002   PAD
    0x080020d8   0x080020d8   0x0000000c   Code   RO          618    .text.HAL_GetTick   stm32f4xx_hal.o
    0x080020e4   0x080020e4   0x000000be   Code   RO         1387    .text.HAL_HCD_Init  stm32f4xx_hal_hcd.o
    0x080021a2   0x080021a2   0x00000002   PAD
    0x080021a4   0x080021a4   0x00000078   Code   RO          221    .text.HAL_HCD_MspInit  usb_otg.o
    0x0800221c   0x0800221c   0x00000002   Code   RO          813    .text.HAL_I2C_AbortCpltCallback  stm32f4xx_hal_i2c.o
    0x0800221e   0x0800221e   0x00000002   PAD
    0x08002220   0x08002220   0x00000002   Code   RO          803    .text.HAL_I2C_AddrCallback  stm32f4xx_hal_i2c.o
    0x08002222   0x08002222   0x00000002   PAD
    0x08002224   0x08002224   0x00000136   Code   RO          793    .text.HAL_I2C_ER_IRQHandler  stm32f4xx_hal_i2c.o
    0x0800235a   0x0800235a   0x00000002   PAD
    0x0800235c   0x0800235c   0x000005bc   Code   RO          781    .text.HAL_I2C_EV_IRQHandler  stm32f4xx_hal_i2c.o
    0x08002918   0x08002918   0x00000002   Code   RO          811    .text.HAL_I2C_ErrorCallback  stm32f4xx_hal_i2c.o
    0x0800291a   0x0800291a   0x00000002   PAD
    0x0800291c   0x0800291c   0x00000198   Code   RO          697    .text.HAL_I2C_Init  stm32f4xx_hal_i2c.o
    0x08002ab4   0x08002ab4   0x00000002   Code   RO          805    .text.HAL_I2C_ListenCpltCallback  stm32f4xx_hal_i2c.o
    0x08002ab6   0x08002ab6   0x00000002   PAD
    0x08002ab8   0x08002ab8   0x00000002   Code   RO          797    .text.HAL_I2C_MasterRxCpltCallback  stm32f4xx_hal_i2c.o
    0x08002aba   0x08002aba   0x00000002   PAD
    0x08002abc   0x08002abc   0x00000002   Code   RO          795    .text.HAL_I2C_MasterTxCpltCallback  stm32f4xx_hal_i2c.o
    0x08002abe   0x08002abe   0x00000002   PAD
    0x08002ac0   0x08002ac0   0x00000002   Code   RO          809    .text.HAL_I2C_MemRxCpltCallback  stm32f4xx_hal_i2c.o
    0x08002ac2   0x08002ac2   0x00000002   PAD
    0x08002ac4   0x08002ac4   0x00000002   Code   RO          807    .text.HAL_I2C_MemTxCpltCallback  stm32f4xx_hal_i2c.o
    0x08002ac6   0x08002ac6   0x00000002   PAD
    0x08002ac8   0x08002ac8   0x00000092   Code   RO           91    .text.HAL_I2C_MspInit  i2c.o
    0x08002b5a   0x08002b5a   0x00000002   PAD
    0x08002b5c   0x08002b5c   0x00000002   Code   RO          801    .text.HAL_I2C_SlaveRxCpltCallback  stm32f4xx_hal_i2c.o
    0x08002b5e   0x08002b5e   0x00000002   PAD
    0x08002b60   0x08002b60   0x00000002   Code   RO          799    .text.HAL_I2C_SlaveTxCpltCallback  stm32f4xx_hal_i2c.o
    0x08002b62   0x08002b62   0x00000002   PAD
    0x08002b64   0x08002b64   0x0000001a   Code   RO          616    .text.HAL_IncTick   stm32f4xx_hal.o
    0x08002b7e   0x08002b7e   0x00000002   PAD
    0x08002b80   0x08002b80   0x00000036   Code   RO          606    .text.HAL_Init      stm32f4xx_hal.o
    0x08002bb6   0x08002bb6   0x00000002   PAD
    0x08002bb8   0x08002bb8   0x0000008e   Code   RO          302    .text.HAL_InitTick  stm32f4xx_hal_timebase_tim.o
    0x08002c46   0x08002c46   0x00000002   PAD
    0x08002c48   0x08002c48   0x00000042   Code   RO          293    .text.HAL_MspInit   stm32f4xx_hal_msp.o
    0x08002c8a   0x08002c8a   0x00000002   PAD
    0x08002c8c   0x08002c8c   0x00000020   Code   RO          564    .text.HAL_NVIC_EnableIRQ  stm32f4xx_hal_cortex.o
    0x08002cac   0x08002cac   0x00000056   Code   RO          562    .text.HAL_NVIC_SetPriority  stm32f4xx_hal_cortex.o
    0x08002d02   0x08002d02   0x00000002   PAD
    0x08002d04   0x08002d04   0x00000020   Code   RO          560    .text.HAL_NVIC_SetPriorityGrouping  stm32f4xx_hal_cortex.o
    0x08002d24   0x08002d24   0x00000160   Code   RO          321    .text.HAL_RCC_ClockConfig  stm32f4xx_hal_rcc.o
    0x08002e84   0x08002e84   0x0000003e   Code   RO          339    .text.HAL_RCC_GetClockConfig  stm32f4xx_hal_rcc.o
    0x08002ec2   0x08002ec2   0x00000002   PAD
    0x08002ec4   0x08002ec4   0x00000026   Code   RO          333    .text.HAL_RCC_GetPCLK1Freq  stm32f4xx_hal_rcc.o
    0x08002eea   0x08002eea   0x00000002   PAD
    0x08002eec   0x08002eec   0x00000026   Code   RO          335    .text.HAL_RCC_GetPCLK2Freq  stm32f4xx_hal_rcc.o
    0x08002f12   0x08002f12   0x00000002   PAD
    0x08002f14   0x08002f14   0x0000006a   Code   RO          323    .text.HAL_RCC_GetSysClockFreq  stm32f4xx_hal_rcc.o
    0x08002f7e   0x08002f7e   0x00000002   PAD
    0x08002f80   0x08002f80   0x00000344   Code   RO          319    .text.HAL_RCC_OscConfig  stm32f4xx_hal_rcc.o
    0x080032c4   0x080032c4   0x00000002   Code   RO          914    .text.HAL_SPI_ErrorCallback  stm32f4xx_hal_spi.o
    0x080032c6   0x080032c6   0x00000002   PAD
    0x080032c8   0x080032c8   0x00000006   Code   RO          928    .text.HAL_SPI_GetState  stm32f4xx_hal_spi.o
    0x080032ce   0x080032ce   0x00000002   PAD
    0x080032d0   0x080032d0   0x00000118   Code   RO          910    .text.HAL_SPI_IRQHandler  stm32f4xx_hal_spi.o
    0x080033e8   0x080033e8   0x000000b4   Code   RO          832    .text.HAL_SPI_Init  stm32f4xx_hal_spi.o
    0x0800349c   0x0800349c   0x000001a8   Code   RO          108    .text.HAL_SPI_MspInit  spi.o
    0x08003644   0x08003644   0x0000014e   Code   RO          842    .text.HAL_SPI_Receive  stm32f4xx_hal_spi.o
    0x08003792   0x08003792   0x00000002   PAD
    0x08003794   0x08003794   0x000001c2   Code   RO          840    .text.HAL_SPI_Transmit  stm32f4xx_hal_spi.o
    0x08003956   0x08003956   0x00000002   PAD
    0x08003958   0x08003958   0x0000021c   Code   RO          844    .text.HAL_SPI_TransmitReceive  stm32f4xx_hal_spi.o
    0x08003b74   0x08003b74   0x00000002   Code   RO         1253    .text.HAL_TIMEx_BreakCallback  stm32f4xx_hal_tim_ex.o
    0x08003b76   0x08003b76   0x00000002   PAD
    0x08003b78   0x08003b78   0x00000002   Code   RO         1249    .text.HAL_TIMEx_CommutCallback  stm32f4xx_hal_tim_ex.o
    0x08003b7a   0x08003b7a   0x00000002   PAD
    0x08003b7c   0x08003b7c   0x0000004c   Code   RO         1245    .text.HAL_TIMEx_ConfigBreakDeadTime  stm32f4xx_hal_tim_ex.o
    0x08003bc8   0x08003bc8   0x000000b8   Code   RO         1243    .text.HAL_TIMEx_MasterConfigSynchronization  stm32f4xx_hal_tim_ex.o
    0x08003c80   0x08003c80   0x0000005a   Code   RO          948    .text.HAL_TIM_Base_Init  stm32f4xx_hal_tim.o
    0x08003cda   0x08003cda   0x00000002   PAD
    0x08003cdc   0x08003cdc   0x000000d6   Code   RO          149    .text.HAL_TIM_Base_MspInit  tim.o
    0x08003db2   0x08003db2   0x00000002   PAD
    0x08003db4   0x08003db4   0x000000a8   Code   RO          962    .text.HAL_TIM_Base_Start_IT  stm32f4xx_hal_tim.o
    0x08003e5c   0x08003e5c   0x0000019c   Code   RO         1128    .text.HAL_TIM_ConfigClockSource  stm32f4xx_hal_tim.o
    0x08003ff8   0x08003ff8   0x00000002   Code   RO         1084    .text.HAL_TIM_IC_CaptureCallback  stm32f4xx_hal_tim.o
    0x08003ffa   0x08003ffa   0x00000002   PAD
    0x08003ffc   0x08003ffc   0x000001b6   Code   RO         1098    .text.HAL_TIM_IC_ConfigChannel  stm32f4xx_hal_tim.o
    0x080041b2   0x080041b2   0x00000002   PAD
    0x080041b4   0x080041b4   0x0000005a   Code   RO         1022    .text.HAL_TIM_IC_Init  stm32f4xx_hal_tim.o
    0x0800420e   0x0800420e   0x00000002   PAD
    0x08004210   0x08004210   0x00000070   Code   RO          151    .text.HAL_TIM_IC_MspInit  tim.o
    0x08004280   0x08004280   0x0000016a   Code   RO         1082    .text.HAL_TIM_IRQHandler  stm32f4xx_hal_tim.o
    0x080043ea   0x080043ea   0x00000002   PAD
    0x080043ec   0x080043ec   0x0000015e   Code   RO          129    .text.HAL_TIM_MspPostInit  tim.o
    0x0800454a   0x0800454a   0x00000002   PAD
    0x0800454c   0x0800454c   0x00000002   Code   RO         1086    .text.HAL_TIM_OC_DelayElapsedCallback  stm32f4xx_hal_tim.o
    0x0800454e   0x0800454e   0x00000002   PAD
    0x08004550   0x08004550   0x0000005c   Code   RO         1046    .text.HAL_TIM_OnePulse_Init  stm32f4xx_hal_tim.o
    0x080045ac   0x080045ac   0x00000002   Code   RO         1048    .text.HAL_TIM_OnePulse_MspInit  stm32f4xx_hal_tim.o
    0x080045ae   0x080045ae   0x00000002   PAD
    0x080045b0   0x080045b0   0x00000218   Code   RO         1102    .text.HAL_TIM_PWM_ConfigChannel  stm32f4xx_hal_tim.o
    0x080047c8   0x080047c8   0x0000005a   Code   RO         1002    .text.HAL_TIM_PWM_Init  stm32f4xx_hal_tim.o
    0x08004822   0x08004822   0x00000002   PAD
    0x08004824   0x08004824   0x000000ee   Code   RO          147    .text.HAL_TIM_PWM_MspInit  tim.o
    0x08004912   0x08004912   0x00000002   PAD
    0x08004914   0x08004914   0x00000002   Code   RO         1088    .text.HAL_TIM_PWM_PulseFinishedCallback  stm32f4xx_hal_tim.o
    0x08004916   0x08004916   0x00000002   PAD
    0x08004918   0x08004918   0x0000012e   Code   RO         1010    .text.HAL_TIM_PWM_Start  stm32f4xx_hal_tim.o
    0x08004a46   0x08004a46   0x00000002   PAD
    0x08004a48   0x08004a48   0x00000014   Code   RO           21    .text.HAL_TIM_PeriodElapsedCallback  main.o
    0x08004a5c   0x08004a5c   0x00000002   Code   RO         1092    .text.HAL_TIM_TriggerCallback  stm32f4xx_hal_tim.o
    0x08004a5e   0x08004a5e   0x00000002   PAD
    0x08004a60   0x08004a60   0x000000f8   Code   RO         1315    .text.HAL_UARTEx_ReceiveToIdle_DMA  stm32f4xx_hal_uart.o
    0x08004b58   0x08004b58   0x00000102   Code   RO           17    .text.HAL_UARTEx_RxEventCallback  main.o
    0x08004c5a   0x08004c5a   0x00000002   PAD
    0x08004c5c   0x08004c5c   0x0000004a   Code   RO           19    .text.HAL_UART_ErrorCallback  main.o
    0x08004ca6   0x08004ca6   0x00000002   PAD
    0x08004ca8   0x08004ca8   0x000002fe   Code   RO         1343    .text.HAL_UART_IRQHandler  stm32f4xx_hal_uart.o
    0x08004fa6   0x08004fa6   0x00000002   PAD
    0x08004fa8   0x08004fa8   0x0000005e   Code   RO         1267    .text.HAL_UART_Init  stm32f4xx_hal_uart.o
    0x08005006   0x08005006   0x00000002   PAD
    0x08005008   0x08005008   0x00000530   Code   RO          188    .text.HAL_UART_MspInit  usart.o
    0x08005538   0x08005538   0x00000002   Code   RO         1357    .text.HAL_UART_RxCpltCallback  stm32f4xx_hal_uart.o
    0x0800553a   0x0800553a   0x00000002   PAD
    0x0800553c   0x0800553c   0x00000002   Code   RO         1359    .text.HAL_UART_RxHalfCpltCallback  stm32f4xx_hal_uart.o
    0x0800553e   0x0800553e   0x00000002   PAD
    0x08005540   0x08005540   0x00000178   Code   RO         1283    .text.HAL_UART_Transmit  stm32f4xx_hal_uart.o
    0x080056b8   0x080056b8   0x00000002   Code   RO         1353    .text.HAL_UART_TxCpltCallback  stm32f4xx_hal_uart.o
    0x080056ba   0x080056ba   0x00000002   PAD
    0x080056bc   0x080056bc   0x00000002   Code   RO          236    .text.HardFault_Handler  stm32f4xx_it.o
    0x080056be   0x080056be   0x00000002   PAD
    0x080056c0   0x080056c0   0x0000000c   Code   RO          258    .text.I2C1_ER_IRQHandler  stm32f4xx_it.o
    0x080056cc   0x080056cc   0x0000000c   Code   RO          256    .text.I2C1_EV_IRQHandler  stm32f4xx_it.o
    0x080056d8   0x080056d8   0x000000e4   Code   RO          767    .text.I2C_DMAAbort  stm32f4xx_hal_i2c.o
    0x080057bc   0x080057bc   0x0000015a   Code   RO          779    .text.I2C_ITError   stm32f4xx_hal_i2c.o
    0x08005916   0x08005916   0x00000002   PAD
    0x08005918   0x08005918   0x000000e2   Code   RO          791    .text.I2C_MasterReceive_BTF  stm32f4xx_hal_i2c.o
    0x080059fa   0x080059fa   0x00000002   PAD
    0x080059fc   0x080059fc   0x000000fc   Code   RO          789    .text.I2C_MasterReceive_RXNE  stm32f4xx_hal_i2c.o
    0x08005af8   0x08005af8   0x00000080   Code   RO          785    .text.I2C_MasterTransmit_BTF  stm32f4xx_hal_i2c.o
    0x08005b78   0x08005b78   0x000000b0   Code   RO          783    .text.I2C_MasterTransmit_TXE  stm32f4xx_hal_i2c.o
    0x08005c28   0x08005c28   0x000000a8   Code   RO          787    .text.I2C_MemoryTransmit_TXE_BTF  stm32f4xx_hal_i2c.o
    0x08005cd0   0x08005cd0   0x00000008   Code   RO         2409    .text.Key_Task_Proc  key_proc.o
    0x08005cd8   0x08005cd8   0x00000074   Code   RO         2766    .text.LowPassFilter2nd  lowpassfilter.o
    0x08005d4c   0x08005d4c   0x00000054   Code   RO         2764    .text.LowPassFilter2ndFactorCal  lowpassfilter.o
    0x08005da0   0x08005da0   0x0000008c   Code   RO           80    .text.MX_DMA_Init   dma.o
    0x08005e2c   0x08005e2c   0x000002a0   Code   RO           59    .text.MX_FREERTOS_Init  freertos.o
    0x080060cc   0x080060cc   0x00000152   Code   RO           42    .text.MX_GPIO_Init  gpio.o
    0x0800621e   0x0800621e   0x00000002   PAD
    0x08006220   0x08006220   0x00000042   Code   RO           89    .text.MX_I2C1_Init  i2c.o
    0x08006262   0x08006262   0x00000002   PAD
    0x08006264   0x08006264   0x00000050   Code   RO          104    .text.MX_SPI1_Init  spi.o
    0x080062b4   0x080062b4   0x00000052   Code   RO          106    .text.MX_SPI2_Init  spi.o
    0x08006306   0x08006306   0x00000002   PAD
    0x08006308   0x08006308   0x0000008a   Code   RO          141    .text.MX_TIM10_Init  tim.o
    0x08006392   0x08006392   0x00000002   PAD
    0x08006394   0x08006394   0x00000036   Code   RO          143    .text.MX_TIM11_Init  tim.o
    0x080063ca   0x080063ca   0x00000002   PAD
    0x080063cc   0x080063cc   0x0000005c   Code   RO          145    .text.MX_TIM12_Init  tim.o
    0x08006428   0x08006428   0x00000128   Code   RO          127    .text.MX_TIM1_Init  tim.o
    0x08006550   0x08006550   0x00000092   Code   RO          131    .text.MX_TIM3_Init  tim.o
    0x080065e2   0x080065e2   0x00000002   PAD
    0x080065e4   0x080065e4   0x00000092   Code   RO          133    .text.MX_TIM4_Init  tim.o
    0x08006676   0x08006676   0x00000002   PAD
    0x08006678   0x08006678   0x000000c2   Code   RO          135    .text.MX_TIM5_Init  tim.o
    0x0800673a   0x0800673a   0x00000002   PAD
    0x0800673c   0x0800673c   0x00000052   Code   RO          137    .text.MX_TIM6_Init  tim.o
    0x0800678e   0x0800678e   0x00000002   PAD
    0x08006790   0x08006790   0x0000007c   Code   RO          139    .text.MX_TIM9_Init  tim.o
    0x0800680c   0x0800680c   0x0000003c   Code   RO          176    .text.MX_UART4_Init  usart.o
    0x08006848   0x08006848   0x0000003c   Code   RO          178    .text.MX_UART5_Init  usart.o
    0x08006884   0x08006884   0x0000003c   Code   RO          180    .text.MX_USART1_UART_Init  usart.o
    0x080068c0   0x080068c0   0x0000003c   Code   RO          182    .text.MX_USART2_UART_Init  usart.o
    0x080068fc   0x080068fc   0x0000003c   Code   RO          184    .text.MX_USART3_UART_Init  usart.o
    0x08006938   0x08006938   0x00000048   Code   RO          186    .text.MX_USART6_UART_Init  usart.o
    0x08006980   0x08006980   0x00000036   Code   RO          219    .text.MX_USB_OTG_FS_HCD_Init  usb_otg.o
    0x080069b6   0x080069b6   0x00000002   PAD
    0x080069b8   0x080069b8   0x00000002   Code   RO          238    .text.MemManage_Handler  stm32f4xx_it.o
    0x080069ba   0x080069ba   0x00000006   PAD
    0x080069c0   0x080069c0   0x00000390   Code   RO         2145    .text.Motor_Task_Proc  motor_proc.o
    0x08006d50   0x08006d50   0x00000002   Code   RO          234    .text.NMI_Handler   stm32f4xx_it.o
    0x08006d52   0x08006d52   0x00000002   PAD
    0x08006d54   0x08006d54   0x000000ee   Code   RO         2202    .text.OLED_Clear    oled_proc.o
    0x08006e42   0x08006e42   0x00000002   PAD
    0x08006e44   0x08006e44   0x00000076   Code   RO         2194    .text.OLED_Init     oled_proc.o
    0x08006eba   0x08006eba   0x00000002   PAD
    0x08006ebc   0x08006ebc   0x000000ac   Code   RO         2208    .text.OLED_Set_Pos  oled_proc.o
    0x08006f68   0x08006f68   0x00000148   Code   RO         2212    .text.OLED_ShowChar  oled_proc.o
    0x080070b0   0x080070b0   0x00000016   Code   RO         2188    .text.OLED_Task_Proc  oled_proc.o
    0x080070c6   0x080070c6   0x00000002   PAD
    0x080070c8   0x080070c8   0x00000010   Code   RO         2418    .text.PC_Task_Proc  pc_proc.o
    0x080070d8   0x080070d8   0x00000124   Code   RO         2621    .text.PID_Control   pid.o
    0x080071fc   0x080071fc   0x00000004   PAD
    0x08007200   0x08007200   0x00000064   Code   RO         2080    .text.PendSV_Handler  port.o
    0x08007264   0x08007264   0x000000f2   Code   RO         2097    .text.RGB_Task_Proc  led_proc.o
    0x08007356   0x08007356   0x00000002   PAD
    0x08007358   0x08007358   0x00000064   Code   RO         2534    .text.ReadAccData   bmi088_1.o
    0x080073bc   0x080073bc   0x00000050   Code   RO         2540    .text.ReadAccTemperature  bmi088_1.o
    0x0800740c   0x0800740c   0x000000ac   Code   RO         2536    .text.ReadGyroData  bmi088_1.o
    0x080074b8   0x080074b8   0x00000070   Code   RO         2445    .text.ReadMagData   ak8975.o
    0x08007528   0x08007528   0x000000ba   Code   RO         2530    .text.ReadMultiDataFromAcc  bmi088_1.o
    0x080075e2   0x080075e2   0x00000002   PAD
    0x080075e4   0x080075e4   0x00000094   Code   RO         2532    .text.ReadMultiDataFromGyro  bmi088_1.o
    0x08007678   0x08007678   0x00000096   Code   RO         2526    .text.ReadSingleDataFromAcc  bmi088_1.o
    0x0800770e   0x0800770e   0x00000002   PAD
    0x08007710   0x08007710   0x00000076   Code   RO         2528    .text.ReadSingleDataFromGyro  bmi088_1.o
    0x08007786   0x08007786   0x00000002   PAD
    0x08007788   0x08007788   0x0000000c   Code   RO          260    .text.SPI1_IRQHandler  stm32f4xx_it.o
    0x08007794   0x08007794   0x0000000c   Code   RO          262    .text.SPI2_IRQHandler  stm32f4xx_it.o
    0x080077a0   0x080077a0   0x0000000c   Code   RO          912    .text.SPI_DMAAbortOnError  stm32f4xx_hal_spi.o
    0x080077ac   0x080077ac   0x0000006e   Code   RO          846    .text.SPI_EndRxTransaction  stm32f4xx_hal_spi.o
    0x0800781a   0x0800781a   0x00000002   PAD
    0x0800781c   0x0800781c   0x00000040   Code   RO          112    .text.SPI_SingleWirteAndRead  spi.o
    0x0800785c   0x0800785c   0x000000ce   Code   RO          938    .text.SPI_WaitFlagStateUntilTimeout  stm32f4xx_hal_spi.o
    0x0800792a   0x0800792a   0x00000002   PAD
    0x0800792c   0x0800792c   0x0000041c   Code   RO         2459    .text.SPl0601GetCalibrationParam  spl06.o
    0x08007d48   0x08007d48   0x000000ae   Code   RO         2469    .text.SPl0601GetRawPressure  spl06.o
    0x08007df6   0x08007df6   0x00000002   PAD
    0x08007df8   0x08007df8   0x000000ae   Code   RO         2467    .text.SPl0601GetRawTemp  spl06.o
    0x08007ea6   0x08007ea6   0x00000002   PAD
    0x08007ea8   0x08007ea8   0x00000230   Code   RO         2457    .text.SPl0601RateSet  spl06.o
    0x080080d8   0x080080d8   0x00000008   PAD
    0x080080e0   0x080080e0   0x00000024   Code   RO         2064    .text.SVC_Handler   port.o
    0x08008104   0x08008104   0x0000014e   Code   RO         2174    .text.Sbus_Channels_Proc  sbus_proc.o
    0x08008252   0x08008252   0x00000002   PAD
    0x08008254   0x08008254   0x0000002e   Code   RO         2172    .text.Sbus_Uart6_IDLE_Proc  sbus_proc.o
    0x08008282   0x08008282   0x00000002   PAD
    0x08008284   0x08008284   0x00000294   Code   RO         2166    .text.Sbus_Uart6_Task_Proc  sbus_proc.o
    0x08008518   0x08008518   0x00000124   Code   RO         2263    .text.Sensor_Calibration  ahrs.o
    0x0800863c   0x0800863c   0x00000328   Code   RO         2255    .text.Sensor_Data_Task_Proc  ahrs.o
    0x08008964   0x08008964   0x00000688   Code   RO         2190    .text.Show_Data     oled_proc.o
    0x08008fec   0x08008fec   0x0000002e   Code   RO         2082    .text.SysTick_Handler  port.o
    0x0800901a   0x0800901a   0x00000002   PAD
    0x0800901c   0x0800901c   0x000000b2   Code   RO           13    .text.SystemClock_Config  main.o
    0x080090ce   0x080090ce   0x00000002   PAD
    0x080090d0   0x080090d0   0x00000012   Code   RO         1545    .text.SystemInit    system_stm32f4xx.o
    0x080090e2   0x080090e2   0x00000002   PAD
    0x080090e4   0x080090e4   0x0000000c   Code   RO          252    .text.TIM1_CC_IRQHandler  stm32f4xx_it.o
    0x080090f0   0x080090f0   0x0000000c   Code   RO          254    .text.TIM4_IRQHandler  stm32f4xx_it.o
    0x080090fc   0x080090fc   0x0000000c   Code   RO          272    .text.TIM5_IRQHandler  stm32f4xx_it.o
    0x08009108   0x08009108   0x0000000c   Code   RO          278    .text.TIM6_DAC_IRQHandler  stm32f4xx_it.o
    0x08009114   0x08009114   0x0000000c   Code   RO          280    .text.TIM7_IRQHandler  stm32f4xx_it.o
    0x08009120   0x08009120   0x00000124   Code   RO          952    .text.TIM_Base_SetConfig  stm32f4xx_hal_tim.o
    0x08009244   0x08009244   0x0000000c   Code   RO          274    .text.UART4_IRQHandler  stm32f4xx_it.o
    0x08009250   0x08009250   0x0000000c   Code   RO          276    .text.UART5_IRQHandler  stm32f4xx_it.o
    0x0800925c   0x0800925c   0x0000000c   Code   RO         1347    .text.UART_DMAAbortOnError  stm32f4xx_hal_uart.o
    0x08009268   0x08009268   0x000000a2   Code   RO         1299    .text.UART_DMAError  stm32f4xx_hal_uart.o
    0x0800930a   0x0800930a   0x00000002   PAD
    0x0800930c   0x0800930c   0x0000007c   Code   RO         1375    .text.UART_DMAReceiveCplt  stm32f4xx_hal_uart.o
    0x08009388   0x08009388   0x00000014   Code   RO         1377    .text.UART_DMARxHalfCplt  stm32f4xx_hal_uart.o
    0x0800939c   0x0800939c   0x000000be   Code   RO         1345    .text.UART_Receive_IT  stm32f4xx_hal_uart.o
    0x0800945a   0x0800945a   0x00000002   PAD
    0x0800945c   0x0800945c   0x000000ea   Code   RO         1271    .text.UART_SetConfig  stm32f4xx_hal_uart.o
    0x08009546   0x08009546   0x00000002   PAD
    0x08009548   0x08009548   0x0000000c   Code   RO          264    .text.USART1_IRQHandler  stm32f4xx_it.o
    0x08009554   0x08009554   0x0000000c   Code   RO          266    .text.USART2_IRQHandler  stm32f4xx_it.o
    0x08009560   0x08009560   0x0000000c   Code   RO          268    .text.USART3_IRQHandler  stm32f4xx_it.o
    0x0800956c   0x0800956c   0x0000000c   Code   RO          284    .text.USART6_IRQHandler  stm32f4xx_it.o
    0x08009578   0x08009578   0x000000f8   Code   RO         1443    .text.USB_CoreInit  stm32f4xx_ll_usb.o
    0x08009670   0x08009670   0x0000000e   Code   RO         1449    .text.USB_DisableGlobalInt  stm32f4xx_ll_usb.o
    0x0800967e   0x0800967e   0x00000002   PAD
    0x08009680   0x08009680   0x000000fe   Code   RO         1509    .text.USB_HostInit  stm32f4xx_ll_usb.o
    0x0800977e   0x0800977e   0x00000002   PAD
    0x08009780   0x08009780   0x00000064   Code   RO         1451    .text.USB_SetCurrentMode  stm32f4xx_ll_usb.o
    0x080097e4   0x080097e4   0x00000002   Code   RO          242    .text.UsageFault_Handler  stm32f4xx_it.o
    0x080097e6   0x080097e6   0x00000002   PAD
    0x080097e8   0x080097e8   0x00000178   Code   RO         2518    .text.VerifyAccSelfTest  bmi088_1.o
    0x08009960   0x08009960   0x00000092   Code   RO         2357    .text.W25QXX_Init   flash_proc.o
    0x080099f2   0x080099f2   0x00000002   PAD
    0x080099f4   0x080099f4   0x00000166   Code   RO         2361    .text.W25QXX_ReadCapacity  flash_proc.o
    0x08009b5a   0x08009b5a   0x00000002   PAD
    0x08009b5c   0x08009b5c   0x0000013a   Code   RO         2359    .text.W25QXX_ReadID  flash_proc.o
    0x08009c96   0x08009c96   0x00000002   PAD
    0x08009c98   0x08009c98   0x00000158   Code   RO         2363    .text.W25QXX_ReadUniqueID  flash_proc.o
    0x08009df0   0x08009df0   0x00000084   Code   RO         2522    .text.WriteDataToAcc  bmi088_1.o
    0x08009e74   0x08009e74   0x00000084   Code   RO         2524    .text.WriteDataToGyro  bmi088_1.o
    0x08009ef8   0x08009ef8   0x00000002   Code   RO           51    .text.configureTimerForRunTimeStats  freertos.o
    0x08009efa   0x08009efa   0x00000002   PAD
    0x08009efc   0x08009efc   0x00000004   Code   RO           53    .text.getRunTimeCounterValue  freertos.o
    0x08009f00   0x08009f00   0x0000011e   Code   RO           11    .text.main          main.o
    0x0800a01e   0x0800a01e   0x00000002   PAD
    0x0800a020   0x0800a020   0x00000010   Code   RO         1935    .text.osDelay       cmsis_os.o
    0x0800a030   0x0800a030   0x0000000a   Code   RO         1917    .text.osKernelStart  cmsis_os.o
    0x0800a03a   0x0800a03a   0x00000002   PAD
    0x0800a03c   0x0800a03c   0x0000005e   Code   RO         1923    .text.osThreadCreate  cmsis_os.o
    0x0800a09a   0x0800a09a   0x00000002   PAD
    0x0800a09c   0x0800a09c   0x000000a6   Code   RO         1736    .text.prvAddCurrentTaskToDelayedList  tasks.o
    0x0800a142   0x0800a142   0x00000002   PAD
    0x0800a144   0x0800a144   0x0000011c   Code   RO         1726    .text.prvAddNewTaskToReadyList  tasks.o
    0x0800a260   0x0800a260   0x0000007c   Code   RO         1866    .text.prvCheckForValidListAndQueue  timers.o
    0x0800a2dc   0x0800a2dc   0x00000096   Code   RO         1760    .text.prvIdleTask   tasks.o
    0x0800a372   0x0800a372   0x00000002   PAD
    0x0800a374   0x0800a374   0x00000028   Code   RO         2072    .text.prvPortStartFirstTask  port.o
    0x0800a39c   0x0800a39c   0x000000ea   Code   RO         1898    .text.prvSampleTimeNow  timers.o
    0x0800a486   0x0800a486   0x00000002   PAD
    0x0800a488   0x0800a488   0x00000032   Code   RO         2062    .text.prvTaskExitError  port.o
    0x0800a4ba   0x0800a4ba   0x00000002   PAD
    0x0800a4bc   0x0800a4bc   0x000002a6   Code   RO         1868    .text.prvTimerTask  timers.o
    0x0800a762   0x0800a762   0x00000002   PAD
    0x0800a764   0x0800a764   0x00000074   Code   RO         1623    .text.prvUnlockQueue  queue.o
    0x0800a7d8   0x0800a7d8   0x000001c6   Code   RO         2032    .text.pvPortMalloc  heap_4.o
    0x0800a99e   0x0800a99e   0x00000002   PAD
    0x0800a9a0   0x0800a9a0   0x00000028   Code   RO         2060    .text.pxPortInitialiseStack  port.o
    0x0800a9c8   0x0800a9c8   0x00000024   Code   RO         1601    .text.uxListRemove  list.o
    0x0800a9ec   0x0800a9ec   0x0000001a   Code   RO           55    .text.vApplicationGetIdleTaskMemory  freertos.o
    0x0800aa06   0x0800aa06   0x00000002   PAD
    0x0800aa08   0x0800aa08   0x0000001c   Code   RO           57    .text.vApplicationGetTimerTaskMemory  freertos.o
    0x0800aa24   0x0800aa24   0x00000016   Code   RO         1593    .text.vListInitialise  list.o
    0x0800aa3a   0x0800aa3a   0x00000002   PAD
    0x0800aa3c   0x0800aa3c   0x00000006   Code   RO         1595    .text.vListInitialiseItem  list.o
    0x0800aa42   0x0800aa42   0x00000002   PAD
    0x0800aa44   0x0800aa44   0x0000003a   Code   RO         1599    .text.vListInsert   list.o
    0x0800aa7e   0x0800aa7e   0x00000002   PAD
    0x0800aa80   0x0800aa80   0x0000001c   Code   RO         1597    .text.vListInsertEnd  list.o
    0x0800aa9c   0x0800aa9c   0x00000014   Code   RO         2070    .text.vPortEnableVFP  port.o
    0x0800aab0   0x0800aab0   0x00000046   Code   RO         2076    .text.vPortEnterCritical  port.o
    0x0800aaf6   0x0800aaf6   0x00000002   PAD
    0x0800aaf8   0x0800aaf8   0x0000002e   Code   RO         2078    .text.vPortExitCritical  port.o
    0x0800ab26   0x0800ab26   0x00000002   PAD
    0x0800ab28   0x0800ab28   0x000000d2   Code   RO         2034    .text.vPortFree     heap_4.o
    0x0800abfa   0x0800abfa   0x00000002   PAD
    0x0800abfc   0x0800abfc   0x00000034   Code   RO         2068    .text.vPortSetupTimerInterrupt  port.o
    0x0800ac30   0x0800ac30   0x00000028   Code   RO         1659    .text.vQueueAddToRegistry  queue.o
    0x0800ac58   0x0800ac58   0x00000046   Code   RO         1663    .text.vQueueWaitForMessageRestricted  queue.o
    0x0800ac9e   0x0800ac9e   0x00000002   PAD
    0x0800aca0   0x0800aca0   0x000000c2   Code   RO         1740    .text.vTaskDelay    tasks.o
    0x0800ad62   0x0800ad62   0x00000002   PAD
    0x0800ad64   0x0800ad64   0x0000010a   Code   RO         1732    .text.vTaskDelayUntil  tasks.o
    0x0800ae6e   0x0800ae6e   0x00000002   PAD
    0x0800ae70   0x0800ae70   0x0000001a   Code   RO         1790    .text.vTaskInternalSetTimeOutState  tasks.o
    0x0800ae8a   0x0800ae8a   0x00000002   PAD
    0x0800ae8c   0x0800ae8c   0x0000000e   Code   RO         1794    .text.vTaskMissedYield  tasks.o
    0x0800ae9a   0x0800ae9a   0x00000002   PAD
    0x0800ae9c   0x0800ae9c   0x00000036   Code   RO         1778    .text.vTaskPlaceOnEventList  tasks.o
    0x0800aed2   0x0800aed2   0x00000002   PAD
    0x0800aed4   0x0800aed4   0x0000003e   Code   RO         1782    .text.vTaskPlaceOnEventListRestricted  tasks.o
    0x0800af12   0x0800af12   0x00000002   PAD
    0x0800af14   0x0800af14   0x000000a8   Code   RO         1758    .text.vTaskStartScheduler  tasks.o
    0x0800afbc   0x0800afbc   0x00000010   Code   RO         1734    .text.vTaskSuspendAll  tasks.o
    0x0800afcc   0x0800afcc   0x000000aa   Code   RO         1752    .text.vTaskSwitchContext  tasks.o
    0x0800b076   0x0800b076   0x00000002   PAD
    0x0800b078   0x0800b078   0x00000132   Code   RO         2066    .text.xPortStartScheduler  port.o
    0x0800b1aa   0x0800b1aa   0x00000002   PAD
    0x0800b1ac   0x0800b1ac   0x000000da   Code   RO         1613    .text.xQueueGenericCreateStatic  queue.o
    0x0800b286   0x0800b286   0x00000002   PAD
    0x0800b288   0x0800b288   0x00000212   Code   RO         1621    .text.xQueueGenericSend  queue.o
    0x0800b49a   0x0800b49a   0x00000002   PAD
    0x0800b49c   0x0800b49c   0x000001a8   Code   RO         1629    .text.xQueueReceive  queue.o
    0x0800b644   0x0800b644   0x0000008e   Code   RO         1792    .text.xTaskCheckForTimeOut  tasks.o
    0x0800b6d2   0x0800b6d2   0x00000002   PAD
    0x0800b6d4   0x0800b6d4   0x000000de   Code   RO         1728    .text.xTaskCreate   tasks.o
    0x0800b7b2   0x0800b7b2   0x00000002   PAD
    0x0800b7b4   0x0800b7b4   0x000000ea   Code   RO         1724    .text.xTaskCreateStatic  tasks.o
    0x0800b89e   0x0800b89e   0x00000002   PAD
    0x0800b8a0   0x0800b8a0   0x00000026   Code   RO         1804    .text.xTaskGetSchedulerState  tasks.o
    0x0800b8c6   0x0800b8c6   0x00000002   PAD
    0x0800b8c8   0x0800b8c8   0x0000000c   Code   RO         1766    .text.xTaskGetTickCount  tasks.o
    0x0800b8d4   0x0800b8d4   0x00000180   Code   RO         1764    .text.xTaskIncrementTick  tasks.o
    0x0800ba54   0x0800ba54   0x000000b2   Code   RO         1808    .text.xTaskPriorityDisinherit  tasks.o
    0x0800bb06   0x0800bb06   0x00000002   PAD
    0x0800bb08   0x0800bb08   0x00000090   Code   RO         1784    .text.xTaskRemoveFromEventList  tasks.o
    0x0800bb98   0x0800bb98   0x0000013c   Code   RO         1738    .text.xTaskResumeAll  tasks.o
    0x0800bcd4   0x0800bcd4   0x00000074   Code   RO         1864    .text.xTimerCreateTimerTask  timers.o
    0x0800bd48   0x0800bd48   0x0000003e   Code   RO         3237    CL$$btod_d2e        c_w.l(btod.o)
    0x0800bd86   0x0800bd86   0x00000046   Code   RO         3239    CL$$btod_d2e_denorm_low  c_w.l(btod.o)
    0x0800bdcc   0x0800bdcc   0x00000060   Code   RO         3238    CL$$btod_d2e_norm_op1  c_w.l(btod.o)
    0x0800be2c   0x0800be2c   0x00000338   Code   RO         3247    CL$$btod_div_common  c_w.l(btod.o)
    0x0800c164   0x0800c164   0x000000dc   Code   RO         3244    CL$$btod_e2e        c_w.l(btod.o)
    0x0800c240   0x0800c240   0x0000002a   Code   RO         3241    CL$$btod_ediv       c_w.l(btod.o)
    0x0800c26a   0x0800c26a   0x0000002a   Code   RO         3240    CL$$btod_emul       c_w.l(btod.o)
    0x0800c294   0x0800c294   0x00000244   Code   RO         3246    CL$$btod_mult_common  c_w.l(btod.o)
    0x0800c4d8   0x0800c4d8   0x00000030   Code   RO         3170    i.__ARM_fpclassify  m_wm.l(fpclassify.o)
    0x0800c508   0x0800c508   0x00000026   Code   RO         3172    i.__ARM_fpclassifyf  m_wm.l(fpclassifyf.o)
    0x0800c52e   0x0800c52e   0x00000002   PAD
    0x0800c530   0x0800c530   0x0000012c   Code   RO         3028    i.__hardfp_asinf    m_wm.l(asinf.o)
    0x0800c65c   0x0800c65c   0x00000004   PAD
    0x0800c660   0x0800c660   0x000002d8   Code   RO         3034    i.__hardfp_atan     m_wm.l(atan.o)
    0x0800c938   0x0800c938   0x000002ac   Code   RO         3041    i.__hardfp_atan2f   m_wm.l(atan2f.o)
    0x0800cbe4   0x0800cbe4   0x00000004   PAD
    0x0800cbe8   0x0800cbe8   0x000000c8   Code   RO         3047    i.__hardfp_cos      m_wm.l(cos.o)
    0x0800ccb0   0x0800ccb0   0x000000c8   Code   RO         3080    i.__hardfp_sin      m_wm.l(sin.o)
    0x0800cd78   0x0800cd78   0x0000007a   Code   RO         3092    i.__hardfp_sqrt     m_wm.l(sqrt.o)
    0x0800cdf2   0x0800cdf2   0x00000006   PAD
    0x0800cdf8   0x0800cdf8   0x00000438   Code   RO         3190    i.__ieee754_rem_pio2  m_wm.l(rred.o)
    0x0800d230   0x0800d230   0x00000170   Code   RO         3147    i.__kernel_cos      m_wm.l(cos_i.o)
    0x0800d3a0   0x0800d3a0   0x000000f8   Code   RO         3188    i.__kernel_poly     m_wm.l(poly.o)
    0x0800d498   0x0800d498   0x00000130   Code   RO         3198    i.__kernel_sin      m_wm.l(sin_i.o)
    0x0800d5c8   0x0800d5c8   0x00000014   Code   RO         3151    i.__mathlib_dbl_infnan  m_wm.l(dunder.o)
    0x0800d5dc   0x0800d5dc   0x00000004   PAD
    0x0800d5e0   0x0800d5e0   0x00000020   Code   RO         3153    i.__mathlib_dbl_invalid  m_wm.l(dunder.o)
    0x0800d600   0x0800d600   0x00000020   Code   RO         3156    i.__mathlib_dbl_underflow  m_wm.l(dunder.o)
    0x0800d620   0x0800d620   0x00000006   Code   RO         3175    i.__mathlib_flt_infnan  m_wm.l(funder.o)
    0x0800d626   0x0800d626   0x00000006   Code   RO         3176    i.__mathlib_flt_infnan2  m_wm.l(funder.o)
    0x0800d62c   0x0800d62c   0x00000010   Code   RO         3177    i.__mathlib_flt_invalid  m_wm.l(funder.o)
    0x0800d63c   0x0800d63c   0x00000010   Code   RO         3180    i.__mathlib_flt_underflow  m_wm.l(funder.o)
    0x0800d64c   0x0800d64c   0x0000000e   Code   RO         2965    i._is_digit         c_w.l(__printf_wp.o)
    0x0800d65a   0x0800d65a   0x00000018   Code   RO         3166    i.fabs              m_wm.l(fabs.o)
    0x0800d672   0x0800d672   0x0000003e   Code   RO         3100    i.sqrtf             m_wm.l(sqrtf.o)
    0x0800d6b0   0x0800d6b0   0x0000002c   Code   RO         3262    locale$$code        c_w.l(lc_numeric_c.o)
    0x0800d6dc   0x0800d6dc   0x00000018   Code   RO         3124    x$fpl$basic         fz_wm.l(basic.o)
    0x0800d6f4   0x0800d6f4   0x00000062   Code   RO         3002    x$fpl$d2f           fz_wm.l(d2f.o)
    0x0800d756   0x0800d756   0x00000002   PAD
    0x0800d758   0x0800d758   0x00000150   Code   RO         3004    x$fpl$dadd          fz_wm.l(daddsub_clz.o)
    0x0800d8a8   0x0800d8a8   0x000002b4   Code   RO         3013    x$fpl$ddiv          fz_wm.l(ddiv.o)
    0x0800db5c   0x0800db5c   0x0000005e   Code   RO         3268    x$fpl$dfix          fz_wm.l(dfix.o)
    0x0800dbba   0x0800dbba   0x0000002e   Code   RO         3017    x$fpl$dflt          fz_wm.l(dflt_clz.o)
    0x0800dbe8   0x0800dbe8   0x00000026   Code   RO         3016    x$fpl$dfltu         fz_wm.l(dflt_clz.o)
    0x0800dc0e   0x0800dc0e   0x00000002   PAD
    0x0800dc10   0x0800dc10   0x00000154   Code   RO         3022    x$fpl$dmul          fz_wm.l(dmul.o)
    0x0800dd64   0x0800dd64   0x0000009c   Code   RO         3132    x$fpl$dnaninf       fz_wm.l(dnaninf.o)
    0x0800de00   0x0800de00   0x0000000c   Code   RO         3134    x$fpl$dretinf       fz_wm.l(dretinf.o)
    0x0800de0c   0x0800de0c   0x00000016   Code   RO         3005    x$fpl$drsb          fz_wm.l(daddsub_clz.o)
    0x0800de22   0x0800de22   0x00000002   PAD
    0x0800de24   0x0800de24   0x00000198   Code   RO         3136    x$fpl$dsqrt         fz_wm.l(dsqrt_umaal.o)
    0x0800dfbc   0x0800dfbc   0x000001dc   Code   RO         3006    x$fpl$dsub          fz_wm.l(daddsub_clz.o)
    0x0800e198   0x0800e198   0x00000056   Code   RO         3024    x$fpl$f2d           fz_wm.l(f2d.o)
    0x0800e1ee   0x0800e1ee   0x0000008c   Code   RO         3138    x$fpl$fnaninf       fz_wm.l(fnaninf.o)
    0x0800e27a   0x0800e27a   0x0000001a   Code   RO         3352    x$fpl$fpinit        fz_wm.l(fpinit.o)
    0x0800e294   0x0800e294   0x0000000a   Code   RO         3140    x$fpl$fretinf       fz_wm.l(fretinf.o)
    0x0800e29e   0x0800e29e   0x00000004   Code   RO         3026    x$fpl$printf1       fz_wm.l(printf1.o)
    0x0800e2a2   0x0800e2a2   0x00000000   Code   RO         3146    x$fpl$usenofp       fz_wm.l(usenofp.o)
    0x0800e2a2   0x0800e2a2   0x00000011   Data   RO         2968    .constdata          c_w.l(__printf_flags_wp.o)
    0x0800e2b3   0x0800e2b3   0x00000005   PAD
    0x0800e2b8   0x0800e2b8   0x00000098   Data   RO         3037    .constdata          m_wm.l(atan.o)
    0x0800e350   0x0800e350   0x00000030   Data   RO         3148    .constdata          m_wm.l(cos_i.o)
    0x0800e380   0x0800e380   0x000000cc   Data   RO         3192    .constdata          m_wm.l(rred.o)
    0x0800e44c   0x0800e44c   0x00000004   PAD
    0x0800e450   0x0800e450   0x00000028   Data   RO         3199    .constdata          m_wm.l(sin_i.o)
    0x0800e478   0x0800e478   0x00000094   Data   RO         3235    .constdata          c_w.l(bigflt0.o)
    0x0800e50c   0x0800e50c   0x0000001c   Data   RO           69    .rodata..L__const.MX_FREERTOS_Init.os_thread_def_BleUart3Task  freertos.o
    0x0800e528   0x0800e528   0x0000001c   Data   RO           68    .rodata..L__const.MX_FREERTOS_Init.os_thread_def_BuzzerTask  freertos.o
    0x0800e544   0x0800e544   0x0000001c   Data   RO           67    .rodata..L__const.MX_FREERTOS_Init.os_thread_def_KeyTask  freertos.o
    0x0800e560   0x0800e560   0x0000001c   Data   RO           71    .rodata..L__const.MX_FREERTOS_Init.os_thread_def_OLEDTask  freertos.o
    0x0800e57c   0x0800e57c   0x0000001c   Data   RO           66    .rodata..L__const.MX_FREERTOS_Init.os_thread_def_RGBTask  freertos.o
    0x0800e598   0x0800e598   0x0000001c   Data   RO           70    .rodata..L__const.MX_FREERTOS_Init.os_thread_def_SbusUart6Task  freertos.o
    0x0800e5b4   0x0800e5b4   0x00000010   Data   RO         1550    .rodata.AHBPrescTable  system_stm32f4xx.o
    0x0800e5c4   0x0800e5c4   0x00000008   Data   RO         1551    .rodata.APBPrescTable  system_stm32f4xx.o
    0x0800e5cc   0x0800e5cc   0x00000228   Data   RO         2246    .rodata.F6x8        oledfont.o
    0x0800e7f4   0x0800e7f4   0x000005e0   Data   RO         2247    .rodata.F8X16       oledfont.o
    0x0800edd4   0x0800edd4   0x00000008   Data   RO          489    .rodata.cst8        stm32f4xx_hal_dma.o
    0x0800eddc   0x0800eddc   0x00000072   Data   RO           65    .rodata.str1.1      freertos.o
    0x0800ee4e   0x0800ee4e   0x0000008d   Data   RO         2235    .rodata.str1.1      oled_proc.o
    0x0800eedb   0x0800eedb   0x00000001   PAD
    0x0800eedc   0x0800eedc   0x00000020   Data   RO         3430    Region$$Table       anon$$obj.o
    0x0800eefc   0x0800eefc   0x0000001c   Data   RO         3261    locale$$data        c_w.l(lc_numeric_c.o)


    Execution Region RW_IRAM1 (Exec base: 0x20000000, Load base: 0x0800ef18, Size: 0x000060b8, Max: 0x0001c000, ABSOLUTE)

    Exec Addr    Load Addr    Size         Type   Attr      Idx    E Section Name        Object

    0x20000000   0x0800ef18   0x00000001   Data   RW         2290    .data.AK8975Flag    ahrs.o
    0x20000001   0x0800ef19   0x00000001   Data   RW         2286    .data.AccCalFlag    ahrs.o
    0x20000002   0x0800ef1a   0x00000001   Data   RW         2289    .data.Bmi088Init_Flag  ahrs.o
    0x20000003   0x0800ef1b   0x00000001   Data   RW         2287    .data.GyroCalFlag   ahrs.o
    0x20000004   0x0800ef1c   0x00000017   Data   RW         2236    .data.OLED_Init_CMD_Data  oled_proc.o
    0x2000001b   0x0800ef33   0x00000001   Data   RW         2291    .data.SPL06Flag     ahrs.o
    0x2000001c   0x0800ef34   0x00000004   Data   RW         1549    .data.SystemCoreClock  system_stm32f4xx.o
    0x20000020   0x0800ef38   0x00000001   Data   RW         2234    .data.displayPage   oled_proc.o
    0x20000021   0x0800ef39   0x00000003   PAD
    0x20000024   0x0800ef3c   0x00000004   Data   RW         2308    .data.q0            ahrs.o
    0x20000028   0x0800ef40   0x00000001   Data   RW          661    .data.uwTickFreq    stm32f4xx_hal.o
    0x20000029   0x0800ef41   0x00000003   PAD
    0x2000002c   0x0800ef44   0x00000004   Data   RW          660    .data.uwTickPrio    stm32f4xx_hal.o
    0x20000030   0x0800ef48   0x00000004   Data   RW         2088    .data.uxCriticalNesting  port.o
    0x20000034   0x0800ef4c   0x00000004   PAD
    0x20000038        -       0x00000060   Zero   RW         3273    .bss                c_w.l(libspace.o)
    0x20000098        -       0x00000004   Zero   RW         2304    .bss.Acc_LMS_Calibration.i  ahrs.o
    0x2000009c        -       0x00000004   Zero   RW         2498    .bss.BaroPressure   spl06.o
    0x200000a0        -       0x00000064   Zero   RW           28    .bss.BleLogRxBuf    main.o
    0x20000104        -       0x00000004   Zero   RW         2129    .bss.BleUart3TaskHandle  uart3_ble_proc.o
    0x20000108        -       0x00000004   Zero   RW         2138    .bss.BuzzerTaskHandle  buzzer_proc.o
    0x2000010c        -       0x00000012   Zero   RW         2177    .bss.CAL_SBUS_CH    sbus_proc.o
    0x2000011e   0x0800ef4c   0x00000002   PAD
    0x20000120        -       0x00000004   Zero   RW         2391    .bss.FlashTaskHandle  flash_proc.o
    0x20000124        -       0x00000004   Zero   RW         2402    .bss.FlowTaskHandle  flow_proc.o
    0x20000128        -       0x00000004   Zero   RW         2411    .bss.KeyTaskHandle  key_proc.o
    0x2000012c        -       0x00000004   Zero   RW         2157    .bss.MotorTaskHandle  motor_proc.o
    0x20000130        -       0x00000004   Zero   RW         2237    .bss.OLEDTaskHandle  oled_proc.o
    0x20000134        -       0x00000004   Zero   RW         2429    .bss.PCTaskHandle   pc_proc.o
    0x20000138        -       0x00000004   Zero   RW         2117    .bss.RGBTaskHandle  led_proc.o
    0x2000013c        -       0x00000001   Zero   RW         2112    .bss.RGB_Calibration.ledTemp  led_proc.o
    0x2000013d        -       0x00000001   Zero   RW         2114    .bss.RGB_Emergency.ledTemp  led_proc.o
    0x2000013e        -       0x00000001   Zero   RW         2116    .bss.RGB_Flying.ledTemp  led_proc.o
    0x2000013f        -       0x00000001   Zero   RW         2113    .bss.RGB_Normal.ledTemp  led_proc.o
    0x20000140        -       0x00000001   Zero   RW         2115    .bss.RGB_Unlocked.ledTemp  led_proc.o
    0x20000141   0x0800ef4c   0x00000001   PAD
    0x20000142        -       0x00000042   Zero   RW         2176    .bss.SBUS_CH        sbus_proc.o
    0x20000184        -       0x00000020   Zero   RW         2178    .bss.SbusChannels   sbus_proc.o
    0x200001a4        -       0x00000064   Zero   RW           23    .bss.SbusRxBuf      main.o
    0x20000208        -       0x00000004   Zero   RW         2179    .bss.SbusUart6TaskHandle  sbus_proc.o
    0x2000020c        -       0x00000004   Zero   RW         2330    .bss.SensorDataTaskHandle  ahrs.o
    0x20000210        -       0x00000001   Zero   RW         2285    .bss.SensorError    ahrs.o
    0x20000211   0x0800ef4c   0x00000003   PAD
    0x20000214        -       0x00000004   Zero   RW         2294    .bss.Sensor_Data_Task_Proc.xLastWakeTime  ahrs.o
    0x20000218        -       0x00000004   Zero   RW         2300    .bss.Simple_Zero_Offset_Calibration.gyroBias.0  ahrs.o
    0x2000021c        -       0x00000004   Zero   RW         2301    .bss.Simple_Zero_Offset_Calibration.gyroBias.1  ahrs.o
    0x20000220        -       0x00000004   Zero   RW         2302    .bss.Simple_Zero_Offset_Calibration.gyroBias.2  ahrs.o
    0x20000224        -       0x00000004   Zero   RW         2303    .bss.Simple_Zero_Offset_Calibration.i  ahrs.o
    0x20000228        -       0x00000004   Zero   RW         2497    .bss.Temperature    spl06.o
    0x2000022c        -       0x00000004   Zero   RW         2388    .bss.W25QXX_SIZE    flash_proc.o
    0x20000230        -       0x00000002   Zero   RW         2387    .bss.W25QXX_TYPE    flash_proc.o
    0x20000232        -       0x00000008   Zero   RW         2389    .bss.W25QXX_UID     flash_proc.o
    0x2000023a        -       0x00000006   Zero   RW         2447    .bss.ak8975_buf     ak8975.o
    0x20000240        -       0x00000028   Zero   RW         2299    .bss.attitude_t     ahrs.o
    0x20000268        -       0x00000004   Zero   RW         2312    .bss.exInt          ahrs.o
    0x2000026c        -       0x00000004   Zero   RW         2313    .bss.eyInt          ahrs.o
    0x20000270        -       0x00000004   Zero   RW         2314    .bss.ezInt          ahrs.o
    0x20000274        -       0x00000060   Zero   RW          116    .bss.hdma_spi1_rx   spi.o
    0x200002d4        -       0x00000060   Zero   RW          117    .bss.hdma_spi1_tx   spi.o
    0x20000334        -       0x00000060   Zero   RW          118    .bss.hdma_spi2_rx   spi.o
    0x20000394        -       0x00000060   Zero   RW          200    .bss.hdma_uart4_rx  usart.o
    0x200003f4        -       0x00000060   Zero   RW          201    .bss.hdma_uart5_rx  usart.o
    0x20000454        -       0x00000060   Zero   RW          202    .bss.hdma_uart5_tx  usart.o
    0x200004b4        -       0x00000060   Zero   RW          204    .bss.hdma_usart1_rx  usart.o
    0x20000514        -       0x00000060   Zero   RW          203    .bss.hdma_usart1_tx  usart.o
    0x20000574        -       0x00000060   Zero   RW          205    .bss.hdma_usart2_rx  usart.o
    0x200005d4        -       0x00000060   Zero   RW          206    .bss.hdma_usart2_tx  usart.o
    0x20000634        -       0x00000060   Zero   RW          207    .bss.hdma_usart3_rx  usart.o
    0x20000694        -       0x00000060   Zero   RW          208    .bss.hdma_usart3_tx  usart.o
    0x200006f4        -       0x00000060   Zero   RW          209    .bss.hdma_usart6_rx  usart.o
    0x20000754        -       0x00000304   Zero   RW          225    .bss.hhcd_USB_OTG_FS  usb_otg.o
    0x20000a58        -       0x00000054   Zero   RW           95    .bss.hi2c1          i2c.o
    0x20000aac        -       0x00000058   Zero   RW          114    .bss.hspi1          spi.o
    0x20000b04        -       0x00000058   Zero   RW          115    .bss.hspi2          spi.o
    0x20000b5c        -       0x00000048   Zero   RW          159    .bss.htim1          tim.o
    0x20000ba4        -       0x00000048   Zero   RW          165    .bss.htim10         tim.o
    0x20000bec        -       0x00000048   Zero   RW          166    .bss.htim11         tim.o
    0x20000c34        -       0x00000048   Zero   RW          167    .bss.htim12         tim.o
    0x20000c7c        -       0x00000048   Zero   RW          160    .bss.htim3          tim.o
    0x20000cc4        -       0x00000048   Zero   RW          161    .bss.htim4          tim.o
    0x20000d0c        -       0x00000048   Zero   RW          162    .bss.htim5          tim.o
    0x20000d54        -       0x00000048   Zero   RW          163    .bss.htim6          tim.o
    0x20000d9c        -       0x00000048   Zero   RW          308    .bss.htim7          stm32f4xx_hal_timebase_tim.o
    0x20000de4        -       0x00000048   Zero   RW          164    .bss.htim9          tim.o
    0x20000e2c        -       0x00000044   Zero   RW          196    .bss.huart1         usart.o
    0x20000e70        -       0x00000044   Zero   RW          197    .bss.huart2         usart.o
    0x20000eb4        -       0x00000044   Zero   RW          198    .bss.huart3         usart.o
    0x20000ef8        -       0x00000044   Zero   RW          194    .bss.huart4         usart.o
    0x20000f3c        -       0x00000044   Zero   RW          195    .bss.huart5         usart.o
    0x20000f80        -       0x00000044   Zero   RW          199    .bss.huart6         usart.o
    0x20000fc4        -       0x00000028   Zero   RW         2307    .bss.imu_temperature_control_pid  ahrs.o
    0x20000fec        -       0x0000001c   Zero   RW         2306    .bss.imu_temperature_control_pid_data  ahrs.o
    0x20001008        -       0x00000078   Zero   RW         2295    .bss.imudata_all    ahrs.o
    0x20001080        -       0x00000078   Zero   RW         1908    .bss.prvCheckForValidListAndQueue.ucStaticTimerQueueStorage  timers.o
    0x200010f8        -       0x00000050   Zero   RW         1907    .bss.prvCheckForValidListAndQueue.xStaticTimerQueue  timers.o
    0x20001148        -       0x00000004   Zero   RW         1904    .bss.prvSampleTimeNow.xLastTime  timers.o
    0x2000114c        -       0x00000004   Zero   RW         1834    .bss.pxCurrentTCB   tasks.o
    0x20001150        -       0x00000004   Zero   RW         1902    .bss.pxCurrentTimerList  timers.o
    0x20001154        -       0x00000004   Zero   RW         1844    .bss.pxDelayedTaskList  tasks.o
    0x20001158        -       0x00000004   Zero   RW         2044    .bss.pxEnd          heap_4.o
    0x2000115c        -       0x00000004   Zero   RW         1845    .bss.pxOverflowDelayedTaskList  tasks.o
    0x20001160        -       0x00000004   Zero   RW         1903    .bss.pxOverflowTimerList  timers.o
    0x20001164        -       0x0000008c   Zero   RW         1835    .bss.pxReadyTasksLists  tasks.o
    0x200011f0        -       0x00000004   Zero   RW         2309    .bss.q1             ahrs.o
    0x200011f4        -       0x00000004   Zero   RW         2310    .bss.q2             ahrs.o
    0x200011f8        -       0x00000004   Zero   RW         2311    .bss.q3             ahrs.o
    0x200011fc        -       0x00000048   Zero   RW         2305    .bss.raw            ahrs.o
    0x20001244        -       0x00000004   Zero   RW         2293    .bss.sensorTimeCount  ahrs.o
    0x20001248        -       0x00000002   Zero   RW         2483    .bss.spl0601.0      spl06.o
    0x2000124a   0x0800ef4c   0x00000002   PAD
    0x2000124c        -       0x00000002   Zero   RW         2484    .bss.spl0601.1      spl06.o
    0x2000124e   0x0800ef4c   0x00000002   PAD
    0x20001250        -       0x00000004   Zero   RW         2493    .bss.spl0601.10     spl06.o
    0x20001254        -       0x00000004   Zero   RW         2494    .bss.spl0601.11     spl06.o
    0x20001258        -       0x00000004   Zero   RW         2495    .bss.spl0601.12     spl06.o
    0x2000125c        -       0x00000004   Zero   RW         2496    .bss.spl0601.13     spl06.o
    0x20001260        -       0x00000004   Zero   RW         2485    .bss.spl0601.2      spl06.o
    0x20001264        -       0x00000004   Zero   RW         2486    .bss.spl0601.3      spl06.o
    0x20001268        -       0x00000002   Zero   RW         2487    .bss.spl0601.4      spl06.o
    0x2000126a   0x0800ef4c   0x00000002   PAD
    0x2000126c        -       0x00000002   Zero   RW         2488    .bss.spl0601.5      spl06.o
    0x2000126e   0x0800ef4c   0x00000002   PAD
    0x20001270        -       0x00000002   Zero   RW         2489    .bss.spl0601.6      spl06.o
    0x20001272   0x0800ef4c   0x00000002   PAD
    0x20001274        -       0x00000002   Zero   RW         2490    .bss.spl0601.7      spl06.o
    0x20001276   0x0800ef4c   0x00000002   PAD
    0x20001278        -       0x00000002   Zero   RW         2491    .bss.spl0601.8      spl06.o
    0x2000127a   0x0800ef4c   0x00000002   PAD
    0x2000127c        -       0x00000001   Zero   RW         2492    .bss.spl0601.9      spl06.o
    0x2000127d   0x0800ef4c   0x00000003   PAD
    0x20001280        -       0x0000000c   Zero   RW         2296    .bss.test_acc       ahrs.o
    0x2000128c        -       0x0000000c   Zero   RW         2297    .bss.test_gyro      ahrs.o
    0x20001298        -       0x0000000c   Zero   RW         2298    .bss.test_mag       ahrs.o
    0x200012a4        -       0x00000064   Zero   RW           24    .bss.uart1RX        main.o
    0x20001308        -       0x000000c8   Zero   RW           27    .bss.uart2RX        main.o
    0x200013d0        -       0x000000c8   Zero   RW           26    .bss.uart4RX        main.o
    0x20001498        -       0x000000c8   Zero   RW           25    .bss.uart5RX        main.o
    0x20001560        -       0x00000001   Zero   RW         2153    .bss.uavSafeFlag    motor_proc.o
    0x20001561   0x0800ef4c   0x00000003   PAD
    0x20001564        -       0x00000160   Zero   RW         2156    .bss.uav_control_data  motor_proc.o
    0x200016c4        -       0x00003c00   Zero   RW         2051    .bss.ucHeap         heap_4.o
    0x200052c4        -       0x00000001   Zero   RW         2111    .bss.ucLed          led_proc.o
    0x200052c5        -       0x00000001   Zero   RW         2086    .bss.ucMaxSysCallPriority  port.o
    0x200052c6   0x0800ef4c   0x00000002   PAD
    0x200052c8        -       0x00000004   Zero   RW         2087    .bss.ulMaxPRIGROUPValue  port.o
    0x200052cc        -       0x00000004   Zero   RW         1853    .bss.ulTaskSwitchedInTime  tasks.o
    0x200052d0        -       0x00000004   Zero   RW         2155    .bss.unlockCount    motor_proc.o
    0x200052d4        -       0x00000004   Zero   RW          662    .bss.uwTick         stm32f4xx_hal.o
    0x200052d8        -       0x00000004   Zero   RW         1840    .bss.uxCurrentNumberOfTasks  tasks.o
    0x200052dc        -       0x00000004   Zero   RW         1839    .bss.uxDeletedTasksWaitingCleanUp  tasks.o
    0x200052e0        -       0x00000004   Zero   RW         1842    .bss.uxSchedulerSuspended  tasks.o
    0x200052e4        -       0x00000004   Zero   RW         1837    .bss.uxTaskNumber   tasks.o
    0x200052e8        -       0x00000004   Zero   RW         1836    .bss.uxTopReadyPriority  tasks.o
    0x200052ec        -       0x00000014   Zero   RW         1905    .bss.xActiveTimerList1  timers.o
    0x20005300        -       0x00000014   Zero   RW         1906    .bss.xActiveTimerList2  timers.o
    0x20005314        -       0x00000001   Zero   RW         2045    .bss.xBlockAllocatedBit  heap_4.o
    0x20005315   0x0800ef4c   0x00000003   PAD
    0x20005318        -       0x00000014   Zero   RW         1854    .bss.xDelayedTaskList1  tasks.o
    0x2000532c        -       0x00000014   Zero   RW         1855    .bss.xDelayedTaskList2  tasks.o
    0x20005340        -       0x00000004   Zero   RW         2046    .bss.xFreeBytesRemaining  heap_4.o
    0x20005344        -       0x00000200   Zero   RW           62    .bss.xIdleStack     freertos.o
    0x20005544        -       0x00000004   Zero   RW         1848    .bss.xIdleTaskHandle  tasks.o
    0x20005548        -       0x00000060   Zero   RW           61    .bss.xIdleTaskTCBBuffer  freertos.o
    0x200055a8        -       0x00000004   Zero   RW         2048    .bss.xMinimumEverFreeBytesRemaining  heap_4.o
    0x200055ac        -       0x00000004   Zero   RW         1849    .bss.xNextTaskUnblockTime  tasks.o
    0x200055b0        -       0x00000004   Zero   RW         1852    .bss.xNumOfOverflows  tasks.o
    0x200055b4        -       0x00000004   Zero   RW         2049    .bss.xNumberOfSuccessfulAllocations  heap_4.o
    0x200055b8        -       0x00000004   Zero   RW         2050    .bss.xNumberOfSuccessfulFrees  heap_4.o
    0x200055bc        -       0x00000004   Zero   RW         1851    .bss.xPendedTicks   tasks.o
    0x200055c0        -       0x00000014   Zero   RW         1847    .bss.xPendingReadyList  tasks.o
    0x200055d4        -       0x00000040   Zero   RW         1665    .bss.xQueueRegistry  queue.o
    0x20005614        -       0x00000004   Zero   RW         1841    .bss.xSchedulerRunning  tasks.o
    0x20005618        -       0x00000008   Zero   RW         2047    .bss.xStart         heap_4.o
    0x20005620        -       0x00000014   Zero   RW         1846    .bss.xSuspendedTaskList  tasks.o
    0x20005634        -       0x00000014   Zero   RW         1838    .bss.xTasksWaitingTermination  tasks.o
    0x20005648        -       0x00000004   Zero   RW         1843    .bss.xTickCount     tasks.o
    0x2000564c        -       0x00000004   Zero   RW         1900    .bss.xTimerQueue    timers.o
    0x20005650        -       0x00000400   Zero   RW           64    .bss.xTimerStack    freertos.o
    0x20005a50        -       0x00000004   Zero   RW         1901    .bss.xTimerTaskHandle  timers.o
    0x20005a54        -       0x00000060   Zero   RW           63    .bss.xTimerTaskTCBBuffer  freertos.o
    0x20005ab4        -       0x00000004   Zero   RW         1850    .bss.xYieldPending  tasks.o
    0x20005ab8        -       0x00000200   Zero   RW            2    HEAP                startup_stm32f40_41xxx.o
    0x20005cb8        -       0x00000400   Zero   RW            1    STACK               startup_stm32f40_41xxx.o


    Execution Region RW_IRAM2 (Exec base: 0x2001c000, Load base: 0x0800ef50, Size: 0x00000000, Max: 0x00004000, ABSOLUTE)

    **** No section assigned to this execution region ****


==============================================================================

Image component sizes


      Code (inc. data)   RO Data    RW Data    ZI Data      Debug   Object Name

      2930         52          0          9        393      19222   ahrs.o
       292          8          0          0          6       2972   ak8975.o
      1816         36          0          0          0       8335   bmi088_1.o
        10          0          0          0          4       1139   buzzer_proc.o
       120          0          0          0          0      24591   cmsis_os.o
       140          0          0          0          0       3509   dma.o
      1172          0          0          0         18      20997   flash_proc.o
         8          0          0          0          4       1128   flow_proc.o
       732        140        282          0       1728       3906   freertos.o
       338          0          0          0          0       2303   gpio.o
       664          0          0          0      15389       5041   heap_4.o
       212          0          0          0         84       7170   i2c.o
         8          0          0          0          4       1122   key_proc.o
       242          4          0          0         10       3807   led_proc.o
       150          0          0          0          0       2227   list.o
       200          4          0          0          0       1726   lowpassfilter.o
       826          0          0          0        900       8360   main.o
       912         20          0          0        361       4241   motor_proc.o
      2550        148        141         24          4      17227   oled_proc.o
         0          0       2056          0          0        549   oledfont.o
        16          0          0          0          4       7677   pc_proc.o
       292          8          0          0          0       1927   pid.o
       806         16          0          4          5       4062   port.o
      1398          0          0          0         64      22229   queue.o
      1040          8          0          0        120       5370   sbus_proc.o
       650          0          0          0        464       7797   spi.o
      2586         72          0          0         47      11470   spl06.o
        64         26        392          0       1536        860   startup_stm32f40_41xxx.o
       132          0          0          5          4       7291   stm32f4xx_hal.o
       150          0          0          0          0      10507   stm32f4xx_hal_cortex.o
      1038          4          8          0          0       9793   stm32f4xx_hal_dma.o
       422          0          0          0          0       5064   stm32f4xx_hal_gpio.o
       190          0          0          0          0      13267   stm32f4xx_hal_hcd.o
      3730         16          0          0          0      44816   stm32f4xx_hal_i2c.o
        66          0          0          0          0       3532   stm32f4xx_hal_msp.o
      1432          0          0          0          0       7363   stm32f4xx_hal_rcc.o
      2120          0          0          0          0      23332   stm32f4xx_hal_spi.o
      2882          8          0          0          0      55201   stm32f4xx_hal_tim.o
       264          0          0          0          0      21519   stm32f4xx_hal_tim_ex.o
       142          0          0          0         72       7118   stm32f4xx_hal_timebase_tim.o
      2232          0          0          0          0      27153   stm32f4xx_hal_uart.o
       252          0          0          0          0       9493   stm32f4xx_it.o
       616          0          0          0          0      25456   stm32f4xx_ll_usb.o
        18          0         24          4          0       2650   system_stm32f4xx.o
      3240          8          0          0        304      39169   tasks.o
      2186          0          0          0        648      12083   tim.o
      1152         26          0          0        260      15620   timers.o
         8          0          0          0          4       1359   uart3_ble_proc.o
      1700          0          0          0       1368       9576   usart.o
       174          0          0          0        772       5008   usb_otg.o

    ----------------------------------------------------------------------
     44612        608       2936         52      24612     557334   Object Totals
         0          0         32          0          0          0   (incl. Generated)
       292          4          1          6         35          0   (incl. Padding)

    ----------------------------------------------------------------------

      Code (inc. data)   RO Data    RW Data    ZI Data      Debug   Library Member Name

         8          0          0          0          0         68   __main.o
       312          4         17          0          0         92   __printf_flags_wp.o
        14          0          0          0          0         68   __printf_wp.o
         0          0          0          0          0          0   __rtentry.o
        12          0          0          0          0          0   __rtentry2.o
         6          0          0          0          0          0   __rtentry4.o
        52          8          0          0          0          0   __scatter.o
        26          0          0          0          0          0   __scatter_copy.o
        28          0          0          0          0          0   __scatter_zi.o
         6          0          0          0          0          0   _printf_c.o
        44          0          0          0          0        108   _printf_char.o
        48          6          0          0          0         96   _printf_char_common.o
         6          0          0          0          0          0   _printf_d.o
       120         16          0          0          0         92   _printf_dec.o
         6          0          0          0          0          0   _printf_f.o
      1052          0          0          0          0        148   _printf_fp_dec.o
       128         16          0          0          0         84   _printf_fp_infnan.o
       178          0          0          0          0         88   _printf_intcommon.o
         0          0          0          0          0          0   _printf_percent.o
         4          0          0          0          0          0   _printf_percent_end.o
        82          0          0          0          0         80   _printf_str.o
         6          0          0          0          0          0   _printf_u.o
        22          0          0          0          0        100   _rserrno.o
        10          0          0          0          0         68   _sputc.o
        16          0          0          0          0         68   aeabi_memset4.o
       228          4        148          0          0         96   bigflt0.o
      1936        128          0          0          0        668   btod.o
        18          0          0          0          0         80   exit.o
         6          0          0          0          0        152   heapauxi.o
         0          0          0          0          0          0   indicate_semi.o
        44         10         28          0          0         76   lc_numeric_c.o
         2          0          0          0          0          0   libinit.o
        22          0          0          0          0          0   libinit2.o
         2          0          0          0          0          0   libshutdown.o
         2          0          0          0          0          0   libshutdown2.o
         8          4          0          0         96         68   libspace.o
       138          0          0          0          0         80   lludiv10.o
       240          0          0          0          0        100   lludivv7m.o
        40          6          0          0          0         84   noretval__2sprintf.o
         8          4          0          0          0         68   rt_errno_addr_intlibspace.o
         8          4          0          0          0         68   rt_locale_intlibspace.o
        78          0          0          0          0         80   rt_memclr_w.o
       138          0          0          0          0         68   rt_memcpy_v6.o
       100          0          0          0          0         80   rt_memcpy_w.o
         2          0          0          0          0          0   rtexit.o
        10          0          0          0          0          0   rtexit2.o
       124          0          0          0          0         88   strcmpv7em.o
        12          4          0          0          0         68   sys_exit.o
        74          0          0          0          0         80   sys_stackheap_outer.o
         2          0          0          0          0         68   use_no_semi.o
        24          0          0          0          0        164   basic.o
        98          4          0          0          0        140   d2f.o
       834         16          0          0          0        516   daddsub_clz.o
       692        140          0          0          0        264   ddiv.o
        94          4          0          0          0        140   dfix.o
        84          0          0          0          0        232   dflt_clz.o
       340         12          0          0          0        152   dmul.o
       156          4          0          0          0        140   dnaninf.o
        12          0          0          0          0        116   dretinf.o
       408         56          0          0          0        168   dsqrt_umaal.o
        86          4          0          0          0        132   f2d.o
       140          4          0          0          0        132   fnaninf.o
        26          0          0          0          0        116   fpinit.o
        10          0          0          0          0        116   fretinf.o
         4          0          0          0          0        116   printf1.o
         0          0          0          0          0          0   usenofp.o
       300         42          0          0          0        176   asinf.o
       728        106        152          0          0        228   atan.o
       684         90          0          0          0        208   atan2f.o
       200         20          0          0          0        164   cos.o
       368         46         48          0          0        200   cos_i.o
        84         16          0          0          0        372   dunder.o
        24          0          0          0          0        124   fabs.o
        48          0          0          0          0        124   fpclassify.o
        38          0          0          0          0        116   fpclassifyf.o
        44         12          0          0          0        464   funder.o
       248          0          0          0          0        152   poly.o
      1080        142        204          0          0        188   rred.o
       200         20          0          0          0        164   sin.o
       304         24         40          0          0        208   sin_i.o
       122          0          0          0          0        148   sqrt.o
        62          0          0          0          0        136   sqrtf.o

    ----------------------------------------------------------------------
     13014        984        646          0         96       9048   Library Totals
        44          8          9          0          0          0   (incl. Padding)

    ----------------------------------------------------------------------

      Code (inc. data)   RO Data    RW Data    ZI Data      Debug   Library Name

      5428        214        193          0         96       3232   c_w.l
      3008        244          0          0          0       2644   fz_wm.l
      4534        518        444          0          0       3172   m_wm.l

    ----------------------------------------------------------------------
     13014        984        646          0         96       9048   Library Totals

    ----------------------------------------------------------------------

==============================================================================


      Code (inc. data)   RO Data    RW Data    ZI Data      Debug   

     57626       1592       3582         52      24708     559974   Grand Totals
     57626       1592       3582         52      24708     559974   ELF Image Totals
     57626       1592       3582         52          0          0   ROM Totals

==============================================================================

    Total RO  Size (Code + RO Data)                61208 (  59.77kB)
    Total RW  Size (RW Data + ZI Data)             24760 (  24.18kB)
    Total ROM Size (Code + RO Data + RW Data)      61260 (  59.82kB)

==============================================================================

